Listing 'src'...
Listing 'src/adapters'...
Listing 'src/adapters/brokers'...
Listing 'src/adapters/brokers/ibkr'...
Listing 'src/broker'...
Listing 'src/brokers'...
Listing 'src/cli'...
Listing 'src/config'...
Listing 'src/core'...
Listing 'src/core/managers'...
Listing 'src/core_engine'...
Listing 'src/data'...
Listing 'src/docs'...
Listing 'src/domain'...
Listing 'src/domain/models'...
Listing 'src/events'...
Listing 'src/execution'...
Listing 'src/ibkr'...
Listing 'src/learning'...
Listing 'src/market_data'...
Listing 'src/models'...
Listing 'src/news'...
Listing 'src/output'...
Listing 'src/output/watchlists'...
Listing 'src/patterns'...
Listing 'src/performance'...
Listing 'src/prep'...
Listing 'src/regime'...
Listing 'src/risk'...
Listing 'src/scanner'...
Listing 'src/scanner/docs'...
Listing 'src/scanner/output'...
Listing 'src/scanner/output/watchlists'...
Listing 'src/scanner/providers'...
Listing 'src/signals'...
Listing 'src/signals/impl'...
Listing 'src/sim'...
Listing 'src/storage'...
Listing 'src/strategies'...
Listing 'src/strategies/common'...
Listing 'src/strategies/common/candles'...
Listing 'src/strategies/early_entry_momentum'...
Listing 'src/strategies/long_horizon_value'...
Listing 'src/strategies/long_horizon_value/contracts'...
Listing 'src/strategies/mean_reversion'...
Listing 'src/strategies/mean_reversion/governance'...
Listing 'src/strategies/mean_reversion/tests'...
Compiling 'src/strategies/mean_reversion/tests/test_adapter_mapping.py'...
Listing 'src/strategies/ross_momentum'...
Listing 'src/strategies/ross_momentum/patterns'...
Listing 'src/strategies/ross_momentum/reports'...
Listing 'src/strategies/statistical_intraday_momentum'...
Listing 'src/strategies/statistical_intraday_momentum/signal_engine'...
Listing 'src/strategy'...
Listing 'src/strategy_portfolio'...
Listing 'src/strategy_portfolio/adapters'...
Listing 'src/tests'...
Listing 'src/tools'...
Listing 'src/utils'...
