[CONFIG] Loaded 149 variables
[CONFIG] HARD enforced: 30
[CONFIG] Optional: 118
[CONFIG] Scanner symbol cap: 50 (source=DEFAULT)
[CONFIG] Market data snapshot cap: 50 (source=DEFAULT)
[CONFIG] No ambiguous defaults detected
[IBKR][TRANSLATOR] ibapi dependency missing; translation unavailable.
[BOOT] Starting the IBKR Trading System skeleton.
[PHASE] PHASE 4 — Minimal Live-Capable System (Teaching-First).
[INTENT] Demonstrate a clean, observable entry point without trading logic.
[CONFIG] Baseline teaching defaults (pre-resolution):
  - RUN_MODE: LIVE (baseline)
  - EVENT_REPLAY_MODE: CYCLE (baseline)
[CONFIG] Resolved runtime configuration (authoritative):
  - RUN_MODE: LIVE (resolved)
  - EVENT_REPLAY_MODE: OFF (resolved; forced OFF in live-like modes for safety)
[CONFIG] Runtime mode manager: mode=LIVE live_like=True allow_orders=True max_shares_per_order=None event_replay=OFF
[STARTUP] EVENT_REPLAY_MODE forced OFF for live-like modes
  - CYCLE_SLEEP_SECONDS: 3
  - ACTIVE_SESSIONS: PRE, RTH, AH
[STARTUP] Runtime banner
[STARTUP] Run mode: LIVE
[STARTUP] Event replay: OFF
[STARTUP] Active sessions: PRE, RTH, AH
[STARTUP] Execution flags
  - EXECUTION_ENABLED: False
  - IBKR_READONLY_ENABLED: False
  - IBKR_ORDER_TRANSLATION_ENABLED: False
  - IBKR_ORDER_SUBMISSION_ENABLED: False
[STARTUP] Risk profile guardrails
  - RISK_PROFILE: NORMAL
[STARTUP] Broker connectivity
  - IBKR_HOST: 127.0.0.1
  - IBKR_PORT: 7497
  - IBKR_CLIENT_ID: 7
  - IBKR_MARKET_DATA_TYPE: DELAYED
[STARTUP] Storage
  - SQLITE_PATH: /workspace/ibkr-trading-system/data/ibkr_system.db
  - SCHEMA_VERSION: 5
  - DB_EXISTS: Y
  - IBKR_READONLY_ENABLED: False
  - IBKR_API_WRITE_ALLOWED: True
  - EXECUTION_ENABLED: False
  - IBKR_HOST: 127.0.0.1
  - IBKR_PORT: 7497
  - IBKR_CLIENT_ID: 7
  - IBKR_SNAPSHOT_TIMEOUT_SECONDS: 5
  - IBKR_MARKET_DATA_TYPE: DELAYED
  - IBKR_MAX_SYMBOLS_PER_CYCLE: 50
  - SCANNER_MODE: LIVE_READONLY
  - SCANNER_SYMBOLS: []
  - INTENT_DEDUP_SELFTEST_ENABLED: False
  - ADAPTIVE_REGIME_LAYER_ENABLED: False
  - ADAPTIVE_REGIME_POLICY_ENABLED: False
  - IBKR_ORDER_TRANSLATION_ENABLED: False
  - IBKR_DEFAULT_EXCHANGE: SMART
  - IBKR_DEFAULT_CURRENCY: USD
[SAFETY] IBKR API WRITE: ENABLED
[SAFETY] EXECUTION: HARD DISABLED
[SAFETY] ORDER ROUTING: BLOCKED
[SAFETY] MARKET DATA: LIVE IBKR
[CONFIG][VALIDATION] Running execution guard self-test
[CONFIG][VALIDATION] Execution guard enforced
[INFO] Core Orchestrator initialised.
[BOOT] Runtime mode resolved: mode=LIVE live_like=True allow_orders=True max_shares_per_order=None event_replay=OFF
[BOOT] EventCollector initialised
[BOOT] PatternEngine instantiated — Ross Momentum pattern suite enabled
[BOOT] SignalEngineV1 instantiated
[BOOT] Strategy 'GapAndGoStrategy' ENABLED via config and registered.
[BOOT] Strategy 'MomentumContinuationStrategy' ENABLED via config and registered.
[BOOT] Strategy 'RossMomentumStrategyV1' ENABLED via config and registered.
[BOOT][STRATEGY] StatisticalIntradayMomentum enabled=False selected=False reason=STATISTICAL_INTRADAY_MOMENTUM_STRATEGY_ENABLED=False
[BOOT] Strategy 'StatisticalIntradayMomentum' DISABLED via config (STATISTICAL_INTRADAY_MOMENTUM_STRATEGY_ENABLED=False); skipping.
[BOOT][STRATEGY] Set STATISTICAL_INTRADAY_MOMENTUM_STRATEGY_ENABLED=True to enable.
[BOOT][STRATEGY] MeanReversionStrategy enabled=False selected=False reason=MEAN_REVERSION_STRATEGY_ENABLED=False
[BOOT] Strategy 'MeanReversionStrategy' DISABLED via config (MEAN_REVERSION_STRATEGY_ENABLED=False); skipping.
[BOOT] StrategyRunner instantiated with strategies: GapAndGoStrategy, MomentumContinuationStrategy, RossMomentumStrategyV1
[BOOT] RiskEngine instantiated — phase 4 teaching rules active
[EXECUTION][WARN] IBKR live broker unavailable; forcing execution disabled for safety.
[BOOT] ExecutionEngine instantiated — broker-routed deterministic flow
[SAFETY] EXECUTION: HARD DISABLED
[EXECUTION] Gateway: DISABLED
[EXECUTION] Liquidity checks: DISABLED
[EXECUTION] Broker submission: DISABLED
[STORAGE] SQLite path resolved to /workspace/ibkr-trading-system/data/ibkr_system.db
[BOOT] StorageEngine initialised
[BOOT] Event replay mode resolved — mode=OFF
[VALIDATION] Running startup validations
[VALIDATION] Config resolved
[VALIDATION] Effective run mode: LIVE
[VALIDATION] Scanner mode resolved: LIVE_READONLY
[VALIDATION] Scanner data source: IBKR
[VALIDATION] Execution policy: HARD DISABLED
[VALIDATION] Market data source: IBKR
[VALIDATION] IBKR API WRITE: ENABLED
[VALIDATION] EXECUTION: HARD DISABLED
[VALIDATION] ORDER ROUTING: BLOCKED
[VALIDATION] MARKET DATA: LIVE IBKR
[VALIDATION] Broker adapter in use: NONE
[VALIDATION] Storage OK — SQLite opened
[LEARNING][SCHEDULER] Learning disabled; skipping startup report.
[LOOP] Entering continuous run loop. Press Ctrl+C to stop safely.
[CYCLE] Starting orchestrator cycle.
[TRACE] stage=MARKET_SESSION cycle_id=158f0fcf-43ab-42cf-8ccf-2a67ecb2a837 run_mode=LIVE strategy=ross_momentum 
[SESSION] Detected market session: AH
[SESSION] System WOULD consider trading allowed in this session (teaching-only).
[SAFETY] RUN_MODE and session allow safe progression to orchestrator.run_once().
[INFO] Starting orchestrator cycle (teaching-only).
[SESSION] phase=CLOSED ny_time=2026-02-13T19:48:05.226865-05:00 uk_time=2026-02-14T00:48:05.226865+00:00 utc=2026-02-14T00:48:05.226865+00:00
[RUNTIME] mode=LIVE live_like=True allow_orders=True max_shares_per_order=None event_replay=OFF
[ORCH][SCANNER_REQUEST] strategy=ross_momentum policy=ROSS_MOMENTUM instrument=STK locationCode=STK.US.MAJOR scanCode=TOP_PERC_GAIN numberOfRows=150 abovePrice=1.0 belowPrice=20.0
[IBKR][CONNECT] attempt=1 host=127.0.0.1 port=7497 client_id=8
[IBKR][MD] Connecting host=127.0.0.1 port=7497 client_id=8
[IBKR][CONNECT][WARN] connection failed; backoff=1s reason=[Errno 111] Connect call failed ('127.0.0.1', 7497)
[IBKR][CONNECT] attempt=2 host=127.0.0.1 port=7497 client_id=7
[IBKR][MD] Connecting host=127.0.0.1 port=7497 client_id=7
[IBKR][CONNECT][WARN] connection failed; backoff=2s reason=[Errno 111] Connect call failed ('127.0.0.1', 7497)
[IBKR][CONNECT] attempt=3 host=127.0.0.1 port=7497 client_id=9
[IBKR][MD] Connecting host=127.0.0.1 port=7497 client_id=9
[IBKR][CONNECT][WARN] connection failed; backoff=4s reason=[Errno 111] Connect call failed ('127.0.0.1', 7497)
[IBKR][CONNECT] attempt=4 host=127.0.0.1 port=7497 client_id=10
[IBKR][MD] Connecting host=127.0.0.1 port=7497 client_id=10
[IBKR][CONNECT][WARN] connection failed; backoff=8s reason=[Errno 111] Connect call failed ('127.0.0.1', 7497)
[IBKR][CONNECT] attempt=5 host=127.0.0.1 port=7497 client_id=11
[IBKR][MD] Connecting host=127.0.0.1 port=7497 client_id=11
[IBKR][CONNECT][WARN] connection failed; backoff=8s reason=[Errno 111] Connect call failed ('127.0.0.1', 7497)
STATE=DEGRADED
[CONNECTIVITY] IBKR connection failed: IBKR connection failed after clientId retries. host=127.0.0.1 port=7497 base_client_id=7
[TRACE] stage=HALT cycle_id=073c786e-ebe9-40e1-b59b-68a347f8c22c run_mode=LIVE strategy=ross_momentum reason_code=CONNECTIVITY_FAILURE message=IBKR connection failed after clientId retries. host=127.0.0.1 port=7497 base_client_id=7
[SCANNER] MODE=integrated SESSION=OVN
[SCANNER][POLICY] source=STRATEGY policy_name=ROSS_MOMENTUM price=1.0-20.0 gap_min=10.0 rvol_min=5.0 float_max_millions=20.0 spread_max_pct=None watchlist_k=15 focus_m=5
[SCANNER][ENTRY] strategy=ROSS_MOMENTUM requested_top_n=150 watchlist_k=15 focus_m=5 universe=IBKR_TOP_GAINERS scan_code=TOP_PERC_GAIN instrument=STK location=STK.US.MAJOR above_price=1.0 below_price=20.0
[IBKR][MD] Connecting host=127.0.0.1 port=7497 client_id=7
STATE=DEGRADED
[SCANNER][PROVIDER] provider=IBKR fallback_reason=[Errno 111] Connect call failed ('127.0.0.1', 7497)
[SCANNER][LIMITS] Symbol limits (value/source/env)
[SCANNER][LIMITS] IBKR_MAX_SYMBOLS_PER_CYCLE=50 source=DEFAULT env=-
[SCANNER][LIMITS] SCANNER_TEACHING_SYMBOL_CAP=0 source=DEFAULT env=-
[SCANNER][LIMITS] Policy caps top_gainers_n=150 watchlist_k=15 focus_m=5 max_symbols_per_cycle=50
[SCANNER][LIMITS] Resolved symbol request limit=50 reductions=['policy_max_symbols(50)']
[SCANNER][LIMITS] Focus list limit=5
[SCANNER][STAGE] bootstrap
SCANNER_RAW_N=150 returned 0 symbols
[SCANNER][STAGE] gates
AFTER_GATES_SYMBOLS (N=0): []
[SCANNER][STAGE] watchlist
[SCANNER][STAGE] enrich
WATCHLIST_K_SELECTED (K=0): []
[SCANNER][STAGE] print
[SCANNER][SUMMARY] candidates=0 gated=0 watchlist=0 drops={}
[SCANNER][DROP_SUMMARY] topn=0 evaluated=0 dropped=0 reasons={}
[SCANNER][WATCHLIST] session=OVN count=0
[SCANNER][FOCUS] session=OVN count=0
TopN: 0
GatedSurvivors: 0
DropReasons: {}
EMPTY WATCHLIST (valid)
WATCHLIST_K: []
FOCUS_M: []
NEW: []
CONTINUING: []
DROPPED: []
[TRACE] stage=UNIVERSE cycle_id=073c786e-ebe9-40e1-b59b-68a347f8c22c run_mode=LIVE strategy=ross_momentum top_n=0 symbols=[]
[SCANNER][DIAGNOSTICS] Top 50 observations (extended columns)
[SCANNER][DIAGNOSTICS] Watchlist (top 15, same columns preserved)
[SCANNER][DIAGNOSTICS] Drop reasons: none
[TRACE] stage=WATCHLIST cycle_id=073c786e-ebe9-40e1-b59b-68a347f8c22c run_mode=LIVE strategy=ross_momentum watchlist=0 symbols=[]
[TRACE] stage=FOCUS cycle_id=073c786e-ebe9-40e1-b59b-68a347f8c22c run_mode=LIVE strategy=ross_momentum focus=0 symbols=[]
[WATCHLIST] empty watchlist accepted
STRATEGY_RUNNER_RECEIVED K=0 session=CLOSED timestamp_utc=2026-02-14T00:48:28.266222+00:00
[STRATEGY][PROCESS] strategy_key=ross_momentum strategies=3 watchlist=0 session=CLOSED phase=CLOSED
[STRATEGY][PROCESS] Strategy 'GapAndGoStrategy' has no watchlist handler; skipping.
[STRATEGY][PROCESS] Strategy 'MomentumContinuationStrategy' has no watchlist handler; skipping.
[STRATEGY][PROCESS] Strategy 'RossMomentumStrategyV1' has no watchlist handler; skipping.
[CONNECTIVITY] STATE=DEGRADED provider_error=[Errno 111] Connect call failed ('127.0.0.1', 7497) provider_fallback=None
[TRACE] stage=HALT cycle_id=073c786e-ebe9-40e1-b59b-68a347f8c22c run_mode=LIVE strategy=ross_momentum reason_code=SCANNER_CONNECTIVITY message=provider_error=[Errno 111] Connect call failed ('127.0.0.1', 7497) provider_fallback=None
[EXECUTION] Orders allowed — execution path enabled (dry-run).
[TRACE] stage=ACTION cycle_id=073c786e-ebe9-40e1-b59b-68a347f8c22c run_mode=LIVE strategy=ross_momentum intents=0
[STRATEGY] No trade intents generated.
[SLEEP] Sleeping for 3 seconds before next cycle.
[SHUTDOWN] Beginning GRACEFUL shutdown sequence.
[LEARNING][SCHEDULER] Learning disabled; skipping shutdown report.
[EXECUTION] Shutdown requested — placeholder cleanup complete.
[TRADE_EXIT] No active trades to close during shutdown.
[TRADE_EXIT] Shutdown completed — all trades force-closed.
[STORAGE] Shutdown complete.
[EVENT_COLLECTOR] Flushing event summary for shutdown {'total': 9, 'by_type': {'CONFIG_RESOLVED': 1, 'MARKET_SESSION_STATE': 1, 'SCANNER_UNIVERSE_SNAPSHOT': 1, 'RAW_SCAN_SYMBOLS': 1, 'AFTER_GATES_SYMBOLS': 1, 'WATCHLIST_K_SELECTED': 1, 'SCANNER_WATCHLIST_K_READY': 1, 'SHUTDOWN_REQUESTED': 1, 'SHUTDOWN_STARTED': 1}, 'by_source': {'ConfigResolver': 1, 'SystemConfig': 1, 'Scanner': 5, 'CoreOrchestrator': 2}}
[REGISTRY] Verification passed — no active trades remain.
[SHUTDOWN] Exiting gracefully. Goodbye!
