FF                                                                       [100%]
================================== FAILURES ===================================
_ test_explicit_legacy_failure_label_survives_healthy_batch_and_cache_restart[provider_unavailable-unavailable] _

tmp_path = WindowsPath('C:/Users/nelzo/AppData/Local/Temp/pytest-of-nelzo/pytest-295/test_explicit_legacy_failure_l0')
provider_status = 'provider_unavailable', retrieval_status = 'unavailable'

    @pytest.mark.parametrize(("provider_status", "retrieval_status"), [
        ("provider_unavailable", "unavailable"),
        ("provider_request_failure", "provider_error"),
    ])
    def test_explicit_legacy_failure_label_survives_healthy_batch_and_cache_restart(tmp_path, provider_status, retrieval_status):
        class Provider:
            calls = 0
    
            def get_news(self, candidates, request, policy):
                self.calls += 1
                return NewsBatchResult(evidence_by_symbol={"GOOD": (), "BAD": ()}, summaries_by_symbol={
                    "GOOD": NewsEvidenceSummary(symbol="GOOD", retrieval_status="available", provider_available=True),
                    "BAD": NewsEvidenceSummary(symbol="BAD", provider_status=provider_status),
                }, diagnostics=RetrievalDiagnostics(retrieval_status="available", provider_status="available", provider_available=True))
    
        provider = Provider()
        path = tmp_path / "news.json"
        service = _service(path, provider)
        for reader in (service, service, _service(path, provider)):
            result = reader.get_news([NewsCandidate("GOOD"), NewsCandidate("BAD")], REQUEST, POLICY)
>           assert result.summary_for_symbol("BAD").provider_status == provider_status
E           AssertionError: assert 'available' == 'provider_unavailable'
E             
E             - provider_unavailable
E             + available

tests\test_w02_news_consumer_acceptance.py:448: AssertionError
---------------------------- Captured stdout call -----------------------------
[NEWS][RETRIEVAL_DIAGNOSTICS] {"budget_exhausted":false,"cache":{"cache_hit_symbols":[],"cache_miss_symbols":["BAD","GOOD"],"cache_read_error":null,"cache_read_failed":false,"cache_write_error":null,"cache_write_failed":false,"cadence_cache_hit_symbols":[],"prep_read_error":null,"prep_read_failed":false,"prep_reuse_symbols":[],"prep_stale_symbols":[],"read_attempted":true,"read_skipped":false,"stale_cache_miss_symbols":[],"state":"miss","write_attempted":true},"completed_at_utc":"2026-08-21T14:05:00+00:00","elapsed_seconds":null,"network_allowed":true,"provider_available":true,"provider_failure_reason":null,"provider_invoked":true,"provider_status":"available","refresh_allowed":true,"refresh_symbols":["GOOD","BAD"],"request_mode":"incremental","retrieval_status":"available","schema":"news.retrieval_diagnostics.v1","source_groups":[],"sources":[],"sources_attempted":0,"sources_skipped_due_to_budget":0,"started_at_utc":"2026-08-21T14:05:00+00:00","summaries":{"BAD":{"budget_exhausted":false,"cache_state":"miss","evidence_count":0,"fresh_evidence_count":0,"objective_news_status":"no_recent_news","provider_available":true,"provider_status":"available","retrieval_status":"available","retrieval_unavailable":false,"stale_evidence_count":0,"unavailability_reasons":[]},"GOOD":{"budget_exhausted":false,"cache_state":"miss","evidence_count":0,"fresh_evidence_count":0,"objective_news_status":"no_recent_news","provider_available":true,"provider_status":null,"retrieval_status":"available","retrieval_unavailable":false,"stale_evidence_count":0,"unavailability_reasons":[]}},"symbols":["GOOD","BAD"],"tier_budget_seconds":{"extended_budget_reserved_seconds":null,"extended_budget_seconds":null,"fast_budget_seconds":null},"total_budget_seconds":null,"unresolved_symbols":[]}
_ test_explicit_legacy_failure_label_survives_healthy_batch_and_cache_restart[provider_request_failure-provider_error] _

tmp_path = WindowsPath('C:/Users/nelzo/AppData/Local/Temp/pytest-of-nelzo/pytest-295/test_explicit_legacy_failure_l1')
provider_status = 'provider_request_failure'
retrieval_status = 'provider_error'

    @pytest.mark.parametrize(("provider_status", "retrieval_status"), [
        ("provider_unavailable", "unavailable"),
        ("provider_request_failure", "provider_error"),
    ])
    def test_explicit_legacy_failure_label_survives_healthy_batch_and_cache_restart(tmp_path, provider_status, retrieval_status):
        class Provider:
            calls = 0
    
            def get_news(self, candidates, request, policy):
                self.calls += 1
                return NewsBatchResult(evidence_by_symbol={"GOOD": (), "BAD": ()}, summaries_by_symbol={
                    "GOOD": NewsEvidenceSummary(symbol="GOOD", retrieval_status="available", provider_available=True),
                    "BAD": NewsEvidenceSummary(symbol="BAD", provider_status=provider_status),
                }, diagnostics=RetrievalDiagnostics(retrieval_status="available", provider_status="available", provider_available=True))
    
        provider = Provider()
        path = tmp_path / "news.json"
        service = _service(path, provider)
        for reader in (service, service, _service(path, provider)):
            result = reader.get_news([NewsCandidate("GOOD"), NewsCandidate("BAD")], REQUEST, POLICY)
>           assert result.summary_for_symbol("BAD").provider_status == provider_status
E           AssertionError: assert 'available' == 'provider_request_failure'
E             
E             - provider_request_failure
E             + available

tests\test_w02_news_consumer_acceptance.py:448: AssertionError
---------------------------- Captured stdout call -----------------------------
[NEWS][RETRIEVAL_DIAGNOSTICS] {"budget_exhausted":false,"cache":{"cache_hit_symbols":[],"cache_miss_symbols":["BAD","GOOD"],"cache_read_error":null,"cache_read_failed":false,"cache_write_error":null,"cache_write_failed":false,"cadence_cache_hit_symbols":[],"prep_read_error":null,"prep_read_failed":false,"prep_reuse_symbols":[],"prep_stale_symbols":[],"read_attempted":true,"read_skipped":false,"stale_cache_miss_symbols":[],"state":"miss","write_attempted":true},"completed_at_utc":"2026-08-21T14:05:00+00:00","elapsed_seconds":null,"network_allowed":true,"provider_available":true,"provider_failure_reason":null,"provider_invoked":true,"provider_status":"available","refresh_allowed":true,"refresh_symbols":["GOOD","BAD"],"request_mode":"incremental","retrieval_status":"available","schema":"news.retrieval_diagnostics.v1","source_groups":[],"sources":[],"sources_attempted":0,"sources_skipped_due_to_budget":0,"started_at_utc":"2026-08-21T14:05:00+00:00","summaries":{"BAD":{"budget_exhausted":false,"cache_state":"miss","evidence_count":0,"fresh_evidence_count":0,"objective_news_status":"no_recent_news","provider_available":true,"provider_status":"available","retrieval_status":"available","retrieval_unavailable":false,"stale_evidence_count":0,"unavailability_reasons":[]},"GOOD":{"budget_exhausted":false,"cache_state":"miss","evidence_count":0,"fresh_evidence_count":0,"objective_news_status":"no_recent_news","provider_available":true,"provider_status":null,"retrieval_status":"available","retrieval_unavailable":false,"stale_evidence_count":0,"unavailability_reasons":[]}},"symbols":["GOOD","BAD"],"tier_budget_seconds":{"extended_budget_reserved_seconds":null,"extended_budget_seconds":null,"fast_budget_seconds":null},"total_budget_seconds":null,"unresolved_symbols":[]}
=========================== short test summary info ===========================
FAILED tests/test_w02_news_consumer_acceptance.py::test_explicit_legacy_failure_label_survives_healthy_batch_and_cache_restart[provider_unavailable-unavailable]
FAILED tests/test_w02_news_consumer_acceptance.py::test_explicit_legacy_failure_label_survives_healthy_batch_and_cache_restart[provider_request_failure-provider_error]
2 failed, 27 deselected in 8.36s
