F......FFF.FFFF                                                          [100%]
================================== FAILURES ===================================
_ test_historical_positive_batch_survives_prep_serialization_warm_restart_and_explicit_refresh _

monkeypatch = <_pytest.monkeypatch.MonkeyPatch object at 0x000002478F2EFCE0>
tmp_path = WindowsPath('C:/Users/nelzo/AppData/Local/Temp/pytest-of-nelzo/pytest-274/test_historical_positive_batch0')
offline_clock = <class 'test_w02_news_consumer_acceptance.offline_clock.<locals>.Clock'>

    def test_historical_positive_batch_survives_prep_serialization_warm_restart_and_explicit_refresh(
        monkeypatch, tmp_path, offline_clock,
    ):
        calls = _rss_fixture(monkeypatch)
        candidates = [NewsCandidate("IPDN", company_name="Professional Diversity Network, Inc.", aliases=("PDN",)),
                      NewsCandidate("EGG")]
        path = tmp_path / "news.json"
        service = _service(path)
        cold = service.get_news(candidates, REQUEST, POLICY)
        article = cold.evidence_for_symbol("IPDN")[0]
        assert article.headline == IPDN_TITLE and article.summary == IPDN_SUMMARY and article.url == IPDN_URL
        assert article.published_at == FIXTURE_PUBLICATION and article.age_seconds == 300
        assert article.match_type == "ticker_token" and article.matched_field == "summary"
        assert cold.evidence_for_symbol("EGG") == ()
        assert len(calls) == len(set(calls)) == len(get_source_group_urls("FAST_TRADING"))
        assert _ross(cold)[1]["IPDN"].status.value == "CONFIRMED"
        assert _ross(cold)[1]["EGG"].status.value == "ABSENT"
    
        offline_clock.current += timedelta(minutes=10)
        for reader in (service, _service(path)):
            warm = reader.get_news(candidates, REQUEST, POLICY)
>           assert warm.diagnostics.diagnostics["cadence_cache_hit_symbols"] == ["IPDN", "EGG"]
E           AssertionError: assert [] == ['IPDN', 'EGG']
E             
E             Right contains 2 more items, first extra item: 'IPDN'
E             Use -v to get more diff

tests\test_w02_news_consumer_acceptance.py:141: AssertionError
---------------------------- Captured stdout call -----------------------------
[CONFIG][RESOLVE] key=RUN_MODE source=DEFAULT value='LIVE'
[CONFIG][RESOLVE] key=EVENT_REPLAY_MODE source=DEFAULT value='CYCLE'
[CONFIG][RESOLVE] key=AUTONOMOUS_CERTIFICATION_ENABLED source=DEFAULT value=True
[CONFIG][RESOLVE] key=EXECUTION_ENABLED source=DEFAULT value=False
[CONFIG][RESOLVE] key=FORCE_EXECUTION_ON_TRADE_READY source=DEFAULT value=True
[CONFIG][RESOLVE] key=FORCE_RISK_APPROVAL_FOR_TRADE_READY source=DEFAULT value=True
[CONFIG][RESOLVE] key=FORCE_CLEAN_START source=DEFAULT value=False
[CONFIG][RESOLVE] key=CLEAN_START_TIMEOUT_SECONDS source=DEFAULT value=120
[CONFIG][RESOLVE] key=PREMARKET_MIN_VOLUME source=DEFAULT value=2000
[CONFIG][RESOLVE] key=RTH_MIN_VOLUME source=DEFAULT value=10000
[CONFIG][RESOLVE] key=RISK_PROFILE source=DEFAULT value='NORMAL'
[CONFIG][RESOLVE] key=RISK_ACCOUNT_EQUITY source=DEFAULT value=100000.0
[CONFIG][RESOLVE] key=IBKR_READONLY_ENABLED source=DEFAULT value=True
[CONFIG][RESOLVE] key=IBKR_API_WRITE_ALLOWED source=DEFAULT value=True
[CONFIG][RESOLVE] key=INTENT_DEDUP_SELFTEST_ENABLED source=DEFAULT value=False
[CONFIG][RESOLVE] key=LEARNING_ENABLED source=DEFAULT value=True
[CONFIG][RESOLVE] key=LEARNING_LIVE_ENABLED source=DEFAULT value=False
[CONFIG][RESOLVE] key=ADAPTIVE_REGIME_LAYER_ENABLED source=DEFAULT value=False
[CONFIG][RESOLVE] key=ADAPTIVE_REGIME_POLICY_ENABLED source=DEFAULT value=False
[CONFIG][RESOLVE] key=ADAPTIVE_REGIME_MIN_CONFIDENCE_TO_APPLY source=DEFAULT value=0.65
[CONFIG][RESOLVE] key=ADAPTIVE_REGIME_STRATEGY_WEIGHTING_MODE source=DEFAULT value='OFF'
[CONFIG][RESOLVE] key=ADAPTIVE_REGIME_MAX_RISK_MULTIPLIER source=DEFAULT value=1.0
[CONFIG][RESOLVE] key=ADAPTIVE_REGIME_MIN_RISK_MULTIPLIER source=DEFAULT value=0.25
[CONFIG][RESOLVE] key=ADAPTIVE_REGIME_ALLOWED_SESSIONS source=DEFAULT value=['RTH']
[CONFIG][RESOLVE] key=ADAPTIVE_REGIME_FEATURE_SET source=DEFAULT value='BASIC'
[CONFIG][RESOLVE] key=ADAPTIVE_REGIME_BASELINE_WINDOW source=DEFAULT value=60
[CONFIG][RESOLVE] key=ADAPTIVE_REGIME_EWMA_ALPHA source=DEFAULT value=0.2
[CONFIG][RESOLVE] key=ADAPTIVE_REGIME_LOG_LEVEL source=DEFAULT value='INFO'
[CONFIG][RESOLVE] key=ADAPTIVE_REGIME_ALLOWED_RISK_MULTIPLIERS source=DEFAULT value=[0.0, 0.25, 0.5, 0.75, 1.0]
[CONFIG][RESOLVE] key=ADAPTIVE_REGIME_ALLOWED_STRATEGY_WEIGHTS source=DEFAULT value=[0.0, 0.25, 0.5, 0.75, 1.0]
[CONFIG][RESOLVE] key=IBKR_HOST source=DEFAULT value='127.0.0.1'
[CONFIG][RESOLVE] key=IBKR_PORT source=DEFAULT value=7497
[CONFIG][RESOLVE] key=IBKR_CLIENT_ID source=DEFAULT value=7
[CONFIG][RESOLVE] key=IBKR_MARKET_DATA_TYPE source=DEFAULT value='DELAYED'
[CONFIG][RESOLVE] key=IBKR_SNAPSHOT_TIMEOUT_SECONDS source=DEFAULT value=5
[CONFIG][RESOLVE] key=IBKR_SNAPSHOT_MAX_AGE_SECONDS source=DEFAULT value=15
[CONFIG][RESOLVE] key=IBKR_MAX_SYMBOLS_PER_CYCLE source=ENV value=50
[CONFIG][RESOLVE] key=IBKR_FALLBACK_ENABLED source=DEFAULT value=False
[CONFIG][RESOLVE] key=IBKR_FALLBACK_SOURCE source=DEFAULT value='STATIC'
[CONFIG][RESOLVE] key=IBKR_AUTO_LOCKDOWN_ENABLED source=DEFAULT value=False
[CONFIG][RESOLVE] key=DEBUG_MARKET_DATA source=DEFAULT value=False
[CONFIG][RESOLVE] key=DEBUG_SCANNER source=DEFAULT value=False
[CONFIG][RESOLVE] key=IBKR_DEFAULT_EXCHANGE source=DEFAULT value='SMART'
[CONFIG][RESOLVE] key=IBKR_DEFAULT_CURRENCY source=DEFAULT value='USD'
[CONFIG][RESOLVE] key=IBKR_ORDER_TRANSLATION_ENABLED source=DEFAULT value=False
[CONFIG][RESOLVE] key=IBKR_ORDER_SUBMISSION_ENABLED source=DEFAULT value=False
[CONFIG][RESOLVE] key=LIVE_EXECUTION_PROBE_MODE source=DEFAULT value=True
[CONFIG][RESOLVE] key=PROBE_SYMBOLS source=DEFAULT value=['UGRO']
[CONFIG][RESOLVE] key=PROBE_ORDER_SIZE source=DEFAULT value=1
[CONFIG][RESOLVE] key=PROBE_HOLD_SECONDS source=DEFAULT value=60
[CONFIG][RESOLVE] key=IBKR_KILL_SWITCH source=DEFAULT value=True
[CONFIG][RESOLVE] key=IBKR_MAX_ORDERS_PER_RUN source=DEFAULT value=1
[CONFIG][RESOLVE] key=IBKR_SUBMIT_ONLY_SYMBOL source=DEFAULT value=None
[CONFIG][RESOLVE] key=IBKR_PAPER_ONLY_ENFORCED source=DEFAULT value=True
[CONFIG][RESOLVE] key=IBKR_PAPER_HOST source=DEFAULT value='127.0.0.1'
[CONFIG][RESOLVE] key=IBKR_PAPER_PORT source=DEFAULT value=7497
[CONFIG][RESOLVE] key=IBKR_LIVE_PORT source=DEFAULT value=7496
[CONFIG][RESOLVE] key=IBKR_ACK_TIMEOUT_SECONDS source=DEFAULT value=10
[CONFIG][RESOLVE] key=IBKR_CLIENT_ID_ORDER_SUBMIT source=DEFAULT value=9012
[CONFIG][RESOLVE] key=IBKR_GUARD_PERSIST_PATH source=DEFAULT value='runtime/submission_guard.json'
[CONFIG][RESOLVE] key=DAILY_LOSS_WARNING_LIMIT source=DEFAULT value=5.0
[CONFIG][RESOLVE] key=DAILY_LOSS_HARD_LIMIT source=DEFAULT value=10.0
[CONFIG][RESOLVE] key=DAILY_RISK_GOVERNOR_ENABLED source=DEFAULT value=True
[CONFIG][RESOLVE] key=DAILY_RISK_TIMEZONE source=DEFAULT value='America/New_York'
[CONFIG][RESOLVE] key=DAILY_RISK_MAX_LOSS_AMOUNT source=DEFAULT value=10.0
[CONFIG][RESOLVE] key=DAILY_RISK_MAX_LOSS_PCT source=DEFAULT value=0.0
[CONFIG][RESOLVE] key=DAILY_RISK_MAX_DRAWDOWN_AMOUNT source=DEFAULT value=0.0
[CONFIG][RESOLVE] key=DAILY_RISK_MAX_DRAWDOWN_PCT source=DEFAULT value=0.0
[CONFIG][RESOLVE] key=DAILY_RISK_INCLUDE_UNREALIZED source=DEFAULT value=False
[CONFIG][RESOLVE] key=DAILY_RISK_MAX_TRADES source=DEFAULT value=0
[CONFIG][RESOLVE] key=DAILY_RISK_MAX_LOSING_TRADES source=DEFAULT value=0
[CONFIG][RESOLVE] key=DAILY_RISK_MAX_CONSECUTIVE_LOSSES source=DEFAULT value=0
[CONFIG][RESOLVE] key=DAILY_RISK_EXISTING_POSITION_POLICY source=DEFAULT value='MANAGED_ONLY'
[CONFIG][RESOLVE] key=DAILY_RISK_LIVE_FAIL_CLOSED source=DEFAULT value=True
[CONFIG][RESOLVE] key=DAILY_RISK_MANUAL_HALT source=DEFAULT value=False
[CONFIG][RESOLVE] key=DAILY_RISK_RESET_TIME_LOCAL source=DEFAULT value='00:00'
[CONFIG][RESOLVE] key=SCANNER_MODE source=DEFAULT value='TEACHING'
[CONFIG][RESOLVE] key=SCANNER_SYMBOLS source=DEFAULT value=[]
[CONFIG][RESOLVE] key=SCANNER_DEFAULT_SYMBOLS source=DEFAULT value=['AAPL', 'TSLA', 'NVDA', 'AMD', 'SPY']
[CONFIG][RESOLVE] key=SCANNER_DATA_SOURCE source=DEFAULT value='AUTO'
[CONFIG][RESOLVE] key=HISTORICAL_ENRICH_ENABLED source=DEFAULT value=False
[CONFIG][RESOLVE] key=SCANNER_TOP_GAINERS_COUNT source=DEFAULT value=50
[CONFIG][RESOLVE] key=SCANNER_TEACHING_SYMBOL_CAP source=DEFAULT value=0
[CONFIG][RESOLVE] key=TOPN_REFRESH_SECONDS source=DEFAULT value=300
[CONFIG][RESOLVE] key=WATCHLIST_REFRESH_SECONDS source=DEFAULT value=60
[CONFIG][RESOLVE] key=FOCUS_REFRESH_SECONDS source=DEFAULT value=10
[CONFIG][RESOLVE] key=MANUAL_FOCUS_ENABLED source=DEFAULT value=None
[CONFIG][RESOLVE] key=PREP_REFRESH_CLOSED_MIN_SECONDS source=DEFAULT value=7200
[CONFIG][RESOLVE] key=PREP_REFRESH_CLOSED_MAX_SECONDS source=DEFAULT value=21600
[CONFIG][RESOLVE] key=PREP_REFRESH_PRE_MIN_SECONDS source=DEFAULT value=900
[CONFIG][RESOLVE] key=PREP_REFRESH_PRE_MAX_SECONDS source=DEFAULT value=1800
[CONFIG][RESOLVE] key=PREP_REFRESH_REG_MIN_SECONDS source=DEFAULT value=1800
[CONFIG][RESOLVE] key=PREP_REFRESH_REG_MAX_SECONDS source=DEFAULT value=3600
[CONFIG][RESOLVE] key=PREP_REFRESH_AH_MIN_SECONDS source=DEFAULT value=3600
[CONFIG][RESOLVE] key=PREP_REFRESH_AH_MAX_SECONDS source=DEFAULT value=10800
[CONFIG][RESOLVE] key=POSITION_MANAGEMENT_TICK_SECONDS source=DEFAULT value=1
[CONFIG][RESOLVE] key=FOCUS_MAX_SYMBOLS_PER_STRATEGY source=DEFAULT value=5
[CONFIG][RESOLVE] key=WATCHLIST_MAX_SYMBOLS_PER_STRATEGY source=DEFAULT value=15
[CONFIG][RESOLVE] key=TOPN_MAX_SYMBOLS_PER_STRATEGY source=DEFAULT value=50
[CONFIG][RESOLVE] key=SCANNER_WATCHLIST_LIMIT source=DEFAULT value=15
[CONFIG][RESOLVE] key=WATCHLIST_PRINT_EVERY_N_CYCLES source=DEFAULT value=20
[CONFIG][RESOLVE] key=SCANNER_SESSION_WINDOWS_UTC source=DEFAULT value={'PRE_START': 12.0, 'RTH_START': 14.0, 'AFT_START': 21.5, 'AFT_END': 23.0}
[CONFIG][RESOLVE] key=SCANNER_MOCK_SEED source=DEFAULT value=42
[CONFIG][RESOLVE] key=SCANNER_MOCK_SYMBOLS_FILE source=DEFAULT value='src/scanner/mock_universe.txt'
[CONFIG][RESOLVE] key=SCANNER_FLOAT_CACHE_FILE source=DEFAULT value='data/reference/float_cache.json'
[CONFIG][RESOLVE] key=SCANNER_VERSION source=DEFAULT value='v2026-01-04-11'
[CONFIG][RESOLVE] key=SCANNER_GIT_SHA source=DEFAULT value=''
[CONFIG][RESOLVE] key=SHOW_URLS source=DEFAULT value=True
[CONFIG][RESOLVE] key=DISABLE_OSC8 source=DEFAULT value=False
[CONFIG][RESOLVE] key=ROSS_MIN_PCT_CHANGE source=DEFAULT value=10.0
[CONFIG][RESOLVE] key=ROSS_MIN_PRICE source=DEFAULT value=1.0
[CONFIG][RESOLVE] key=ROSS_MAX_PRICE source=DEFAULT value=20.0
[CONFIG][RESOLVE] key=ROSS_MAX_FLOAT source=DEFAULT value=20000000
[CONFIG][RESOLVE] key=ROSS_MIN_RVOL source=DEFAULT value=2.0
[CONFIG][RESOLVE] key=ROSS_PCT_CHANGE_MIN source=DEFAULT value=3.0
[CONFIG][RESOLVE] key=ROSS_RVOL_MIN source=DEFAULT value=0.5
[CONFIG][RESOLVE] key=WATCHLIST_RVOL_MIN source=DEFAULT value=None
[CONFIG][RESOLVE] key=FOCUS_RVOL_MIN source=DEFAULT value=None
[CONFIG][RESOLVE] key=FORCE_DEBUG_TRADES source=DEFAULT value=False
[CONFIG][RESOLVE] key=ROSS_VALIDATION_OVERRIDE_ENABLED source=DEFAULT value=False
[CONFIG][RESOLVE] key=FORCE_PREMARKET_TRIGGER source=DEFAULT value=False
[CONFIG][RESOLVE] key=MAX_SPREAD_PCT source=DEFAULT value=None
[CONFIG][RESOLVE] key=ALLOW_UNKNOWN_FLOAT source=DEFAULT value=False
[CONFIG][RESOLVE] key=ROSS_MIN_VOLUME source=DEFAULT value=1000000
[CONFIG][RESOLVE] key=ROSS_MIN_PREMARKET_VOLUME source=DEFAULT value=100000
[CONFIG][RESOLVE] key=ROSS_REQUIRE_NEWS source=DEFAULT value=True
[CONFIG][RESOLVE] key=NEWS_MAX_AGE_SECONDS source=DEFAULT value=3600
[CONFIG][RESOLVE] key=NEWS_MIN_VELOCITY_10M source=DEFAULT value=1
[CONFIG][RESOLVE] key=NEWS_MIN_REGIONS source=DEFAULT value=1
[CONFIG][RESOLVE] key=NEWS_CACHE_FILE source=OVERRIDE value='C:\\Users\\nelzo\\AppData\\Local\\Temp\\pytest-of-nelzo\\pytest-274\\test_historical_positive_batch0\\default.json'
[CONFIG][RESOLVE] key=NEWS_MAX_AGE_HOURS source=OVERRIDE value=6.0
[CONFIG][RESOLVE] key=NEWS_REFRESH_SECONDS_PREP source=OVERRIDE value=1800
[CONFIG][RESOLVE] key=NEWS_REFRESH_SECONDS_PRE source=DEFAULT value=300
[CONFIG][RESOLVE] key=NEWS_REFRESH_SECONDS_RTH source=DEFAULT value=120
[CONFIG][RESOLVE] key=NEWS_ENABLED source=OVERRIDE value=True
[CONFIG][RESOLVE] key=NEWS_LOOKBACK_HOURS source=OVERRIDE value=6.0
[CONFIG][RESOLVE] key=NEWS_MAX_ENTRIES_PER_SYMBOL source=OVERRIDE value=5
[CONFIG][RESOLVE] key=NEWS_REQUEST_TIMEOUT_S source=DEFAULT value=5
[CONFIG][RESOLVE] key=NEWS_TOTAL_BUDGET_S source=OVERRIDE value=8.0
[CONFIG][RESOLVE] key=NEWS_EXTENDED_TIER_RESERVE_FRACTION source=DEFAULT value=0.35
[CONFIG][RESOLVE] key=VERIFIED_RSS_PATH source=DEFAULT value='verified_rss.txt'
[CONFIG][RESOLVE] key=NEWS_REFRESH_SECONDS source=DEFAULT value=90
[CONFIG][RESOLVE] key=NEWS_MAX_ITEMS_PER_FEED source=DEFAULT value=75
[CONFIG][RESOLVE] key=NEWS_MAX_TOP_HEADLINES source=DEFAULT value=5
[CONFIG][RESOLVE] key=NEWS_DEBUG source=DEFAULT value=False
[CONFIG][RESOLVE] key=CYCLE_SLEEP_SECONDS source=DEFAULT value=3
[CONFIG][RESOLVE] key=ACTIVE_SESSIONS source=DEFAULT value=['PRE', 'RTH', 'AH']
[CONFIG][RESOLVE] key=SESSION_PHASE_OVERRIDE source=DEFAULT value=None
[CONFIG][RESOLVE] key=MARKET_HOLIDAYS source=DEFAULT value=set()
[CONFIG][RESOLVE] key=MARKET_HALF_DAYS source=DEFAULT value=set()
[CONFIG][RESOLVE] key=MARKET_EARLY_CLOSE_TIME source=DEFAULT value=datetime.time(13, 0)
[CONFIG][RESOLVE] key=MARKET_SESSION_WINDOWS_LOCAL source=DEFAULT value={'PRE_START': datetime.time(4, 0), 'REGULAR_START': datetime.time(9, 30), 'REGULAR_END': datetime.time(16, 0), 'AFTER_END': datetime.time(20, 0)}
[CONFIG][RESOLVE] key=PERSISTENCE_ENABLED source=DEFAULT value=True
[CONFIG][RESOLVE] key=PERSISTENCE_BACKEND source=DEFAULT value='sqlite'
[CONFIG][RESOLVE] key=PERSISTENCE_SQLITE_PATH source=DEFAULT value='data/ibkr_system.db'
[CONFIG][RESOLVE] key=PERSISTENCE_JSONL_MIRROR_ENABLED source=DEFAULT value=False
[CONFIG][RESOLVE] key=AUDIT_HASH_CHAIN_ENABLED source=DEFAULT value=True
[CONFIG][RESOLVE] key=AUDIT_VERIFY_ON_START source=DEFAULT value=False
[CONFIG][RESOLVE] key=PERSIST_FLUSH_EACH_CYCLE source=DEFAULT value=True
[CONFIG][RESOLVE] key=APP_VERSION source=DEFAULT value='UNKNOWN'
[CONFIG][RESOLVE] key=GIT_SHA source=DEFAULT value=None
[CONFIG][RESOLVE] key=RISK_STRATEGY_LIMITS source=DEFAULT value={'SCALPER': {'max_trades': 2}, 'MOMENTUM': {'max_trades': 1}}
[CONFIG][RESOLVE] key=STRATEGY_CAPITAL_ALLOCATIONS source=DEFAULT value={}
[CONFIG][RESOLVE] key=STRATEGY_CAPITAL_DEFAULT_ALLOCATION_PCT source=DEFAULT value=0.5
[CONFIG][RESOLVE] key=RISK_MAX_POSITION_SIZE source=DEFAULT value=1
[CONFIG][RESOLVE] key=RISK_MAX_OPEN_POSITIONS source=DEFAULT value=5
[CONFIG][RESOLVE] key=RISK_MAX_TOTAL_EXPOSURE_PCT source=DEFAULT value=15.0
[CONFIG][RESOLVE] key=LIFECYCLE_MAX_PORTFOLIO_EXPOSURE source=DEFAULT value=5000.0
[CONFIG][RESOLVE] key=LIFECYCLE_MAX_POSITION_EXPOSURE source=DEFAULT value=1500.0
[CONFIG][RESOLVE] key=LIFECYCLE_MAX_POSITIONS source=DEFAULT value=5
[CONFIG][RESOLVE] key=LIFECYCLE_MANUAL_KILL_SWITCH source=DEFAULT value=False
[CONFIG][RESOLVE] key=RISK_CONFIDENCE_LOW_THRESHOLD source=DEFAULT value=0.75
[CONFIG][RESOLVE] key=RISK_CONFIDENCE_MEDIUM_THRESHOLD source=DEFAULT value=0.5
[CONFIG][RESOLVE] key=EXECUTION_MAX_ATTEMPTS_BY_TRADER source=DEFAULT value={'SCALPER': 2, 'MOMENTUM': 3, 'DEFAULT': 1}
[CONFIG][RESOLVE] key=ROSS_RISK_MIN_GAP source=DEFAULT value=4.0
[CONFIG][RESOLVE] key=ROSS_RISK_MAX_GAP source=DEFAULT value=20.0
[CONFIG][RESOLVE] key=ROSS_RISK_FLOAT_CEILING source=DEFAULT value=100.0
[CONFIG][RESOLVE] key=ROSS_RISK_RVOL_FLOOR source=DEFAULT value=2.0
[CONFIG][RESOLVE] key=ROSS_RISK_CONFIDENCE_FLOOR source=DEFAULT value=0.6
[CONFIG][RESOLVE] key=ROSS_RISK_COOLDOWN_TICKS source=DEFAULT value=5
[CONFIG][RESOLVE] key=ROSS_RISK_MAX_ATTEMPTS_PER_SYMBOL source=DEFAULT value=2
[CONFIG][RESOLVE] key=MIN_HOLD_TICKS source=DEFAULT value=2
[CONFIG][RESOLVE] key=MAX_HOLD_TICKS source=DEFAULT value=10
[CONFIG][RESOLVE] key=ROSS_ENABLE_ADDITIONAL_HEURISTIC_PATTERNS source=DEFAULT value=False
[CONFIG][RESOLVE] key=ROSS_MOMENTUM_STRATEGY_ENABLED source=DEFAULT value=True
[CONFIG][RESOLVE] key=STATISTICAL_INTRADAY_MOMENTUM_STRATEGY_ENABLED source=DEFAULT value=False
[CONFIG][RESOLVE] key=MEAN_REVERSION_STRATEGY_ENABLED source=DEFAULT value=False
[CONFIG][RESOLVE] key=LONG_HORIZON_VALUE_STRATEGY_ENABLED source=DEFAULT value=False
[CONFIG][RESOLVE] key=E22_STRATEGY_SCALABILITY_ENABLED source=DEFAULT value=False
[CONFIG][RESOLVE] key=E22_MAX_STRATEGIES_PER_CYCLE source=DEFAULT value=20
[CONFIG][RESOLVE] key=E22_MAX_INTENTS_PER_CYCLE source=DEFAULT value=200
[CONFIG][RESOLVE] key=E22_MAX_POSITIONS_PER_CYCLE source=DEFAULT value=50
[CONFIG][RESOLVE] key=E22_SYMBOL_EXCLUSIVITY source=DEFAULT value=True
[CONFIG][RESOLVE] key=E22_STRATEGY_PRIORITY source=DEFAULT value={}
[CONFIG][RESOLVE] key=E22_STRATEGY_MAX_INTENTS source=DEFAULT value={}
[CONFIG][RESOLVE] key=SELECTED_STRATEGY source=DEFAULT value=''
[CONFIG][RESOLVE] key=STRATEGY_POLICY_V2_ENABLED source=DEFAULT value=True
[CONFIG][RESOLVE] key=STRATEGY_POLICY_V2_STRATEGIES source=DEFAULT value={'ross_momentum': True}
[CONFIG][RESOLVE] key=ENABLED_STRATEGIES source=DEFAULT value={'GapAndGoStrategy': True, 'MomentumContinuationStrategy': True, 'EventEarningsReactionStrategy': False, 'EventNewsShockContinuationStrategy': False, 'VolatilityContractionBreakoutStrategy': False, 'VolatilityCarryRiskPremiumStrategy': False, 'PairsDivergenceReversionStrategy': False, 'CrossSectionalRelativeStrengthRotationStrategy': False, 'TimeBasedSeasonalityStrategy': False, 'TrendFollowingClassicStrategy': False, 'LongHorizonQualityCompounderStrategy': False, 'RegimeAdaptiveMetaAllocatorStrategy': False, 'OpeningDriveStrategy': False, 'VwapReclaimStrategy': False, 'PowerHourStrategy': False, 'VolatilityExpansionStrategy': False, 'RangeBoundFadeStrategy': False, 'SupportResistanceChannelStrategy': False}
[CONFIG][RESOLVE] key=IBKR_TRANSLATION_TEST_SYMBOL source=DEFAULT value=''
[CONFIG][RESOLVE] key=IBKR_TRANSLATION_TEST_DIRECTION source=DEFAULT value='LONG'
[CONFIG][RESOLVE] key=IBKR_TRANSLATION_TEST_ORDER_TYPE source=DEFAULT value='MKT'
[CONFIG][RESOLVE] key=IBKR_TRANSLATION_TEST_QUANTITY source=DEFAULT value=1
[CONFIG][RESOLVE] key=IBKR_TRANSLATION_TEST_LIMIT_PRICE source=DEFAULT value=None
[CONFIG][RESOLVE] key=IBKR_TRANSLATION_TEST_TIF source=DEFAULT value='DAY'
[CONFIG][RESOLVE] key=IBKR_TRANSLATION_TEST_CLIENT_ORDER_ID source=DEFAULT value='dry-run-ibkr-translation'
[CONFIG][RESOLVE] key=IBKR_TRANSLATION_TEST_STRATEGY_NAME source=DEFAULT value='DRY_RUN'
[CONFIG][RESOLVE] key=IBKR_TRANSLATION_TEST_TRADER_TYPE source=DEFAULT value='MANUAL'
[CONFIG][RESOLVE] key=IBKR_SMOKE_SYMBOL source=DEFAULT value=''
[CONFIG][RESOLVE] key=FUTURE_NEWS_SENTIMENT_MODEL source=DEFAULT value='PLACEHOLDER'
[CONFIG][RESOLVE] key=FUTURE_EXECUTION_RATE_LIMIT source=DEFAULT value=0
[CONFIG][RESOLVE] key=FUTURE_STORAGE_RETENTION_DAYS source=DEFAULT value=0
[CONFIG] Loaded 216 variables
[CONFIG] HARD enforced: 52
[CONFIG] Optional: 163
[CONFIG] Scanner symbol cap: 50 (source=DEFAULT)
[CONFIG] Market data snapshot cap: 50 (source=ENV)
[CONFIG] No ambiguous defaults detected
[NEWS][RETRIEVAL_DIAGNOSTICS] {"budget_exhausted":false,"cache":{"cache_hit_symbols":[],"cache_miss_symbols":["EGG","IPDN"],"cache_read_error":null,"cache_read_failed":false,"cache_write_error":"TypeError","cache_write_failed":true,"cadence_cache_hit_symbols":[],"prep_read_error":null,"prep_read_failed":false,"prep_reuse_symbols":[],"prep_stale_symbols":[],"read_attempted":true,"read_skipped":false,"stale_cache_miss_symbols":[],"state":"miss","write_attempted":true},"completed_at_utc":"2026-08-21T14:05:00+00:00","elapsed_seconds":0.005800700047984719,"network_allowed":true,"provider_available":true,"provider_failure_reason":null,"provider_invoked":true,"provider_status":"available","refresh_allowed":true,"refresh_symbols":["IPDN","EGG"],"request_mode":"incremental","retrieval_status":"available","schema":"news.retrieval_diagnostics.v1","source_groups":["FAST_TRADING"],"sources":[{"attempted":true,"budget_exhausted":false,"elapsed_seconds":3.300025127828121e-06,"failure_code":null,"http_status":null,"matched_count":0,"provider":"rss_batch","source":"https://www.globenewswire.com/RssFeed","source_group":"FAST_TRADING","source_tier":"fast","status":"available","timed_out":false,"timeout_seconds":3.998163749987725},{"attempted":true,"budget_exhausted":false,"elapsed_seconds":4.999979864805937e-06,"failure_code":null,"http_status":null,"matched_count":0,"provider":"rss_batch","source":"https://www.benzinga.com/feed","source_group":"FAST_TRADING","source_tier":"fast","status":"available","timed_out":false,"timeout_seconds":3.998163749987725},{"attempted":true,"budget_exhausted":false,"elapsed_seconds":1.3999524526298046e-06,"failure_code":null,"http_status":null,"matched_count":1,"provider":"rss_batch","source":"https://www.globenewswire.com/RssFeed/industry/9000-Technology/feedTitle/GlobeNewswire%20-%20Industry%20News%20on%20Technology","source_group":"FAST_TRADING","source_tier":"fast","status":"available","timed_out":false,"timeout_seconds":3.998163749987725},{"attempted":true,"budget_exhausted":false,"elapsed_seconds":1.100008375942707e-06,"failure_code":null,"http_status":null,"matched_count":0,"provider":"rss_batch","source":"https://feeds.businessinsider.com/custom/all","source_group":"FAST_TRADING","source_tier":"fast","status":"available","timed_out":false,"timeout_seconds":5.0},{"attempted":true,"budget_exhausted":false,"elapsed_seconds":2.800021320581436e-06,"failure_code":null,"http_status":null,"matched_count":0,"provider":"rss_batch","source":"https://www.marketwatch.com/rss/topstories","source_group":"FAST_TRADING","source_tier":"fast","status":"available","timed_out":false,"timeout_seconds":5.0},{"attempted":true,"budget_exhausted":false,"elapsed_seconds":1.769996015354991e-05,"failure_code":null,"http_status":null,"matched_count":0,"provider":"rss_batch","source":"https://www.reuters.com/markets/rss","source_group":"FAST_TRADING","source_tier":"fast","status":"available","timed_out":false,"timeout_seconds":3.998163749987725},{"attempted":true,"budget_exhausted":false,"elapsed_seconds":3.4999684430658817e-06,"failure_code":null,"http_status":null,"matched_count":0,"provider":"rss_batch","source":"https://seekingalpha.com/feed","source_group":"FAST_TRADING","source_tier":"fast","status":"available","timed_out":false,"timeout_seconds":5.0},{"attempted":true,"budget_exhausted":false,"elapsed_seconds":4.999979864805937e-06,"failure_code":null,"http_status":null,"matched_count":0,"provider":"rss_batch","source":"http://rss.cnn.com/rss/edition_business.rss","source_group":"FAST_TRADING","source_tier":"fast","status":"available","timed_out":false,"timeout_seconds":5.0}],"sources_attempted":8,"sources_skipped_due_to_budget":0,"started_at_utc":"2026-08-21T14:05:00+00:00","summaries":{"EGG":{"budget_exhausted":false,"cache_state":"miss","evidence_count":0,"fresh_evidence_count":0,"objective_news_status":"no_recent_news","provider_available":true,"provider_status":"available","retrieval_status":"available","retrieval_unavailable":false,"stale_evidence_count":0,"unavailability_reasons":[]},"IPDN":{"budget_exhausted":false,"cache_state":"miss","evidence_count":1,"fresh_evidence_count":1,"objective_news_status":"news_present_unclassified","provider_available":true,"provider_status":"available","retrieval_status":"available","retrieval_unavailable":false,"stale_evidence_count":0,"unavailability_reasons":[]}},"symbols":["IPDN","EGG"],"tier_budget_seconds":{"extended_budget_reserved_seconds":0.0,"extended_budget_seconds":0.0,"fast_budget_seconds":8.0},"total_budget_seconds":8.0,"unresolved_symbols":[]}
[NEWS] symbol=IPDN catalyst_tag=TECH_CATALYST headlines=1
[NEWS] symbol=IPDN news_changed=True
[NEWS] symbol=EGG catalyst_tag=NONE headlines=0
[NEWS] symbol=EGG news_changed=True
[NEWS] symbol=IPDN catalyst_tag=TECH_CATALYST news_changed=False
[NEWS] symbol=EGG catalyst_tag=NONE news_changed=False
[NEWS][RETRIEVAL_DIAGNOSTICS] {"budget_exhausted":false,"cache":{"cache_hit_symbols":[],"cache_miss_symbols":["EGG","IPDN"],"cache_read_error":null,"cache_read_failed":false,"cache_write_error":"TypeError","cache_write_failed":true,"cadence_cache_hit_symbols":[],"prep_read_error":null,"prep_read_failed":false,"prep_reuse_symbols":[],"prep_stale_symbols":[],"read_attempted":true,"read_skipped":false,"stale_cache_miss_symbols":[],"state":"miss","write_attempted":true},"completed_at_utc":"2026-08-21T14:15:00+00:00","elapsed_seconds":0.0019394999835640192,"network_allowed":true,"provider_available":true,"provider_failure_reason":null,"provider_invoked":true,"provider_status":"available","refresh_allowed":true,"refresh_symbols":["IPDN","EGG"],"request_mode":"incremental","retrieval_status":"available","schema":"news.retrieval_diagnostics.v1","source_groups":["FAST_TRADING"],"sources":[{"attempted":true,"budget_exhausted":false,"elapsed_seconds":3.7999707274138927e-06,"failure_code":null,"http_status":null,"matched_count":0,"provider":"rss_batch","source":"https://www.benzinga.com/feed","source_group":"FAST_TRADING","source_tier":"fast","status":"available","timed_out":false,"timeout_seconds":3.999824049999006},{"attempted":true,"budget_exhausted":false,"elapsed_seconds":2.9999646358191967e-06,"failure_code":null,"http_status":null,"matched_count":0,"provider":"rss_batch","source":"https://www.globenewswire.com/RssFeed","source_group":"FAST_TRADING","source_tier":"fast","status":"available","timed_out":false,"timeout_seconds":3.999824049999006},{"attempted":true,"budget_exhausted":false,"elapsed_seconds":1.400010660290718e-06,"failure_code":null,"http_status":null,"matched_count":1,"provider":"rss_batch","source":"https://www.globenewswire.com/RssFeed/industry/9000-Technology/feedTitle/GlobeNewswire%20-%20Industry%20News%20on%20Technology","source_group":"FAST_TRADING","source_tier":"fast","status":"available","timed_out":false,"timeout_seconds":3.999824049999006},{"attempted":true,"budget_exhausted":false,"elapsed_seconds":3.1999661587178707e-06,"failure_code":null,"http_status":null,"matched_count":0,"provider":"rss_batch","source":"https://www.marketwatch.com/rss/topstories","source_group":"FAST_TRADING","source_tier":"fast","status":"available","timed_out":false,"timeout_seconds":5.0},{"attempted":true,"budget_exhausted":false,"elapsed_seconds":2.9999646358191967e-06,"failure_code":null,"http_status":null,"matched_count":0,"provider":"rss_batch","source":"https://www.reuters.com/markets/rss","source_group":"FAST_TRADING","source_tier":"fast","status":"available","timed_out":false,"timeout_seconds":3.999824049999006},{"attempted":true,"budget_exhausted":false,"elapsed_seconds":9.999494068324566e-07,"failure_code":null,"http_status":null,"matched_count":0,"provider":"rss_batch","source":"https://feeds.businessinsider.com/custom/all","source_group":"FAST_TRADING","source_tier":"fast","status":"available","timed_out":false,"timeout_seconds":5.0},{"attempted":true,"budget_exhausted":false,"elapsed_seconds":2.800021320581436e-06,"failure_code":null,"http_status":null,"matched_count":0,"provider":"rss_batch","source":"https://seekingalpha.com/feed","source_group":"FAST_TRADING","source_tier":"fast","status":"available","timed_out":false,"timeout_seconds":5.0},{"attempted":true,"budget_exhausted":false,"elapsed_seconds":2.7999631129205227e-06,"failure_code":null,"http_status":null,"matched_count":0,"provider":"rss_batch","source":"http://rss.cnn.com/rss/edition_business.rss","source_group":"FAST_TRADING","source_tier":"fast","status":"available","timed_out":false,"timeout_seconds":5.0}],"sources_attempted":8,"sources_skipped_due_to_budget":0,"started_at_utc":"2026-08-21T14:15:00+00:00","summaries":{"EGG":{"budget_exhausted":false,"cache_state":"miss","evidence_count":0,"fresh_evidence_count":0,"objective_news_status":"no_recent_news","provider_available":true,"provider_status":"available","retrieval_status":"available","retrieval_unavailable":false,"stale_evidence_count":0,"unavailability_reasons":[]},"IPDN":{"budget_exhausted":false,"cache_state":"miss","evidence_count":1,"fresh_evidence_count":1,"objective_news_status":"news_present_unclassified","provider_available":true,"provider_status":"available","retrieval_status":"available","retrieval_unavailable":false,"stale_evidence_count":0,"unavailability_reasons":[]}},"symbols":["IPDN","EGG"],"tier_budget_seconds":{"extended_budget_reserved_seconds":0.0,"extended_budget_seconds":0.0,"fast_budget_seconds":8.0},"total_budget_seconds":8.0,"unresolved_symbols":[]}
_ test_public_service_unavailable_remains_unavailable_in_ross_after_restart[unavailable] _

tmp_path = WindowsPath('C:/Users/nelzo/AppData/Local/Temp/pytest-of-nelzo/pytest-274/test_public_service_unavailabl0')
status = 'unavailable'

    @pytest.mark.parametrize("status", ["unavailable", "timeout", "provider_error", "budget_exhausted"])
    def test_public_service_unavailable_remains_unavailable_in_ross_after_restart(tmp_path, status):
        class Provider:
            calls = 0
    
            def get_news(self, candidates, request, policy):
                self.calls += 1
                return NewsBatchResult(evidence_by_symbol={"BAD": ()}, diagnostics=RetrievalDiagnostics(
                    retrieval_status=status, provider_status="offline", provider_available=False,
                    budget_exhausted=status == "budget_exhausted"))
    
        provider = Provider()
        path = tmp_path / "news.json"
        for service in (_service(path, provider), _service(path, provider)):
            result = service.get_news([NewsCandidate("BAD")], REQUEST, POLICY)
            context, decision = _ross(result)
            assert result.summary_for_symbol("BAD").provider_available is False
>           assert context["BAD"]["news_available"] is False
E           assert True is False

tests\test_w02_news_consumer_acceptance.py:209: AssertionError
---------------------------- Captured stdout call -----------------------------
[NEWS][RETRIEVAL_DIAGNOSTICS] {"budget_exhausted":false,"cache":{"cache_hit_symbols":[],"cache_miss_symbols":["BAD"],"cache_read_error":null,"cache_read_failed":false,"cache_write_error":null,"cache_write_failed":false,"cadence_cache_hit_symbols":[],"prep_read_error":null,"prep_read_failed":false,"prep_reuse_symbols":[],"prep_stale_symbols":[],"read_attempted":true,"read_skipped":false,"stale_cache_miss_symbols":[],"state":"miss","write_attempted":true},"completed_at_utc":"2026-08-21T14:05:00+00:00","elapsed_seconds":null,"network_allowed":true,"provider_available":false,"provider_failure_reason":null,"provider_invoked":true,"provider_status":"offline","refresh_allowed":true,"refresh_symbols":["BAD"],"request_mode":"incremental","retrieval_status":"unavailable","schema":"news.retrieval_diagnostics.v1","source_groups":[],"sources":[],"sources_attempted":0,"sources_skipped_due_to_budget":0,"started_at_utc":"2026-08-21T14:05:00+00:00","summaries":{"BAD":{"budget_exhausted":false,"cache_state":"miss","evidence_count":0,"fresh_evidence_count":0,"objective_news_status":"no_recent_news","provider_available":false,"provider_status":"offline","retrieval_status":"unavailable","retrieval_unavailable":true,"stale_evidence_count":0,"unavailability_reasons":["provider_unavailable","retrieval_unavailable"]}},"symbols":["BAD"],"tier_budget_seconds":{"extended_budget_reserved_seconds":null,"extended_budget_seconds":null,"fast_budget_seconds":null},"total_budget_seconds":null,"unresolved_symbols":[]}
[NEWS] symbol=BAD catalyst_tag=NONE headlines=0
[NEWS] symbol=BAD news_changed=True
_ test_public_service_unavailable_remains_unavailable_in_ross_after_restart[timeout] _

tmp_path = WindowsPath('C:/Users/nelzo/AppData/Local/Temp/pytest-of-nelzo/pytest-274/test_public_service_unavailabl1')
status = 'timeout'

    @pytest.mark.parametrize("status", ["unavailable", "timeout", "provider_error", "budget_exhausted"])
    def test_public_service_unavailable_remains_unavailable_in_ross_after_restart(tmp_path, status):
        class Provider:
            calls = 0
    
            def get_news(self, candidates, request, policy):
                self.calls += 1
                return NewsBatchResult(evidence_by_symbol={"BAD": ()}, diagnostics=RetrievalDiagnostics(
                    retrieval_status=status, provider_status="offline", provider_available=False,
                    budget_exhausted=status == "budget_exhausted"))
    
        provider = Provider()
        path = tmp_path / "news.json"
        for service in (_service(path, provider), _service(path, provider)):
            result = service.get_news([NewsCandidate("BAD")], REQUEST, POLICY)
            context, decision = _ross(result)
            assert result.summary_for_symbol("BAD").provider_available is False
>           assert context["BAD"]["news_available"] is False
E           assert True is False

tests\test_w02_news_consumer_acceptance.py:209: AssertionError
---------------------------- Captured stdout call -----------------------------
[NEWS][RETRIEVAL_DIAGNOSTICS] {"budget_exhausted":false,"cache":{"cache_hit_symbols":[],"cache_miss_symbols":["BAD"],"cache_read_error":null,"cache_read_failed":false,"cache_write_error":null,"cache_write_failed":false,"cadence_cache_hit_symbols":[],"prep_read_error":null,"prep_read_failed":false,"prep_reuse_symbols":[],"prep_stale_symbols":[],"read_attempted":true,"read_skipped":false,"stale_cache_miss_symbols":[],"state":"miss","write_attempted":true},"completed_at_utc":"2026-08-21T14:05:00+00:00","elapsed_seconds":null,"network_allowed":true,"provider_available":false,"provider_failure_reason":null,"provider_invoked":true,"provider_status":"offline","refresh_allowed":true,"refresh_symbols":["BAD"],"request_mode":"incremental","retrieval_status":"timeout","schema":"news.retrieval_diagnostics.v1","source_groups":[],"sources":[],"sources_attempted":0,"sources_skipped_due_to_budget":0,"started_at_utc":"2026-08-21T14:05:00+00:00","summaries":{"BAD":{"budget_exhausted":false,"cache_state":"miss","evidence_count":0,"fresh_evidence_count":0,"objective_news_status":"no_recent_news","provider_available":false,"provider_status":"offline","retrieval_status":"timeout","retrieval_unavailable":true,"stale_evidence_count":0,"unavailability_reasons":["provider_unavailable","retrieval_timeout"]}},"symbols":["BAD"],"tier_budget_seconds":{"extended_budget_reserved_seconds":null,"extended_budget_seconds":null,"fast_budget_seconds":null},"total_budget_seconds":null,"unresolved_symbols":[]}
[NEWS] symbol=BAD catalyst_tag=NONE headlines=0
[NEWS] symbol=BAD news_changed=True
_ test_public_service_unavailable_remains_unavailable_in_ross_after_restart[provider_error] _

tmp_path = WindowsPath('C:/Users/nelzo/AppData/Local/Temp/pytest-of-nelzo/pytest-274/test_public_service_unavailabl2')
status = 'provider_error'

    @pytest.mark.parametrize("status", ["unavailable", "timeout", "provider_error", "budget_exhausted"])
    def test_public_service_unavailable_remains_unavailable_in_ross_after_restart(tmp_path, status):
        class Provider:
            calls = 0
    
            def get_news(self, candidates, request, policy):
                self.calls += 1
                return NewsBatchResult(evidence_by_symbol={"BAD": ()}, diagnostics=RetrievalDiagnostics(
                    retrieval_status=status, provider_status="offline", provider_available=False,
                    budget_exhausted=status == "budget_exhausted"))
    
        provider = Provider()
        path = tmp_path / "news.json"
        for service in (_service(path, provider), _service(path, provider)):
            result = service.get_news([NewsCandidate("BAD")], REQUEST, POLICY)
            context, decision = _ross(result)
            assert result.summary_for_symbol("BAD").provider_available is False
>           assert context["BAD"]["news_available"] is False
E           assert True is False

tests\test_w02_news_consumer_acceptance.py:209: AssertionError
---------------------------- Captured stdout call -----------------------------
[NEWS][RETRIEVAL_DIAGNOSTICS] {"budget_exhausted":false,"cache":{"cache_hit_symbols":[],"cache_miss_symbols":["BAD"],"cache_read_error":null,"cache_read_failed":false,"cache_write_error":null,"cache_write_failed":false,"cadence_cache_hit_symbols":[],"prep_read_error":null,"prep_read_failed":false,"prep_reuse_symbols":[],"prep_stale_symbols":[],"read_attempted":true,"read_skipped":false,"stale_cache_miss_symbols":[],"state":"miss","write_attempted":true},"completed_at_utc":"2026-08-21T14:05:00+00:00","elapsed_seconds":null,"network_allowed":true,"provider_available":false,"provider_failure_reason":null,"provider_invoked":true,"provider_status":"offline","refresh_allowed":true,"refresh_symbols":["BAD"],"request_mode":"incremental","retrieval_status":"provider_error","schema":"news.retrieval_diagnostics.v1","source_groups":[],"sources":[],"sources_attempted":0,"sources_skipped_due_to_budget":0,"started_at_utc":"2026-08-21T14:05:00+00:00","summaries":{"BAD":{"budget_exhausted":false,"cache_state":"miss","evidence_count":0,"fresh_evidence_count":0,"objective_news_status":"no_recent_news","provider_available":false,"provider_status":"offline","retrieval_status":"provider_error","retrieval_unavailable":true,"stale_evidence_count":0,"unavailability_reasons":["provider_unavailable","retrieval_provider_error"]}},"symbols":["BAD"],"tier_budget_seconds":{"extended_budget_reserved_seconds":null,"extended_budget_seconds":null,"fast_budget_seconds":null},"total_budget_seconds":null,"unresolved_symbols":[]}
[NEWS] symbol=BAD catalyst_tag=NONE headlines=0
[NEWS] symbol=BAD news_changed=True
_ test_mixed_public_service_outcomes_reach_ross_per_symbol_and_survive_restart[summaryless-provider-failure] _

tmp_path = WindowsPath('C:/Users/nelzo/AppData/Local/Temp/pytest-of-nelzo/pytest-274/test_mixed_public_service_outc0')
budget = False, with_summaries = False

    @pytest.mark.parametrize("budget", [False, True], ids=["failure", "budget"])
    @pytest.mark.parametrize("with_summaries", [False, True], ids=["summaryless-provider", "provider-summaries"])
    def test_mixed_public_service_outcomes_reach_ross_per_symbol_and_survive_restart(tmp_path, budget, with_summaries):
        class Provider:
            calls = 0
    
            def get_news(self, candidates, request, policy):
                self.calls += 1
                summaries = {
                    "EMPTY": NewsEvidenceSummary(symbol="EMPTY", retrieval_status="available", provider_status="ok", provider_available=True),
                    "BAD": NewsEvidenceSummary(symbol="BAD", retrieval_status="budget_exhausted" if budget else "unavailable",
                                               provider_status="offline", provider_available=False, budget_exhausted=budget),
                }
                return NewsBatchResult(evidence_by_symbol={"EMPTY": (), "BAD": ()},
                    summaries_by_symbol=summaries if with_summaries else {}, diagnostics=RetrievalDiagnostics(
                        retrieval_status="partial", provider_status="mixed", provider_available=False,
                        budget_exhausted=budget, unresolved_symbols=("BAD",)))
    
        provider = Provider()
        path = tmp_path / "news.json"
        for service in (_service(path, provider), _service(path, provider)):
            result = service.get_news([NewsCandidate("EMPTY"), NewsCandidate("BAD")], REQUEST, POLICY)
            context, decision = _ross(result)
            assert result.diagnostics.unresolved_symbols == ("BAD",)
            assert context["EMPTY"]["news_available"] is True
            assert context["EMPTY"]["news_diagnostic_status"] == "no_recent_news"
            assert decision["EMPTY"].status.value == "ABSENT"
            assert context["BAD"]["news_available"] is False
>           assert context["BAD"]["news_diagnostic_status"] == ("budget_exhausted" if budget else "provider_unavailable")
E           AssertionError: assert 'budget_exhausted' == 'provider_unavailable'
E             
E             - provider_unavailable
E             + budget_exhausted

tests\test_w02_news_consumer_acceptance.py:243: AssertionError
---------------------------- Captured stdout call -----------------------------
[NEWS][RETRIEVAL_DIAGNOSTICS] {"budget_exhausted":false,"cache":{"cache_hit_symbols":[],"cache_miss_symbols":["BAD","EMPTY"],"cache_read_error":null,"cache_read_failed":false,"cache_write_error":null,"cache_write_failed":false,"cadence_cache_hit_symbols":[],"prep_read_error":null,"prep_read_failed":false,"prep_reuse_symbols":[],"prep_stale_symbols":[],"read_attempted":true,"read_skipped":false,"stale_cache_miss_symbols":[],"state":"miss","write_attempted":true},"completed_at_utc":"2026-08-21T14:05:00+00:00","elapsed_seconds":null,"network_allowed":true,"provider_available":false,"provider_failure_reason":null,"provider_invoked":true,"provider_status":"mixed","refresh_allowed":true,"refresh_symbols":["EMPTY","BAD"],"request_mode":"incremental","retrieval_status":"partial","schema":"news.retrieval_diagnostics.v1","source_groups":[],"sources":[],"sources_attempted":0,"sources_skipped_due_to_budget":0,"started_at_utc":"2026-08-21T14:05:00+00:00","summaries":{"BAD":{"budget_exhausted":false,"cache_state":"miss","evidence_count":0,"fresh_evidence_count":0,"objective_news_status":"no_recent_news","provider_available":false,"provider_status":"unavailable","retrieval_status":"unavailable","retrieval_unavailable":true,"stale_evidence_count":0,"unavailability_reasons":["provider_unavailable","retrieval_unavailable"]},"EMPTY":{"budget_exhausted":false,"cache_state":"miss","evidence_count":0,"fresh_evidence_count":0,"objective_news_status":"no_recent_news","provider_available":true,"provider_status":"available","retrieval_status":"available","retrieval_unavailable":false,"stale_evidence_count":0,"unavailability_reasons":[]}},"symbols":["EMPTY","BAD"],"tier_budget_seconds":{"extended_budget_reserved_seconds":null,"extended_budget_seconds":null,"fast_budget_seconds":null},"total_budget_seconds":null,"unresolved_symbols":["BAD"]}
[NEWS] symbol=EMPTY catalyst_tag=NONE headlines=0
[NEWS] symbol=EMPTY news_changed=True
[NEWS] symbol=BAD catalyst_tag=NONE headlines=0
[NEWS] symbol=BAD news_changed=True
_ test_mixed_public_service_outcomes_reach_ross_per_symbol_and_survive_restart[summaryless-provider-budget] _

tmp_path = WindowsPath('C:/Users/nelzo/AppData/Local/Temp/pytest-of-nelzo/pytest-274/test_mixed_public_service_outc1')
budget = True, with_summaries = False

    @pytest.mark.parametrize("budget", [False, True], ids=["failure", "budget"])
    @pytest.mark.parametrize("with_summaries", [False, True], ids=["summaryless-provider", "provider-summaries"])
    def test_mixed_public_service_outcomes_reach_ross_per_symbol_and_survive_restart(tmp_path, budget, with_summaries):
        class Provider:
            calls = 0
    
            def get_news(self, candidates, request, policy):
                self.calls += 1
                summaries = {
                    "EMPTY": NewsEvidenceSummary(symbol="EMPTY", retrieval_status="available", provider_status="ok", provider_available=True),
                    "BAD": NewsEvidenceSummary(symbol="BAD", retrieval_status="budget_exhausted" if budget else "unavailable",
                                               provider_status="offline", provider_available=False, budget_exhausted=budget),
                }
                return NewsBatchResult(evidence_by_symbol={"EMPTY": (), "BAD": ()},
                    summaries_by_symbol=summaries if with_summaries else {}, diagnostics=RetrievalDiagnostics(
                        retrieval_status="partial", provider_status="mixed", provider_available=False,
                        budget_exhausted=budget, unresolved_symbols=("BAD",)))
    
        provider = Provider()
        path = tmp_path / "news.json"
        for service in (_service(path, provider), _service(path, provider)):
            result = service.get_news([NewsCandidate("EMPTY"), NewsCandidate("BAD")], REQUEST, POLICY)
            context, decision = _ross(result)
            assert result.diagnostics.unresolved_symbols == ("BAD",)
>           assert context["EMPTY"]["news_available"] is True
E           assert False is True

tests\test_w02_news_consumer_acceptance.py:239: AssertionError
---------------------------- Captured stdout call -----------------------------
[NEWS][RETRIEVAL_DIAGNOSTICS] {"budget_exhausted":true,"cache":{"cache_hit_symbols":[],"cache_miss_symbols":["BAD","EMPTY"],"cache_read_error":null,"cache_read_failed":false,"cache_write_error":null,"cache_write_failed":false,"cadence_cache_hit_symbols":[],"prep_read_error":null,"prep_read_failed":false,"prep_reuse_symbols":[],"prep_stale_symbols":[],"read_attempted":true,"read_skipped":false,"stale_cache_miss_symbols":[],"state":"miss","write_attempted":true},"completed_at_utc":"2026-08-21T14:05:00+00:00","elapsed_seconds":null,"network_allowed":true,"provider_available":false,"provider_failure_reason":null,"provider_invoked":true,"provider_status":"mixed","refresh_allowed":true,"refresh_symbols":["EMPTY","BAD"],"request_mode":"incremental","retrieval_status":"partial","schema":"news.retrieval_diagnostics.v1","source_groups":[],"sources":[],"sources_attempted":0,"sources_skipped_due_to_budget":0,"started_at_utc":"2026-08-21T14:05:00+00:00","summaries":{"BAD":{"budget_exhausted":true,"cache_state":"miss","evidence_count":0,"fresh_evidence_count":0,"objective_news_status":"budget_exhausted","provider_available":false,"provider_status":"unavailable","retrieval_status":"budget_exhausted","retrieval_unavailable":true,"stale_evidence_count":0,"unavailability_reasons":["provider_unavailable","budget_exhausted","retrieval_budget_exhausted"]},"EMPTY":{"budget_exhausted":false,"cache_state":"miss","evidence_count":0,"fresh_evidence_count":0,"objective_news_status":"no_recent_news","provider_available":true,"provider_status":"available","retrieval_status":"available","retrieval_unavailable":false,"stale_evidence_count":0,"unavailability_reasons":[]}},"symbols":["EMPTY","BAD"],"tier_budget_seconds":{"extended_budget_reserved_seconds":null,"extended_budget_seconds":null,"fast_budget_seconds":null},"total_budget_seconds":null,"unresolved_symbols":["BAD"]}
[NEWS] symbol=EMPTY catalyst_tag=NONE headlines=0
[NEWS] symbol=EMPTY news_changed=True
[NEWS] symbol=BAD catalyst_tag=NONE headlines=0
[NEWS] symbol=BAD news_changed=True
_ test_mixed_public_service_outcomes_reach_ross_per_symbol_and_survive_restart[provider-summaries-failure] _

tmp_path = WindowsPath('C:/Users/nelzo/AppData/Local/Temp/pytest-of-nelzo/pytest-274/test_mixed_public_service_outc2')
budget = False, with_summaries = True

    @pytest.mark.parametrize("budget", [False, True], ids=["failure", "budget"])
    @pytest.mark.parametrize("with_summaries", [False, True], ids=["summaryless-provider", "provider-summaries"])
    def test_mixed_public_service_outcomes_reach_ross_per_symbol_and_survive_restart(tmp_path, budget, with_summaries):
        class Provider:
            calls = 0
    
            def get_news(self, candidates, request, policy):
                self.calls += 1
                summaries = {
                    "EMPTY": NewsEvidenceSummary(symbol="EMPTY", retrieval_status="available", provider_status="ok", provider_available=True),
                    "BAD": NewsEvidenceSummary(symbol="BAD", retrieval_status="budget_exhausted" if budget else "unavailable",
                                               provider_status="offline", provider_available=False, budget_exhausted=budget),
                }
                return NewsBatchResult(evidence_by_symbol={"EMPTY": (), "BAD": ()},
                    summaries_by_symbol=summaries if with_summaries else {}, diagnostics=RetrievalDiagnostics(
                        retrieval_status="partial", provider_status="mixed", provider_available=False,
                        budget_exhausted=budget, unresolved_symbols=("BAD",)))
    
        provider = Provider()
        path = tmp_path / "news.json"
        for service in (_service(path, provider), _service(path, provider)):
            result = service.get_news([NewsCandidate("EMPTY"), NewsCandidate("BAD")], REQUEST, POLICY)
            context, decision = _ross(result)
            assert result.diagnostics.unresolved_symbols == ("BAD",)
            assert context["EMPTY"]["news_available"] is True
            assert context["EMPTY"]["news_diagnostic_status"] == "no_recent_news"
            assert decision["EMPTY"].status.value == "ABSENT"
            assert context["BAD"]["news_available"] is False
>           assert context["BAD"]["news_diagnostic_status"] == ("budget_exhausted" if budget else "provider_unavailable")
E           AssertionError: assert 'budget_exhausted' == 'provider_unavailable'
E             
E             - provider_unavailable
E             + budget_exhausted

tests\test_w02_news_consumer_acceptance.py:243: AssertionError
---------------------------- Captured stdout call -----------------------------
[NEWS][RETRIEVAL_DIAGNOSTICS] {"budget_exhausted":false,"cache":{"cache_hit_symbols":[],"cache_miss_symbols":["BAD","EMPTY"],"cache_read_error":null,"cache_read_failed":false,"cache_write_error":null,"cache_write_failed":false,"cadence_cache_hit_symbols":[],"prep_read_error":null,"prep_read_failed":false,"prep_reuse_symbols":[],"prep_stale_symbols":[],"read_attempted":true,"read_skipped":false,"stale_cache_miss_symbols":[],"state":"miss","write_attempted":true},"completed_at_utc":"2026-08-21T14:05:00+00:00","elapsed_seconds":null,"network_allowed":true,"provider_available":false,"provider_failure_reason":null,"provider_invoked":true,"provider_status":"mixed","refresh_allowed":true,"refresh_symbols":["EMPTY","BAD"],"request_mode":"incremental","retrieval_status":"partial","schema":"news.retrieval_diagnostics.v1","source_groups":[],"sources":[],"sources_attempted":0,"sources_skipped_due_to_budget":0,"started_at_utc":"2026-08-21T14:05:00+00:00","summaries":{"BAD":{"budget_exhausted":false,"cache_state":"miss","evidence_count":0,"fresh_evidence_count":0,"objective_news_status":"no_recent_news","provider_available":false,"provider_status":"offline","retrieval_status":"unavailable","retrieval_unavailable":true,"stale_evidence_count":0,"unavailability_reasons":["provider_unavailable","retrieval_unavailable"]},"EMPTY":{"budget_exhausted":false,"cache_state":"miss","evidence_count":0,"fresh_evidence_count":0,"objective_news_status":"no_recent_news","provider_available":true,"provider_status":"ok","retrieval_status":"available","retrieval_unavailable":false,"stale_evidence_count":0,"unavailability_reasons":[]}},"symbols":["EMPTY","BAD"],"tier_budget_seconds":{"extended_budget_reserved_seconds":null,"extended_budget_seconds":null,"fast_budget_seconds":null},"total_budget_seconds":null,"unresolved_symbols":["BAD"]}
[NEWS] symbol=EMPTY catalyst_tag=NONE headlines=0
[NEWS] symbol=EMPTY news_changed=True
[NEWS] symbol=BAD catalyst_tag=NONE headlines=0
[NEWS] symbol=BAD news_changed=True
_ test_mixed_public_service_outcomes_reach_ross_per_symbol_and_survive_restart[provider-summaries-budget] _

tmp_path = WindowsPath('C:/Users/nelzo/AppData/Local/Temp/pytest-of-nelzo/pytest-274/test_mixed_public_service_outc3')
budget = True, with_summaries = True

    @pytest.mark.parametrize("budget", [False, True], ids=["failure", "budget"])
    @pytest.mark.parametrize("with_summaries", [False, True], ids=["summaryless-provider", "provider-summaries"])
    def test_mixed_public_service_outcomes_reach_ross_per_symbol_and_survive_restart(tmp_path, budget, with_summaries):
        class Provider:
            calls = 0
    
            def get_news(self, candidates, request, policy):
                self.calls += 1
                summaries = {
                    "EMPTY": NewsEvidenceSummary(symbol="EMPTY", retrieval_status="available", provider_status="ok", provider_available=True),
                    "BAD": NewsEvidenceSummary(symbol="BAD", retrieval_status="budget_exhausted" if budget else "unavailable",
                                               provider_status="offline", provider_available=False, budget_exhausted=budget),
                }
                return NewsBatchResult(evidence_by_symbol={"EMPTY": (), "BAD": ()},
                    summaries_by_symbol=summaries if with_summaries else {}, diagnostics=RetrievalDiagnostics(
                        retrieval_status="partial", provider_status="mixed", provider_available=False,
                        budget_exhausted=budget, unresolved_symbols=("BAD",)))
    
        provider = Provider()
        path = tmp_path / "news.json"
        for service in (_service(path, provider), _service(path, provider)):
            result = service.get_news([NewsCandidate("EMPTY"), NewsCandidate("BAD")], REQUEST, POLICY)
            context, decision = _ross(result)
            assert result.diagnostics.unresolved_symbols == ("BAD",)
>           assert context["EMPTY"]["news_available"] is True
E           assert False is True

tests\test_w02_news_consumer_acceptance.py:239: AssertionError
---------------------------- Captured stdout call -----------------------------
[NEWS][RETRIEVAL_DIAGNOSTICS] {"budget_exhausted":true,"cache":{"cache_hit_symbols":[],"cache_miss_symbols":["BAD","EMPTY"],"cache_read_error":null,"cache_read_failed":false,"cache_write_error":null,"cache_write_failed":false,"cadence_cache_hit_symbols":[],"prep_read_error":null,"prep_read_failed":false,"prep_reuse_symbols":[],"prep_stale_symbols":[],"read_attempted":true,"read_skipped":false,"stale_cache_miss_symbols":[],"state":"miss","write_attempted":true},"completed_at_utc":"2026-08-21T14:05:00+00:00","elapsed_seconds":null,"network_allowed":true,"provider_available":false,"provider_failure_reason":null,"provider_invoked":true,"provider_status":"mixed","refresh_allowed":true,"refresh_symbols":["EMPTY","BAD"],"request_mode":"incremental","retrieval_status":"partial","schema":"news.retrieval_diagnostics.v1","source_groups":[],"sources":[],"sources_attempted":0,"sources_skipped_due_to_budget":0,"started_at_utc":"2026-08-21T14:05:00+00:00","summaries":{"BAD":{"budget_exhausted":true,"cache_state":"miss","evidence_count":0,"fresh_evidence_count":0,"objective_news_status":"budget_exhausted","provider_available":false,"provider_status":"offline","retrieval_status":"budget_exhausted","retrieval_unavailable":true,"stale_evidence_count":0,"unavailability_reasons":["provider_unavailable","budget_exhausted","retrieval_budget_exhausted"]},"EMPTY":{"budget_exhausted":false,"cache_state":"miss","evidence_count":0,"fresh_evidence_count":0,"objective_news_status":"no_recent_news","provider_available":true,"provider_status":"ok","retrieval_status":"available","retrieval_unavailable":false,"stale_evidence_count":0,"unavailability_reasons":[]}},"symbols":["EMPTY","BAD"],"tier_budget_seconds":{"extended_budget_reserved_seconds":null,"extended_budget_seconds":null,"fast_budget_seconds":null},"total_budget_seconds":null,"unresolved_symbols":["BAD"]}
[NEWS] symbol=EMPTY catalyst_tag=NONE headlines=0
[NEWS] symbol=EMPTY news_changed=True
[NEWS] symbol=BAD catalyst_tag=NONE headlines=0
[NEWS] symbol=BAD news_changed=True
=========================== short test summary info ===========================
FAILED tests/test_w02_news_consumer_acceptance.py::test_historical_positive_batch_survives_prep_serialization_warm_restart_and_explicit_refresh
FAILED tests/test_w02_news_consumer_acceptance.py::test_public_service_unavailable_remains_unavailable_in_ross_after_restart[unavailable]
FAILED tests/test_w02_news_consumer_acceptance.py::test_public_service_unavailable_remains_unavailable_in_ross_after_restart[timeout]
FAILED tests/test_w02_news_consumer_acceptance.py::test_public_service_unavailable_remains_unavailable_in_ross_after_restart[provider_error]
FAILED tests/test_w02_news_consumer_acceptance.py::test_mixed_public_service_outcomes_reach_ross_per_symbol_and_survive_restart[summaryless-provider-failure]
FAILED tests/test_w02_news_consumer_acceptance.py::test_mixed_public_service_outcomes_reach_ross_per_symbol_and_survive_restart[summaryless-provider-budget]
FAILED tests/test_w02_news_consumer_acceptance.py::test_mixed_public_service_outcomes_reach_ross_per_symbol_and_survive_restart[provider-summaries-failure]
FAILED tests/test_w02_news_consumer_acceptance.py::test_mixed_public_service_outcomes_reach_ross_per_symbol_and_survive_restart[provider-summaries-budget]
8 failed, 7 passed in 5.24s
