..FF..FF                                                                 [100%]
================================== FAILURES ===================================
_ test_unknown_summary_keeps_explicit_symbol_failure_without_poisoning_healthy_summary[reachable-unavailable] _

tmp_path = WindowsPath('C:/Users/nelzo/AppData/Local/Temp/pytest-of-nelzo/pytest-302/test_unknown_summary_keeps_exp2')
budget = False, provider_available = True

    @pytest.mark.parametrize("budget", [False, True], ids=["unavailable", "budget"])
    @pytest.mark.parametrize("provider_available", [None, True], ids=["unknown-reachability", "reachable"])
    def test_unknown_summary_keeps_explicit_symbol_failure_without_poisoning_healthy_summary(tmp_path, budget, provider_available):
        class Provider:
            calls = 0
    
            def get_news(self, candidates, request, policy):
                self.calls += 1
                return NewsBatchResult(evidence_by_symbol={"GOOD": (), "BAD": ()}, summaries_by_symbol={
                    "GOOD": NewsEvidenceSummary(symbol="GOOD", retrieval_status="available", provider_available=True),
                    "BAD": NewsEvidenceSummary(symbol="BAD", provider_available=provider_available),
                }, diagnostics=RetrievalDiagnostics(
                    retrieval_status="budget_exhausted" if budget else "unavailable",
                    provider_status="available" if budget else "provider_request_failure",
                    provider_available=budget, budget_exhausted=budget, unresolved_symbols=("BAD",)))
    
        provider = Provider()
        path = tmp_path / "news.json"
        service = _service(path, provider)
        for reader in (service, service, _service(path, provider)):
            result = reader.get_news([NewsCandidate("GOOD"), NewsCandidate("BAD")], REQUEST, POLICY)
>           assert result.summary_for_symbol("BAD").retrieval_status == ("budget_exhausted" if budget else "unavailable")
E           AssertionError: assert 'unknown' == 'unavailable'
E             
E             - unavailable
E             + unknown

tests\test_w02_news_consumer_acceptance.py:379: AssertionError
---------------------------- Captured stdout call -----------------------------
[NEWS][RETRIEVAL_DIAGNOSTICS] {"budget_exhausted":false,"cache":{"cache_hit_symbols":[],"cache_miss_symbols":["BAD","GOOD"],"cache_read_error":null,"cache_read_failed":false,"cache_write_error":null,"cache_write_failed":false,"cadence_cache_hit_symbols":[],"prep_read_error":null,"prep_read_failed":false,"prep_reuse_symbols":[],"prep_stale_symbols":[],"read_attempted":true,"read_skipped":false,"stale_cache_miss_symbols":[],"state":"miss","write_attempted":true},"completed_at_utc":"2026-08-21T14:05:00+00:00","elapsed_seconds":null,"network_allowed":true,"provider_available":false,"provider_failure_reason":null,"provider_invoked":true,"provider_status":"provider_request_failure","refresh_allowed":true,"refresh_symbols":["GOOD","BAD"],"request_mode":"incremental","retrieval_status":"unavailable","schema":"news.retrieval_diagnostics.v1","source_groups":[],"sources":[],"sources_attempted":0,"sources_skipped_due_to_budget":0,"started_at_utc":"2026-08-21T14:05:00+00:00","summaries":{"BAD":{"budget_exhausted":false,"cache_state":"miss","evidence_count":0,"fresh_evidence_count":0,"objective_news_status":"no_recent_news","provider_available":true,"provider_status":null,"retrieval_status":"unknown","retrieval_unavailable":false,"stale_evidence_count":0,"unavailability_reasons":[]},"GOOD":{"budget_exhausted":false,"cache_state":"miss","evidence_count":0,"fresh_evidence_count":0,"objective_news_status":"no_recent_news","provider_available":true,"provider_status":null,"retrieval_status":"available","retrieval_unavailable":false,"stale_evidence_count":0,"unavailability_reasons":[]}},"symbols":["GOOD","BAD"],"tier_budget_seconds":{"extended_budget_reserved_seconds":null,"extended_budget_seconds":null,"fast_budget_seconds":null},"total_budget_seconds":null,"unresolved_symbols":["BAD"]}
_ test_unknown_summary_keeps_explicit_symbol_failure_without_poisoning_healthy_summary[reachable-budget] _

tmp_path = WindowsPath('C:/Users/nelzo/AppData/Local/Temp/pytest-of-nelzo/pytest-302/test_unknown_summary_keeps_exp3')
budget = True, provider_available = True

    @pytest.mark.parametrize("budget", [False, True], ids=["unavailable", "budget"])
    @pytest.mark.parametrize("provider_available", [None, True], ids=["unknown-reachability", "reachable"])
    def test_unknown_summary_keeps_explicit_symbol_failure_without_poisoning_healthy_summary(tmp_path, budget, provider_available):
        class Provider:
            calls = 0
    
            def get_news(self, candidates, request, policy):
                self.calls += 1
                return NewsBatchResult(evidence_by_symbol={"GOOD": (), "BAD": ()}, summaries_by_symbol={
                    "GOOD": NewsEvidenceSummary(symbol="GOOD", retrieval_status="available", provider_available=True),
                    "BAD": NewsEvidenceSummary(symbol="BAD", provider_available=provider_available),
                }, diagnostics=RetrievalDiagnostics(
                    retrieval_status="budget_exhausted" if budget else "unavailable",
                    provider_status="available" if budget else "provider_request_failure",
                    provider_available=budget, budget_exhausted=budget, unresolved_symbols=("BAD",)))
    
        provider = Provider()
        path = tmp_path / "news.json"
        service = _service(path, provider)
        for reader in (service, service, _service(path, provider)):
            result = reader.get_news([NewsCandidate("GOOD"), NewsCandidate("BAD")], REQUEST, POLICY)
>           assert result.summary_for_symbol("BAD").retrieval_status == ("budget_exhausted" if budget else "unavailable")
E           AssertionError: assert 'unknown' == 'budget_exhausted'
E             
E             - budget_exhausted
E             + unknown

tests\test_w02_news_consumer_acceptance.py:379: AssertionError
---------------------------- Captured stdout call -----------------------------
[NEWS][RETRIEVAL_DIAGNOSTICS] {"budget_exhausted":true,"cache":{"cache_hit_symbols":[],"cache_miss_symbols":["BAD","GOOD"],"cache_read_error":null,"cache_read_failed":false,"cache_write_error":null,"cache_write_failed":false,"cadence_cache_hit_symbols":[],"prep_read_error":null,"prep_read_failed":false,"prep_reuse_symbols":[],"prep_stale_symbols":[],"read_attempted":true,"read_skipped":false,"stale_cache_miss_symbols":[],"state":"miss","write_attempted":true},"completed_at_utc":"2026-08-21T14:05:00+00:00","elapsed_seconds":null,"network_allowed":true,"provider_available":true,"provider_failure_reason":null,"provider_invoked":true,"provider_status":"available","refresh_allowed":true,"refresh_symbols":["GOOD","BAD"],"request_mode":"incremental","retrieval_status":"budget_exhausted","schema":"news.retrieval_diagnostics.v1","source_groups":[],"sources":[],"sources_attempted":0,"sources_skipped_due_to_budget":0,"started_at_utc":"2026-08-21T14:05:00+00:00","summaries":{"BAD":{"budget_exhausted":false,"cache_state":"miss","evidence_count":0,"fresh_evidence_count":0,"objective_news_status":"no_recent_news","provider_available":true,"provider_status":null,"retrieval_status":"unknown","retrieval_unavailable":false,"stale_evidence_count":0,"unavailability_reasons":[]},"GOOD":{"budget_exhausted":false,"cache_state":"miss","evidence_count":0,"fresh_evidence_count":0,"objective_news_status":"no_recent_news","provider_available":true,"provider_status":null,"retrieval_status":"available","retrieval_unavailable":false,"stale_evidence_count":0,"unavailability_reasons":[]}},"symbols":["GOOD","BAD"],"tier_budget_seconds":{"extended_budget_reserved_seconds":null,"extended_budget_seconds":null,"fast_budget_seconds":null},"total_budget_seconds":null,"unresolved_symbols":["BAD"]}
_ test_raw_unknown_summary_reachability_does_not_override_unresolved_failure[reachable-unavailable] _

budget = False, provider_available = True

    @pytest.mark.parametrize("budget", [False, True], ids=["unavailable", "budget"])
    @pytest.mark.parametrize("provider_available", [None, True], ids=["unknown-reachability", "reachable"])
    def test_raw_unknown_summary_reachability_does_not_override_unresolved_failure(budget, provider_available):
        now = news_intelligence_service.datetime.now(timezone.utc)
        result = NewsBatchResult(
            candidates=tuple(NewsCandidate(symbol) for symbol in ("GOOD", "BAD", "INFO")),
            evidence_by_symbol={"GOOD": (), "BAD": (), "INFO": (NewsEvidence(
                symbol="INFO", headline="INFO company profile update", provider="rss_batch",
                published_at=now, fetched_at=now, age_seconds=0, stale=False,
            ),)},
            summaries_by_symbol={
                "GOOD": NewsEvidenceSummary(symbol="GOOD", retrieval_status="available", provider_available=True),
                "BAD": NewsEvidenceSummary(symbol="BAD", provider_available=provider_available),
                "INFO": NewsEvidenceSummary(symbol="INFO", provider_available=provider_available),
            },
            diagnostics=RetrievalDiagnostics(
                retrieval_status="budget_exhausted" if budget else "unavailable",
                provider_status="available" if budget else "provider_request_failure",
                provider_available=budget, budget_exhausted=budget, unresolved_symbols=("BAD", "INFO")),
        )
        context, decision = _ross(result)
        assert context["GOOD"]["news_available"] is True
        assert decision["GOOD"].status.value == "ABSENT"
        for symbol in ("BAD", "INFO"):
>           assert context[symbol]["news_available"] is False
E           assert True is False

tests\test_w02_news_consumer_acceptance.py:426: AssertionError
---------------------------- Captured stdout call -----------------------------
[NEWS] symbol=GOOD catalyst_tag=NONE headlines=0
[NEWS] symbol=GOOD news_changed=True
[NEWS] symbol=BAD catalyst_tag=NONE headlines=0
[NEWS] symbol=BAD news_changed=True
[NEWS] symbol=INFO catalyst_tag=GENERIC NEWS headlines=1
[NEWS] symbol=INFO news_changed=True
_ test_raw_unknown_summary_reachability_does_not_override_unresolved_failure[reachable-budget] _

budget = True, provider_available = True

    @pytest.mark.parametrize("budget", [False, True], ids=["unavailable", "budget"])
    @pytest.mark.parametrize("provider_available", [None, True], ids=["unknown-reachability", "reachable"])
    def test_raw_unknown_summary_reachability_does_not_override_unresolved_failure(budget, provider_available):
        now = news_intelligence_service.datetime.now(timezone.utc)
        result = NewsBatchResult(
            candidates=tuple(NewsCandidate(symbol) for symbol in ("GOOD", "BAD", "INFO")),
            evidence_by_symbol={"GOOD": (), "BAD": (), "INFO": (NewsEvidence(
                symbol="INFO", headline="INFO company profile update", provider="rss_batch",
                published_at=now, fetched_at=now, age_seconds=0, stale=False,
            ),)},
            summaries_by_symbol={
                "GOOD": NewsEvidenceSummary(symbol="GOOD", retrieval_status="available", provider_available=True),
                "BAD": NewsEvidenceSummary(symbol="BAD", provider_available=provider_available),
                "INFO": NewsEvidenceSummary(symbol="INFO", provider_available=provider_available),
            },
            diagnostics=RetrievalDiagnostics(
                retrieval_status="budget_exhausted" if budget else "unavailable",
                provider_status="available" if budget else "provider_request_failure",
                provider_available=budget, budget_exhausted=budget, unresolved_symbols=("BAD", "INFO")),
        )
        context, decision = _ross(result)
        assert context["GOOD"]["news_available"] is True
        assert decision["GOOD"].status.value == "ABSENT"
        for symbol in ("BAD", "INFO"):
>           assert context[symbol]["news_available"] is False
E           assert True is False

tests\test_w02_news_consumer_acceptance.py:426: AssertionError
---------------------------- Captured stdout call -----------------------------
[NEWS] symbol=GOOD catalyst_tag=NONE headlines=0
[NEWS] symbol=GOOD news_changed=True
[NEWS] symbol=BAD catalyst_tag=NONE headlines=0
[NEWS] symbol=BAD news_changed=True
[NEWS] symbol=INFO catalyst_tag=GENERIC NEWS headlines=1
[NEWS] symbol=INFO news_changed=True
=========================== short test summary info ===========================
FAILED tests/test_w02_news_consumer_acceptance.py::test_unknown_summary_keeps_explicit_symbol_failure_without_poisoning_healthy_summary[reachable-unavailable]
FAILED tests/test_w02_news_consumer_acceptance.py::test_unknown_summary_keeps_explicit_symbol_failure_without_poisoning_healthy_summary[reachable-budget]
FAILED tests/test_w02_news_consumer_acceptance.py::test_raw_unknown_summary_reachability_does_not_override_unresolved_failure[reachable-unavailable]
FAILED tests/test_w02_news_consumer_acceptance.py::test_raw_unknown_summary_reachability_does_not_override_unresolved_failure[reachable-budget]
4 failed, 4 passed, 27 deselected in 7.65s
