{
  "strategies_checked": 20,
  "failures": [],
  "results": [
    {
      "strategy_folder": "cross_sectional_relative_strength_rotation",
      "policy_file": "src/strategies/cross_sectional_relative_strength_rotation/strategy_policy_v2.py",
      "status": "PASS",
      "reasons": []
    },
    {
      "strategy_folder": "event_earnings_reaction",
      "policy_file": "src/strategies/event_earnings_reaction/strategy_policy_v2.py",
      "status": "PASS",
      "reasons": []
    },
    {
      "strategy_folder": "event_news_shock_continuation",
      "policy_file": "src/strategies/event_news_shock_continuation/strategy_policy_v2.py",
      "status": "PASS",
      "reasons": []
    },
    {
      "strategy_folder": "long_horizon_quality_compounder",
      "policy_file": "src/strategies/long_horizon_quality_compounder/strategy_policy_v2.py",
      "status": "PASS",
      "reasons": []
    },
    {
      "strategy_folder": "long_horizon_value",
      "policy_file": "src/strategies/long_horizon_value/strategy_policy_v2.py",
      "status": "PASS",
      "reasons": []
    },
    {
      "strategy_folder": "mean_reversion",
      "policy_file": "src/strategies/mean_reversion/strategy_policy_v2.py",
      "status": "PASS",
      "reasons": []
    },
    {
      "strategy_folder": "opening_drive",
      "policy_file": "src/strategies/opening_drive/strategy_policy_v2.py",
      "status": "PASS",
      "reasons": []
    },
    {
      "strategy_folder": "pairs_divergence_reversion",
      "policy_file": "src/strategies/pairs_divergence_reversion/strategy_policy_v2.py",
      "status": "PASS",
      "reasons": []
    },
    {
      "strategy_folder": "power_hour",
      "policy_file": "src/strategies/power_hour/strategy_policy_v2.py",
      "status": "PASS",
      "reasons": []
    },
    {
      "strategy_folder": "range_bound_fade",
      "policy_file": "src/strategies/range_bound_fade/strategy_policy_v2.py",
      "status": "PASS",
      "reasons": []
    },
    {
      "strategy_folder": "regime_adaptive_meta_allocator",
      "policy_file": "src/strategies/regime_adaptive_meta_allocator/strategy_policy_v2.py",
      "status": "PASS",
      "reasons": []
    },
    {
      "strategy_folder": "ross_momentum",
      "policy_file": "src/strategies/ross_momentum/strategy_policy_v2.py",
      "status": "PASS",
      "reasons": []
    },
    {
      "strategy_folder": "statistical_intraday_momentum",
      "policy_file": "src/strategies/statistical_intraday_momentum/strategy_policy_v2.py",
      "status": "PASS",
      "reasons": []
    },
    {
      "strategy_folder": "support_resistance_channel",
      "policy_file": "src/strategies/support_resistance_channel/strategy_policy_v2.py",
      "status": "PASS",
      "reasons": []
    },
    {
      "strategy_folder": "time_based_seasonality",
      "policy_file": "src/strategies/time_based_seasonality/strategy_policy_v2.py",
      "status": "PASS",
      "reasons": []
    },
    {
      "strategy_folder": "trend_following_classic",
      "policy_file": "src/strategies/trend_following_classic/strategy_policy_v2.py",
      "status": "PASS",
      "reasons": []
    },
    {
      "strategy_folder": "volatility_carry_risk_premium",
      "policy_file": "src/strategies/volatility_carry_risk_premium/strategy_policy_v2.py",
      "status": "PASS",
      "reasons": []
    },
    {
      "strategy_folder": "volatility_contraction_breakout",
      "policy_file": "src/strategies/volatility_contraction_breakout/strategy_policy_v2.py",
      "status": "PASS",
      "reasons": []
    },
    {
      "strategy_folder": "volatility_expansion",
      "policy_file": "src/strategies/volatility_expansion/strategy_policy_v2.py",
      "status": "PASS",
      "reasons": []
    },
    {
      "strategy_folder": "vwap_reclaim",
      "policy_file": "src/strategies/vwap_reclaim/strategy_policy_v2.py",
      "status": "PASS",
      "reasons": []
    }
  ]
}
