Listing 'src'...
Listing 'src/adapters'...
Listing 'src/adapters/brokers'...
Listing 'src/adapters/brokers/ibkr'...
Listing 'src/broker'...
Listing 'src/brokers'...
Listing 'src/cli'...
Listing 'src/config'...
Listing 'src/core'...
Listing 'src/core/managers'...
Listing 'src/core_engine'...
Listing 'src/data'...
Listing 'src/docs'...
Listing 'src/domain'...
Listing 'src/domain/models'...
Listing 'src/e21'...
Listing 'src/e22'...
Listing 'src/events'...
Listing 'src/execution'...
Listing 'src/ibkr'...
Listing 'src/integrity'...
Listing 'src/learning'...
Listing 'src/logs'...
Listing 'src/market_data'...
Listing 'src/metadata'...
Listing 'src/models'...
Listing 'src/news'...
Listing 'src/output'...
Listing 'src/output/watchlists'...
Listing 'src/patterns'...
Listing 'src/performance'...
Listing 'src/prep'...
Listing 'src/regime'...
Listing 'src/risk'...
Listing 'src/scanner'...
Listing 'src/scanner/docs'...
Listing 'src/scanner/output'...
Listing 'src/scanner/output/watchlists'...
Listing 'src/scanner/providers'...
Listing 'src/signals'...
Listing 'src/signals/impl'...
Listing 'src/sim'...
Listing 'src/storage'...
Listing 'src/strategies'...
Listing 'src/strategies/common'...
Listing 'src/strategies/common/candles'...
Listing 'src/strategies/cross_sectional_relative_strength_rotation'...
Listing 'src/strategies/early_entry_momentum'...
Listing 'src/strategies/event_earnings_reaction'...
Listing 'src/strategies/event_earnings_reaction/tests'...
Listing 'src/strategies/event_news_shock_continuation'...
Listing 'src/strategies/event_news_shock_continuation/tests'...
Listing 'src/strategies/long_horizon_quality_compounder'...
Listing 'src/strategies/long_horizon_value'...
Listing 'src/strategies/long_horizon_value/contracts'...
Listing 'src/strategies/long_horizon_value/tests'...
Listing 'src/strategies/mean_reversion'...
Listing 'src/strategies/mean_reversion/governance'...
Listing 'src/strategies/mean_reversion/tests'...
Listing 'src/strategies/opening_drive'...
Listing 'src/strategies/pairs_divergence_reversion'...
Listing 'src/strategies/pairs_divergence_reversion/tests'...
Listing 'src/strategies/power_hour'...
Listing 'src/strategies/range_bound_fade'...
Listing 'src/strategies/regime_adaptive_meta_allocator'...
Listing 'src/strategies/ross_momentum'...
Listing 'src/strategies/ross_momentum/patterns'...
Listing 'src/strategies/ross_momentum/reports'...
Listing 'src/strategies/ross_momentum/tests'...
Listing 'src/strategies/statistical_intraday_momentum'...
Listing 'src/strategies/statistical_intraday_momentum/signal_engine'...
Listing 'src/strategies/statistical_intraday_momentum/tests'...
Listing 'src/strategies/support_resistance_channel'...
Listing 'src/strategies/time_based_seasonality'...
Listing 'src/strategies/trend_following_classic'...
Listing 'src/strategies/volatility_carry_risk_premium'...
Listing 'src/strategies/volatility_carry_risk_premium/tests'...
Listing 'src/strategies/volatility_contraction_breakout'...
Listing 'src/strategies/volatility_contraction_breakout/tests'...
Listing 'src/strategies/volatility_expansion'...
Listing 'src/strategies/vwap_reclaim'...
Listing 'src/strategy'...
Listing 'src/strategy_portfolio'...
Listing 'src/strategy_portfolio/adapters'...
Listing 'src/tests'...
Listing 'src/tools'...
Listing 'src/utils'...
