=== ross_momentum SIM ===
{
  "strategy": "ross_momentum",
  "mode": "SIM",
  "success": true,
  "pipeline": {
    "scanner": true,
    "watchlist_k": true,
    "focus_m": true,
    "strategy_runner": true,
    "intents": true,
    "execution": true
  },
  "counts": {
    "watchlist_k": 0,
    "focus_m": 0,
    "normalised_intents": 0,
    "execution_events": 0
  },
  "watchlist_symbols": [],
  "focus_symbols": []
}
=== statistical_intraday_momentum SIM ===
{
  "strategy": "statistical_intraday_momentum",
  "mode": "SIM",
  "success": true,
  "pipeline": {
    "scanner": true,
    "watchlist_k": true,
    "focus_m": true,
    "strategy_runner": true,
    "intents": true,
    "execution": true
  },
  "counts": {
    "watchlist_k": 0,
    "focus_m": 0,
    "normalised_intents": 0,
    "execution_events": 0
  },
  "watchlist_symbols": [],
  "focus_symbols": []
}
=== mean_reversion SIM ===
{
  "strategy": "mean_reversion",
  "mode": "SIM",
  "success": true,
  "pipeline": {
    "scanner": true,
    "watchlist_k": true,
    "focus_m": true,
    "strategy_runner": true,
    "intents": true,
    "execution": true
  },
  "counts": {
    "watchlist_k": 0,
    "focus_m": 0,
    "normalised_intents": 0,
    "execution_events": 0
  },
  "watchlist_symbols": [],
  "focus_symbols": []
}
=== long_horizon_value SIM ===
{
  "strategy": "long_horizon_value",
  "mode": "SIM",
  "success": true,
  "pipeline": {
    "scanner": true,
    "watchlist_k": true,
    "focus_m": true,
    "strategy_runner": true,
    "intents": true,
    "execution": true
  },
  "counts": {
    "watchlist_k": 0,
    "focus_m": 0,
    "normalised_intents": 0,
    "execution_events": 0
  },
  "watchlist_symbols": [],
  "focus_symbols": []
}
=== ross_momentum PAPER ===
{
  "strategy": "ross_momentum",
  "mode": "PAPER",
  "success": true,
  "pipeline": {
    "scanner": true,
    "watchlist_k": true,
    "focus_m": true,
    "strategy_runner": true,
    "intents": true,
    "execution": true
  },
  "counts": {
    "watchlist_k": 0,
    "focus_m": 0,
    "normalised_intents": 0,
    "execution_events": 0
  },
  "watchlist_symbols": [],
  "focus_symbols": []
}
=== statistical_intraday_momentum PAPER ===
{
  "strategy": "statistical_intraday_momentum",
  "mode": "PAPER",
  "success": true,
  "pipeline": {
    "scanner": true,
    "watchlist_k": true,
    "focus_m": true,
    "strategy_runner": true,
    "intents": true,
    "execution": true
  },
  "counts": {
    "watchlist_k": 0,
    "focus_m": 0,
    "normalised_intents": 0,
    "execution_events": 0
  },
  "watchlist_symbols": [],
  "focus_symbols": []
}
=== mean_reversion PAPER ===
{
  "strategy": "mean_reversion",
  "mode": "PAPER",
  "success": true,
  "pipeline": {
    "scanner": true,
    "watchlist_k": true,
    "focus_m": true,
    "strategy_runner": true,
    "intents": true,
    "execution": true
  },
  "counts": {
    "watchlist_k": 0,
    "focus_m": 0,
    "normalised_intents": 0,
    "execution_events": 0
  },
  "watchlist_symbols": [],
  "focus_symbols": []
}
=== long_horizon_value PAPER ===
{
  "strategy": "long_horizon_value",
  "mode": "PAPER",
  "success": true,
  "pipeline": {
    "scanner": true,
    "watchlist_k": true,
    "focus_m": true,
    "strategy_runner": true,
    "intents": true,
    "execution": true
  },
  "counts": {
    "watchlist_k": 0,
    "focus_m": 0,
    "normalised_intents": 0,
    "execution_events": 0
  },
  "watchlist_symbols": [],
  "focus_symbols": []
}
