API connection failed: ConnectionRefusedError(111, "Connect call failed ('127.0.0.1', 7497)")
Make sure API port on TWS/IBG is open
API connection failed: ConnectionRefusedError(111, "Connect call failed ('127.0.0.1', 7497)")
Make sure API port on TWS/IBG is open
API connection failed: ConnectionRefusedError(111, "Connect call failed ('127.0.0.1', 7497)")
Make sure API port on TWS/IBG is open
API connection failed: ConnectionRefusedError(111, "Connect call failed ('127.0.0.1', 7497)")
Make sure API port on TWS/IBG is open
API connection failed: ConnectionRefusedError(111, "Connect call failed ('127.0.0.1', 7497)")
Make sure API port on TWS/IBG is open
[CONFIG] Loaded 150 variables
[CONFIG] HARD enforced: 30
[CONFIG] Optional: 119
[CONFIG] Scanner symbol cap: 50 (source=DEFAULT)
[CONFIG] Market data snapshot cap: 50 (source=DEFAULT)
[CONFIG] No ambiguous defaults detected
{
  "strategy": "mean_reversion",
  "mode": "PAPER",
  "success": true,
  "pipeline": {
    "scanner": true,
    "watchlist_k": true,
    "focus_m": true,
    "strategy_runner": true,
    "intents": true,
    "execution": true
  },
  "counts": {
    "watchlist_k": 20,
    "focus_m": 5,
    "normalised_intents": 1,
    "execution_events": 1
  },
  "watchlist_symbols": [
    "SYM1",
    "SYM2",
    "SYM3",
    "SYM4",
    "SYM5",
    "SYM6",
    "SYM7",
    "SYM8",
    "SYM9",
    "SYM10",
    "SYM11",
    "SYM12",
    "SYM13",
    "SYM14",
    "SYM15",
    "SYM16",
    "SYM17",
    "SYM18",
    "SYM19",
    "SYM20"
  ],
  "focus_symbols": [
    "FOC1",
    "FOC2",
    "FOC3",
    "FOC4",
    "FOC5"
  ]
}
