[CONFIG] Loaded 177 variables
[CONFIG] HARD enforced: 30
[CONFIG] Optional: 146
[CONFIG] Scanner symbol cap: 50 (source=DEFAULT)
[CONFIG] Market data snapshot cap: 50 (source=DEFAULT)
[CONFIG] No ambiguous defaults detected
[CONFIG] Loaded 177 variables
[CONFIG] HARD enforced: 30
[CONFIG] Optional: 146
[CONFIG] Scanner symbol cap: 50 (source=DEFAULT)
[CONFIG] Market data snapshot cap: 50 (source=DEFAULT)
[CONFIG] No ambiguous defaults detected
[ROSS][STATE] reset trading_day=2026-03-16 session=PRE
[SCANNER] MODE=READONLY SESSION=PRE
[SESSION][MODE] utc=2026-03-16T12:21:06.246025+00:00 ny=2026-03-16T08:21:06.246025-04:00 resolved=PRE canonical=PRE reason=MARKET_CLOCK forced=NONE reference_trading_date=2026-03-16 previous_valid_market_session_date=2026-03-13
[SESSION][RVOL_POLICY] session=PRE watchlist_rvol_min=0.5(STRATEGY) focus_rvol_min=2.0(STRATEGY)
[SESSION][PCT_REFERENCE] session=PRE pct_reference=LAST_RTH_CLOSE gap_reference=SESSION_OPEN_VS_LAST_RTH_CLOSE closed_prep_reference=LAST_SESSION_REFERENCE
[PREP][MODE] session=PRE prep_watchlist_enabled=True seed_enabled=True seed_semantics=PRE_ONLY execution_allowed=True
[PREP][REFERENCE] session=PRE pct_reference=LAST_RTH_CLOSE gap_reference=SESSION_OPEN_VS_LAST_RTH_CLOSE reference_date=2026-03-16
[SESSION][EXECUTION_WINDOW] session=PRE execution_allowed=True execution_allowlist=['PRE', 'RTH_OPEN', 'RTH_MID', 'RTH_LATE'] prep_or_closed_mode=False
[SCANNER][POLICY] source=STRATEGY policy_name=ROSS_MOMENTUM price=1.0-20.0 gap_min=10.0 watchlist_rvol_min=0.5(STRATEGY) focus_rvol_min=2.0(STRATEGY) float_max_millions=20.0 spread_max_pct=None(STRATEGY) allow_unknown_float=True(DEFAULT) watchlist_k=15 focus_m=5
[SCANNER][ENTRY] strategy=ROSS_MOMENTUM strategy_policy_version=v1 requested_top_n=50 watchlist_k=15 focus_m=5 universe=IBKR_TOP_GAINERS universe_source=scanner_request scan_code=TOP_PERC_GAIN scan_code_source=scanner_request instrument=STK instrument_source=scanner_request location=STK.US location_source=scanner_request above_price=1.0 below_price=20.0
[IBKR][MANAGER] init host=127.0.0.1 port=7497 base_client_id=7 readonly=True market_data_type=DELAYED snapshot_timeout_seconds=5
[IBKR][MANAGER] connect_attempt client_id=7
[IBKR][CLIENT] connect host=127.0.0.1 port=7497 client_id=7 timeout=5 market_data_type=DELAYED readonly=True
[IBKR] Error reqId=-1 code=502 msg=Couldn't connect to TWS. Confirm that "Enable ActiveX and Socket EClients" 
is enabled and connection port is the same as "Socket Port" on the 
TWS "Edit->Global Configuration...->API->Settings" menu. Live Trading ports: 
TWS: 7496; IB Gateway: 4001. Simulated Trading ports for new installations 
of version 954.1 or newer:  TWS: 7497; IB Gateway: 4002
[IBKR] Disconnecting client_id=7
[IBKR] Connection closed by broker.
[IBKR][DISCONNECTED] client disconnected
[IBKR] Disconnecting client_id=7
[IBKR] Network loop error: cannot join current thread
[IBKR] Disconnecting client_id=7
[IBKR][DISCONNECTED] client disconnected
[IBKR][MANAGER] connect_failed client_id=7 reason=IBKR connection timeout waiting for handshake
STATE=DEGRADED
STATE=DEGRADED
[SCANNER][WARN] Provider connection failed — falling back to MOCK reason=IBKR connection timeout waiting for handshake
[SCANNER][PROVIDER] provider=MOCK fallback_reason=IBKR connection timeout waiting for handshake
[SCANNER][LIMITS] Symbol limits (value/source/env)
[SCANNER][LIMITS] IBKR_MAX_SYMBOLS_PER_CYCLE=50 source=DEFAULT env=-
[SCANNER][LIMITS] SCANNER_TEACHING_SYMBOL_CAP=0 source=DEFAULT env=-
[SCANNER][LIMITS] Policy caps top_gainers_n=50 watchlist_k=15 focus_m=5 max_symbols_per_cycle=50
[SCANNER][LIMITS] requested_top_n=50 requested_top_n_source=scanner_request_or_policy broker_rows_requested=50 broker_rows_source=resolved_symbol_limit effective_internal_processing_limit=50 effective_limit_source=resolved_symbol_limit reductions=['none']
[SCANNER][LIMITS] Focus list limit=5
[SCANNER][STAGE] bootstrap
[SCANNER][IBKR] universe_return ibkr_returned_count=50 requested_top_n=50 truncation=False reasons=['none']
[SCANNER][IBKR][ATTRIBUTION] raw_zero=False reason=broker_returned_candidates
SCANNER_RAW_N=50 returned 50 symbols
[ROSS][DELTA] new=50 exited=0 unchanged=0 escalated=0
[FLOAT][CACHE_PATH] path=/workspace/ibkr-trading-system/data/reference/float_cache.json
[FLOAT][CACHE_LOAD] path=/workspace/ibkr-trading-system/data/reference/float_cache.json entries=50
[FLOAT][CACHE_PATH] path=/workspace/ibkr-trading-system/data/reference/float_cache.json
[FLOAT][CACHE_LOAD] path=/workspace/ibkr-trading-system/data/reference/float_cache.json entries=50
[FLOAT][RESOLVE] symbol=AAPL source=CACHE value=14656.18M
[FLOAT][RESOLVE] symbol=MSFT source=CACHE value=7414.86M
[FLOAT][RESOLVE] symbol=NVDA source=CACHE value=23330.67M
[FLOAT][RESOLVE] symbol=AMD source=CACHE value=1621.36M
[FLOAT][RESOLVE] symbol=TSLA source=CACHE value=2812.71M
[FLOAT][RESOLVE] symbol=META source=CACHE value=2183.82M
[FLOAT][RESOLVE] symbol=AMZN source=CACHE value=9754.29M
[FLOAT][RESOLVE] symbol=GOOGL source=CACHE value=10832.86M
[FLOAT][RESOLVE] symbol=NFLX source=CACHE value=4192.9M
[FLOAT][RESOLVE] symbol=BABA source=CACHE value=17597.26M
[FLOAT][RESOLVE] symbol=PLTR source=CACHE value=2207.11M
[FLOAT][RESOLVE] symbol=RIVN source=CACHE value=821.13M
[FLOAT][RESOLVE] symbol=SNOW source=CACHE value=332.56M
[FLOAT][RESOLVE] symbol=CRWD source=CACHE value=249.17M
[FLOAT][RESOLVE] symbol=COIN source=CACHE value=219.95M
[FLOAT][RESOLVE] symbol=SOFI source=CACHE value=1254.53M
[FLOAT][RESOLVE] symbol=LCID source=CACHE value=133.87M
[FLOAT][RESOLVE] symbol=NIO source=CACHE value=1879.66M
[FLOAT][RESOLVE] symbol=MARA source=CACHE value=371.75M
[FLOAT][RESOLVE] symbol=RIOT source=CACHE value=348.28M
[FLOAT][RESOLVE] symbol=CLSK source=CACHE value=246.85M
[FLOAT][RESOLVE] symbol=GME source=CACHE value=407.76M
[FLOAT][RESOLVE] symbol=AMC source=CACHE value=524.34M
[FLOAT][RESOLVE] symbol=DKNG source=CACHE value=478.82M
[FLOAT][RESOLVE] symbol=ROKU source=CACHE value=129.63M
[FLOAT][RESOLVE] symbol=UPST source=CACHE value=80.17M
[FLOAT][RESOLVE] symbol=SHOP source=CACHE value=1222.84M
[FLOAT][RESOLVE] symbol=AI source=CACHE value=132.03M
[FLOAT][RESOLVE] symbol=PATH source=CACHE value=417.75M
[FLOAT][RESOLVE] symbol=FUBO source=CACHE value=349.65M
[FLOAT][RESOLVE] symbol=SOUN source=CACHE value=381.94M
[FLOAT][RESOLVE] symbol=IONQ source=CACHE value=360.09M
[FLOAT][RESOLVE] symbol=AVGO source=CACHE value=405.87M
[FLOAT][RESOLVE] symbol=INTC source=CACHE value=4985.96M
[FLOAT][RESOLVE] symbol=MU source=CACHE value=1121.28M
[FLOAT][RESOLVE] symbol=TSM source=CACHE value=24181.56M
[FLOAT][RESOLVE] symbol=ADBE source=CACHE value=409.17M
[FLOAT][RESOLVE] symbol=ORCL source=CACHE value=1706.44M
[FLOAT][RESOLVE] symbol=QCOM source=CACHE value=1064.72M
[FLOAT][RESOLVE] symbol=SPOT source=CACHE value=155.84M
[FLOAT][RESOLVE] symbol=UBER source=CACHE value=2046.94M
[FLOAT][RESOLVE] symbol=LYFT source=CACHE value=321.09M
[FLOAT][RESOLVE] symbol=BA source=CACHE value=753.49M
[FLOAT][RESOLVE] symbol=GE source=CACHE value=1045.12M
[FLOAT][RESOLVE] symbol=XOM source=CACHE value=4155.3M
[FLOAT][RESOLVE] symbol=CVX source=CACHE value=1854.11M
[FLOAT][RESOLVE] symbol=JPM source=CACHE value=2683.01M
[FLOAT][RESOLVE] symbol=BAC source=CACHE value=7149.27M
[FLOAT][RESOLVE] symbol=C source=CACHE value=1743.58M
[FLOAT][RESOLVE] symbol=WFC source=CACHE value=3077.67M
[FLOAT][SUMMARY] requested=50 cache_hits=50 unknown_tolerated=0 discovery_queued=0
[SCANNER][STAGE] gates
[RVOL_DEBUG] symbol=NA session=PRE current_volume=27515675 expected_volume=2674041.66 normalized_rvol=10.29
[RVOL_DEBUG] symbol=NA session=PRE current_volume=27515675 expected_volume=2674041.66 normalized_rvol=10.29
[SCANNER_RVOL] symbol=AAPL session=PRE volume=27515675 avg_volume_20d=3378599 scanner_rvol=162.88
[FLOAT][PROVENANCE] symbol=AAPL value=14656182062 source=YAHOO asof=2026-03-11T12:36:01.660324+00:00 cache_hit=True
[FLOAT] symbol=AAPL class=HIGH_FLOAT shares=14656182062
[PCT] symbol=AAPL session=PRE baseline=LAST_RTH_CLOSE value=24.56
[GAP] symbol=AAPL reference=LAST_RTH_CLOSE value=24.56
[PCT] symbol=AAPL session=PRE baseline=LAST_RTH_CLOSE value=24.56
[PCT_DEBUG] symbol=AAPL session=PRE reference=LAST_RTH_CLOSE last_price=12.07 reference_price=9.69 pct_change=24.56
[GAP] symbol=AAPL source=prep reference=LAST_RTH_CLOSE value=24.56
[RVOL_DEBUG] symbol=AAPL session=PRE current_volume=27515675 expected_phase_volume=168929.95 rvol_discovery=10.29 rvol_phase=162.88
[RVOL] symbol=AAPL session=PRE baseline=LAST_RTH_CLOSE_SESSION_TIME method=SESSION_NORMALIZED_RVOL rvol_discovery=10.29 rvol_phase=162.88 phase_ratio=0.05
[SCANNER][DROP] symbol=AAPL reason=DROP_FLOAT_MAX
[RVOL_DEBUG] symbol=NA session=PRE current_volume=12731375 expected_volume=1836904.76 normalized_rvol=6.93
[RVOL_DEBUG] symbol=NA session=PRE current_volume=12731375 expected_volume=1836904.76 normalized_rvol=6.93
[SCANNER_RVOL] symbol=MSFT session=PRE volume=12731375 avg_volume_20d=2320893 scanner_rvol=109.71
[FLOAT][PROVENANCE] symbol=MSFT value=7414861914 source=YAHOO asof=2026-03-11T12:36:02.110762+00:00 cache_hit=True
[FLOAT] symbol=MSFT class=HIGH_FLOAT shares=7414861914
[PCT] symbol=MSFT session=PRE baseline=LAST_RTH_CLOSE value=13.94
[GAP] symbol=MSFT reference=LAST_RTH_CLOSE value=13.94
[PCT] symbol=MSFT session=PRE baseline=LAST_RTH_CLOSE value=13.94
[PCT_DEBUG] symbol=MSFT session=PRE reference=LAST_RTH_CLOSE last_price=7.93 reference_price=6.96 pct_change=13.94
[GAP] symbol=MSFT source=prep reference=LAST_RTH_CLOSE value=13.94
[RVOL_DEBUG] symbol=MSFT session=PRE current_volume=12731375 expected_phase_volume=116044.65 rvol_discovery=6.93 rvol_phase=109.71
[RVOL] symbol=MSFT session=PRE baseline=LAST_RTH_CLOSE_SESSION_TIME method=SESSION_NORMALIZED_RVOL rvol_discovery=6.93 rvol_phase=109.71 phase_ratio=0.05
[SCANNER][DROP] symbol=MSFT reason=DROP_FLOAT_MAX
[RVOL_DEBUG] symbol=NA session=PRE current_volume=24154533 expected_volume=2651566.44 normalized_rvol=9.11
[RVOL_DEBUG] symbol=NA session=PRE current_volume=24154533 expected_volume=2651566.44 normalized_rvol=9.11
[SCANNER_RVOL] symbol=NVDA session=PRE volume=24154533 avg_volume_20d=3350202 scanner_rvol=144.2
[FLOAT][PROVENANCE] symbol=NVDA value=23330673000 source=YAHOO asof=2026-03-11T12:36:02.503844+00:00 cache_hit=True
[FLOAT] symbol=NVDA class=HIGH_FLOAT shares=23330673000
[PCT] symbol=NVDA session=PRE baseline=LAST_RTH_CLOSE value=20.81
[GAP] symbol=NVDA reference=LAST_RTH_CLOSE value=20.81
[PCT] symbol=NVDA session=PRE baseline=LAST_RTH_CLOSE value=20.81
[PCT_DEBUG] symbol=NVDA session=PRE reference=LAST_RTH_CLOSE last_price=11.61 reference_price=9.61 pct_change=20.81
[GAP] symbol=NVDA source=prep reference=LAST_RTH_CLOSE value=20.81
[RVOL_DEBUG] symbol=NVDA session=PRE current_volume=24154533 expected_phase_volume=167510.1 rvol_discovery=9.11 rvol_phase=144.2
[RVOL] symbol=NVDA session=PRE baseline=LAST_RTH_CLOSE_SESSION_TIME method=SESSION_NORMALIZED_RVOL rvol_discovery=9.11 rvol_phase=144.2 phase_ratio=0.05
[SCANNER][DROP] symbol=NVDA reason=DROP_FLOAT_MAX
[RVOL_DEBUG] symbol=NA session=PRE current_volume=22987348 expected_volume=2163879.38 normalized_rvol=10.62
[RVOL_DEBUG] symbol=NA session=PRE current_volume=22987348 expected_volume=2163879.38 normalized_rvol=10.62
[SCANNER_RVOL] symbol=AMD session=PRE volume=22987348 avg_volume_20d=2734019 scanner_rvol=168.16
[FLOAT][PROVENANCE] symbol=AMD value=1621362063 source=YAHOO asof=2026-03-11T12:36:02.985120+00:00 cache_hit=True
[FLOAT] symbol=AMD class=HIGH_FLOAT shares=1621362063
[PCT] symbol=AMD session=PRE baseline=LAST_RTH_CLOSE value=25.69
[GAP] symbol=AMD reference=LAST_RTH_CLOSE value=25.69
[PCT] symbol=AMD session=PRE baseline=LAST_RTH_CLOSE value=25.69
[PCT_DEBUG] symbol=AMD session=PRE reference=LAST_RTH_CLOSE last_price=10.08 reference_price=8.02 pct_change=25.69
[GAP] symbol=AMD source=prep reference=LAST_RTH_CLOSE value=25.69
[RVOL_DEBUG] symbol=AMD session=PRE current_volume=22987348 expected_phase_volume=136700.95 rvol_discovery=10.62 rvol_phase=168.16
[RVOL] symbol=AMD session=PRE baseline=LAST_RTH_CLOSE_SESSION_TIME method=SESSION_NORMALIZED_RVOL rvol_discovery=10.62 rvol_phase=168.16 phase_ratio=0.05
[SCANNER][DROP] symbol=AMD reason=DROP_FLOAT_MAX
[RVOL_DEBUG] symbol=NA session=PRE current_volume=21329714 expected_volume=2254089.73 normalized_rvol=9.46
[RVOL_DEBUG] symbol=NA session=PRE current_volume=21329714 expected_volume=2254089.73 normalized_rvol=9.46
[SCANNER_RVOL] symbol=TSLA session=PRE volume=21329714 avg_volume_20d=2847998 scanner_rvol=149.79
[FLOAT][PROVENANCE] symbol=TSLA value=2812710442 source=YAHOO asof=2026-03-11T12:36:03.420709+00:00 cache_hit=True
[FLOAT] symbol=TSLA class=HIGH_FLOAT shares=2812710442
[PCT] symbol=TSLA session=PRE baseline=LAST_RTH_CLOSE value=22.0
[GAP] symbol=TSLA reference=LAST_RTH_CLOSE value=22.0
[PCT] symbol=TSLA session=PRE baseline=LAST_RTH_CLOSE value=22.0
[PCT_DEBUG] symbol=TSLA session=PRE reference=LAST_RTH_CLOSE last_price=10.15 reference_price=8.32 pct_change=22.0
[GAP] symbol=TSLA source=prep reference=LAST_RTH_CLOSE value=22.0
[RVOL_DEBUG] symbol=TSLA session=PRE current_volume=21329714 expected_phase_volume=142399.9 rvol_discovery=9.46 rvol_phase=149.79
[RVOL] symbol=TSLA session=PRE baseline=LAST_RTH_CLOSE_SESSION_TIME method=SESSION_NORMALIZED_RVOL rvol_discovery=9.46 rvol_phase=149.79 phase_ratio=0.05
[SCANNER][DROP] symbol=TSLA reason=DROP_FLOAT_MAX
[RVOL_DEBUG] symbol=NA session=PRE current_volume=13960964 expected_volume=1454483.29 normalized_rvol=9.6
[RVOL_DEBUG] symbol=NA session=PRE current_volume=13960964 expected_volume=1454483.29 normalized_rvol=9.6
[SCANNER_RVOL] symbol=META session=PRE volume=13960964 avg_volume_20d=1837711 scanner_rvol=151.94
[FLOAT][PROVENANCE] symbol=META value=2183815823 source=YAHOO asof=2026-03-11T12:36:03.924496+00:00 cache_hit=True
[FLOAT] symbol=META class=HIGH_FLOAT shares=2183815823
[PCT] symbol=META session=PRE baseline=LAST_RTH_CLOSE value=22.42
[GAP] symbol=META reference=LAST_RTH_CLOSE value=22.42
[PCT] symbol=META session=PRE baseline=LAST_RTH_CLOSE value=22.42
[PCT_DEBUG] symbol=META session=PRE reference=LAST_RTH_CLOSE last_price=6.99 reference_price=5.71 pct_change=22.42
[GAP] symbol=META source=prep reference=LAST_RTH_CLOSE value=22.42
[RVOL_DEBUG] symbol=META session=PRE current_volume=13960964 expected_phase_volume=91885.55 rvol_discovery=9.6 rvol_phase=151.94
[RVOL] symbol=META session=PRE baseline=LAST_RTH_CLOSE_SESSION_TIME method=SESSION_NORMALIZED_RVOL rvol_discovery=9.6 rvol_phase=151.94 phase_ratio=0.05
[SCANNER][DROP] symbol=META reason=DROP_FLOAT_MAX
[RVOL_DEBUG] symbol=NA session=PRE current_volume=6621166 expected_volume=677587.13 normalized_rvol=9.77
[RVOL_DEBUG] symbol=NA session=PRE current_volume=6621166 expected_volume=677587.13 normalized_rvol=9.77
[SCANNER_RVOL] symbol=AMZN session=PRE volume=6621166 avg_volume_20d=856118 scanner_rvol=154.68
[FLOAT][PROVENANCE] symbol=AMZN value=9754285849 source=YAHOO asof=2026-03-11T12:36:04.638154+00:00 cache_hit=True
[FLOAT] symbol=AMZN class=HIGH_FLOAT shares=9754285849
[PCT] symbol=AMZN session=PRE baseline=LAST_RTH_CLOSE value=22.96
[GAP] symbol=AMZN reference=LAST_RTH_CLOSE value=22.96
[PCT] symbol=AMZN session=PRE baseline=LAST_RTH_CLOSE value=22.96
[PCT_DEBUG] symbol=AMZN session=PRE reference=LAST_RTH_CLOSE last_price=3.91 reference_price=3.18 pct_change=22.96
[GAP] symbol=AMZN source=prep reference=LAST_RTH_CLOSE value=22.96
[RVOL_DEBUG] symbol=AMZN session=PRE current_volume=6621166 expected_phase_volume=42805.9 rvol_discovery=9.77 rvol_phase=154.68
[RVOL] symbol=AMZN session=PRE baseline=LAST_RTH_CLOSE_SESSION_TIME method=SESSION_NORMALIZED_RVOL rvol_discovery=9.77 rvol_phase=154.68 phase_ratio=0.05
[SCANNER][DROP] symbol=AMZN reason=DROP_FLOAT_MAX
[RVOL_DEBUG] symbol=NA session=PRE current_volume=18857628 expected_volume=2287992.91 normalized_rvol=8.24
[RVOL_DEBUG] symbol=NA session=PRE current_volume=18857628 expected_volume=2287992.91 normalized_rvol=8.24
[SCANNER_RVOL] symbol=GOOGL session=PRE volume=18857628 avg_volume_20d=2890834 scanner_rvol=130.46
[FLOAT][PROVENANCE] symbol=GOOGL value=10832863500 source=YAHOO asof=2026-03-11T12:36:05.034532+00:00 cache_hit=True
[FLOAT] symbol=GOOGL class=HIGH_FLOAT shares=10832863500
[PCT] symbol=GOOGL session=PRE baseline=LAST_RTH_CLOSE value=18.15
[GAP] symbol=GOOGL reference=LAST_RTH_CLOSE value=18.15
[PCT] symbol=GOOGL session=PRE baseline=LAST_RTH_CLOSE value=18.15
[PCT_DEBUG] symbol=GOOGL session=PRE reference=LAST_RTH_CLOSE last_price=9.96 reference_price=8.43 pct_change=18.15
[GAP] symbol=GOOGL source=prep reference=LAST_RTH_CLOSE value=18.15
[RVOL_DEBUG] symbol=GOOGL session=PRE current_volume=18857628 expected_phase_volume=144541.7 rvol_discovery=8.24 rvol_phase=130.46
[RVOL] symbol=GOOGL session=PRE baseline=LAST_RTH_CLOSE_SESSION_TIME method=SESSION_NORMALIZED_RVOL rvol_discovery=8.24 rvol_phase=130.46 phase_ratio=0.05
[SCANNER][DROP] symbol=GOOGL reason=DROP_FLOAT_MAX
[RVOL_DEBUG] symbol=NA session=PRE current_volume=16144452 expected_volume=1432529.64 normalized_rvol=11.27
[RVOL_DEBUG] symbol=NA session=PRE current_volume=16144452 expected_volume=1432529.64 normalized_rvol=11.27
[SCANNER_RVOL] symbol=NFLX session=PRE volume=16144452 avg_volume_20d=1809973 scanner_rvol=178.39
[FLOAT][PROVENANCE] symbol=NFLX value=4192902566 source=YAHOO asof=2026-03-11T12:36:05.428564+00:00 cache_hit=True
[FLOAT] symbol=NFLX class=HIGH_FLOAT shares=4192902566
[PCT] symbol=NFLX session=PRE baseline=LAST_RTH_CLOSE value=27.66
[GAP] symbol=NFLX reference=LAST_RTH_CLOSE value=27.66
[PCT] symbol=NFLX session=PRE baseline=LAST_RTH_CLOSE value=27.66
[PCT_DEBUG] symbol=NFLX session=PRE reference=LAST_RTH_CLOSE last_price=7.2 reference_price=5.64 pct_change=27.66
[GAP] symbol=NFLX source=prep reference=LAST_RTH_CLOSE value=27.66
[RVOL_DEBUG] symbol=NFLX session=PRE current_volume=16144452 expected_phase_volume=90498.65 rvol_discovery=11.27 rvol_phase=178.39
[RVOL] symbol=NFLX session=PRE baseline=LAST_RTH_CLOSE_SESSION_TIME method=SESSION_NORMALIZED_RVOL rvol_discovery=11.27 rvol_phase=178.39 phase_ratio=0.05
[SCANNER][DROP] symbol=NFLX reason=DROP_FLOAT_MAX
[RVOL_DEBUG] symbol=NA session=PRE current_volume=16503911 expected_volume=1995928.21 normalized_rvol=8.27
[RVOL_DEBUG] symbol=NA session=PRE current_volume=16503911 expected_volume=1995928.21 normalized_rvol=8.27
[SCANNER_RVOL] symbol=BABA session=PRE volume=16503911 avg_volume_20d=2521816 scanner_rvol=130.89
[FLOAT][PROVENANCE] symbol=BABA value=17597260863 source=YAHOO asof=2026-03-11T12:36:06.056343+00:00 cache_hit=True
[FLOAT] symbol=BABA class=HIGH_FLOAT shares=17597260863
[PCT] symbol=BABA session=PRE baseline=LAST_RTH_CLOSE value=18.18
[GAP] symbol=BABA reference=LAST_RTH_CLOSE value=18.18
[PCT] symbol=BABA session=PRE baseline=LAST_RTH_CLOSE value=18.18
[PCT_DEBUG] symbol=BABA session=PRE reference=LAST_RTH_CLOSE last_price=8.84 reference_price=7.48 pct_change=18.18
[GAP] symbol=BABA source=prep reference=LAST_RTH_CLOSE value=18.18
[RVOL_DEBUG] symbol=BABA session=PRE current_volume=16503911 expected_phase_volume=126090.8 rvol_discovery=8.27 rvol_phase=130.89
[RVOL] symbol=BABA session=PRE baseline=LAST_RTH_CLOSE_SESSION_TIME method=SESSION_NORMALIZED_RVOL rvol_discovery=8.27 rvol_phase=130.89 phase_ratio=0.05
[SCANNER][DROP] symbol=BABA reason=DROP_FLOAT_MAX
[RVOL_DEBUG] symbol=NA session=PRE current_volume=9945212 expected_volume=903821.76 normalized_rvol=11.0
[RVOL_DEBUG] symbol=NA session=PRE current_volume=9945212 expected_volume=903821.76 normalized_rvol=11.0
[SCANNER_RVOL] symbol=PLTR session=PRE volume=9945212 avg_volume_20d=1141961 scanner_rvol=174.18
[FLOAT][PROVENANCE] symbol=PLTR value=2207110096 source=YAHOO asof=2026-03-11T12:36:06.531170+00:00 cache_hit=True
[FLOAT] symbol=PLTR class=HIGH_FLOAT shares=2207110096
[PCT] symbol=PLTR session=PRE baseline=LAST_RTH_CLOSE value=26.85
[GAP] symbol=PLTR reference=LAST_RTH_CLOSE value=26.85
[PCT] symbol=PLTR session=PRE baseline=LAST_RTH_CLOSE value=26.85
[PCT_DEBUG] symbol=PLTR session=PRE reference=LAST_RTH_CLOSE last_price=4.96 reference_price=3.91 pct_change=26.85
[GAP] symbol=PLTR source=prep reference=LAST_RTH_CLOSE value=26.85
[RVOL_DEBUG] symbol=PLTR session=PRE current_volume=9945212 expected_phase_volume=57098.05 rvol_discovery=11.0 rvol_phase=174.18
[RVOL] symbol=PLTR session=PRE baseline=LAST_RTH_CLOSE_SESSION_TIME method=SESSION_NORMALIZED_RVOL rvol_discovery=11.0 rvol_phase=174.18 phase_ratio=0.05
[SCANNER][DROP] symbol=PLTR reason=DROP_FLOAT_MAX
[RVOL_DEBUG] symbol=NA session=PRE current_volume=23904875 expected_volume=2475608.02 normalized_rvol=9.66
[RVOL_DEBUG] symbol=NA session=PRE current_volume=23904875 expected_volume=2475608.02 normalized_rvol=9.66
[SCANNER_RVOL] symbol=RIVN session=PRE volume=23904875 avg_volume_20d=3127882 scanner_rvol=152.85
[FLOAT][PROVENANCE] symbol=RIVN value=821125714 source=YAHOO asof=2026-03-11T12:36:07.005669+00:00 cache_hit=True
[FLOAT] symbol=RIVN class=HIGH_FLOAT shares=821125714
[PCT] symbol=RIVN session=PRE baseline=LAST_RTH_CLOSE value=22.57
[GAP] symbol=RIVN reference=LAST_RTH_CLOSE value=22.57
[PCT] symbol=RIVN session=PRE baseline=LAST_RTH_CLOSE value=22.57
[PCT_DEBUG] symbol=RIVN session=PRE reference=LAST_RTH_CLOSE last_price=11.08 reference_price=9.04 pct_change=22.57
[GAP] symbol=RIVN source=prep reference=LAST_RTH_CLOSE value=22.57
[RVOL_DEBUG] symbol=RIVN session=PRE current_volume=23904875 expected_phase_volume=156394.1 rvol_discovery=9.66 rvol_phase=152.85
[RVOL] symbol=RIVN session=PRE baseline=LAST_RTH_CLOSE_SESSION_TIME method=SESSION_NORMALIZED_RVOL rvol_discovery=9.66 rvol_phase=152.85 phase_ratio=0.05
[SCANNER][DROP] symbol=RIVN reason=DROP_FLOAT_MAX
[RVOL_DEBUG] symbol=NA session=PRE current_volume=5286581 expected_volume=465218.17 normalized_rvol=11.36
[RVOL_DEBUG] symbol=NA session=PRE current_volume=5286581 expected_volume=465218.17 normalized_rvol=11.36
[SCANNER_RVOL] symbol=SNOW session=PRE volume=5286581 avg_volume_20d=587794 scanner_rvol=179.88
[FLOAT][PROVENANCE] symbol=SNOW value=332556707 source=YAHOO asof=2026-03-11T12:36:07.485558+00:00 cache_hit=True
[FLOAT] symbol=SNOW class=HIGH_FLOAT shares=332556707
[PCT] symbol=SNOW session=PRE baseline=LAST_RTH_CLOSE value=27.82
[GAP] symbol=SNOW reference=LAST_RTH_CLOSE value=27.82
[PCT] symbol=SNOW session=PRE baseline=LAST_RTH_CLOSE value=27.82
[PCT_DEBUG] symbol=SNOW session=PRE reference=LAST_RTH_CLOSE last_price=3.17 reference_price=2.48 pct_change=27.82
[GAP] symbol=SNOW source=prep reference=LAST_RTH_CLOSE value=27.82
[RVOL_DEBUG] symbol=SNOW session=PRE current_volume=5286581 expected_phase_volume=29389.7 rvol_discovery=11.36 rvol_phase=179.88
[RVOL] symbol=SNOW session=PRE baseline=LAST_RTH_CLOSE_SESSION_TIME method=SESSION_NORMALIZED_RVOL rvol_discovery=11.36 rvol_phase=179.88 phase_ratio=0.05
[SCANNER][DROP] symbol=SNOW reason=DROP_FLOAT_MAX
[RVOL_DEBUG] symbol=NA session=PRE current_volume=8027486 expected_volume=856925.1 normalized_rvol=9.37
[RVOL_DEBUG] symbol=NA session=PRE current_volume=8027486 expected_volume=856925.1 normalized_rvol=9.37
[SCANNER_RVOL] symbol=CRWD session=PRE volume=8027486 avg_volume_20d=1082708 scanner_rvol=148.29
[FLOAT][PROVENANCE] symbol=CRWD value=249165699 source=YAHOO asof=2026-03-11T12:36:07.979039+00:00 cache_hit=True
[FLOAT] symbol=CRWD class=HIGH_FLOAT shares=249165699
[PCT] symbol=CRWD session=PRE baseline=LAST_RTH_CLOSE value=21.54
[GAP] symbol=CRWD reference=LAST_RTH_CLOSE value=21.54
[PCT] symbol=CRWD session=PRE baseline=LAST_RTH_CLOSE value=21.54
[PCT_DEBUG] symbol=CRWD session=PRE reference=LAST_RTH_CLOSE last_price=4.57 reference_price=3.76 pct_change=21.54
[GAP] symbol=CRWD source=prep reference=LAST_RTH_CLOSE value=21.54
[RVOL_DEBUG] symbol=CRWD session=PRE current_volume=8027486 expected_phase_volume=54135.4 rvol_discovery=9.37 rvol_phase=148.29
[RVOL] symbol=CRWD session=PRE baseline=LAST_RTH_CLOSE_SESSION_TIME method=SESSION_NORMALIZED_RVOL rvol_discovery=9.37 rvol_phase=148.29 phase_ratio=0.05
[SCANNER][DROP] symbol=CRWD reason=DROP_FLOAT_MAX
[RVOL_DEBUG] symbol=NA session=PRE current_volume=23953418 expected_volume=2689233.83 normalized_rvol=8.91
[RVOL_DEBUG] symbol=NA session=PRE current_volume=23953418 expected_volume=2689233.83 normalized_rvol=8.91
[SCANNER_RVOL] symbol=COIN session=PRE volume=23953418 avg_volume_20d=3397794 scanner_rvol=140.99
[FLOAT][PROVENANCE] symbol=COIN value=219948208 source=YAHOO asof=2026-03-11T12:36:08.429511+00:00 cache_hit=True
[FLOAT] symbol=COIN class=HIGH_FLOAT shares=219948208
[PCT] symbol=COIN session=PRE baseline=LAST_RTH_CLOSE value=20.23
[GAP] symbol=COIN reference=LAST_RTH_CLOSE value=20.23
[PCT] symbol=COIN session=PRE baseline=LAST_RTH_CLOSE value=20.23
[PCT_DEBUG] symbol=COIN session=PRE reference=LAST_RTH_CLOSE last_price=11.71 reference_price=9.74 pct_change=20.23
[GAP] symbol=COIN source=prep reference=LAST_RTH_CLOSE value=20.23
[RVOL_DEBUG] symbol=COIN session=PRE current_volume=23953418 expected_phase_volume=169889.7 rvol_discovery=8.91 rvol_phase=140.99
[RVOL] symbol=COIN session=PRE baseline=LAST_RTH_CLOSE_SESSION_TIME method=SESSION_NORMALIZED_RVOL rvol_discovery=8.91 rvol_phase=140.99 phase_ratio=0.05
[SCANNER][DROP] symbol=COIN reason=DROP_FLOAT_MAX
[RVOL_DEBUG] symbol=NA session=PRE current_volume=4592370 expected_volume=631926.74 normalized_rvol=7.27
[RVOL_DEBUG] symbol=NA session=PRE current_volume=4592370 expected_volume=631926.74 normalized_rvol=7.27
[SCANNER_RVOL] symbol=SOFI session=PRE volume=4592370 avg_volume_20d=798427 scanner_rvol=115.04
[FLOAT][PROVENANCE] symbol=SOFI value=1254528060 source=YAHOO asof=2026-03-11T12:36:08.828502+00:00 cache_hit=True
[FLOAT] symbol=SOFI class=HIGH_FLOAT shares=1254528060
[PCT] symbol=SOFI session=PRE baseline=LAST_RTH_CLOSE value=14.85
[GAP] symbol=SOFI reference=LAST_RTH_CLOSE value=14.85
[PCT] symbol=SOFI session=PRE baseline=LAST_RTH_CLOSE value=14.85
[PCT_DEBUG] symbol=SOFI session=PRE reference=LAST_RTH_CLOSE last_price=3.48 reference_price=3.03 pct_change=14.85
[GAP] symbol=SOFI source=prep reference=LAST_RTH_CLOSE value=14.85
[RVOL_DEBUG] symbol=SOFI session=PRE current_volume=4592370 expected_phase_volume=39921.35 rvol_discovery=7.27 rvol_phase=115.04
[RVOL] symbol=SOFI session=PRE baseline=LAST_RTH_CLOSE_SESSION_TIME method=SESSION_NORMALIZED_RVOL rvol_discovery=7.27 rvol_phase=115.04 phase_ratio=0.05
[SCANNER][DROP] symbol=SOFI reason=DROP_FLOAT_MAX
[RVOL_DEBUG] symbol=NA session=PRE current_volume=14117645 expected_volume=1866864.07 normalized_rvol=7.56
[RVOL_DEBUG] symbol=NA session=PRE current_volume=14117645 expected_volume=1866864.07 normalized_rvol=7.56
[SCANNER_RVOL] symbol=LCID session=PRE volume=14117645 avg_volume_20d=2358746 scanner_rvol=119.7
[FLOAT][PROVENANCE] symbol=LCID value=133872121 source=YAHOO asof=2026-03-11T12:36:09.239730+00:00 cache_hit=True
[FLOAT] symbol=LCID class=HIGH_FLOAT shares=133872121
[PCT] symbol=LCID session=PRE baseline=LAST_RTH_CLOSE value=15.89
[GAP] symbol=LCID reference=LAST_RTH_CLOSE value=15.89
[PCT] symbol=LCID session=PRE baseline=LAST_RTH_CLOSE value=15.89
[PCT_DEBUG] symbol=LCID session=PRE reference=LAST_RTH_CLOSE last_price=8.17 reference_price=7.05 pct_change=15.89
[GAP] symbol=LCID source=prep reference=LAST_RTH_CLOSE value=15.89
[RVOL_DEBUG] symbol=LCID session=PRE current_volume=14117645 expected_phase_volume=117937.3 rvol_discovery=7.56 rvol_phase=119.7
[RVOL] symbol=LCID session=PRE baseline=LAST_RTH_CLOSE_SESSION_TIME method=SESSION_NORMALIZED_RVOL rvol_discovery=7.56 rvol_phase=119.7 phase_ratio=0.05
[SCANNER][DROP] symbol=LCID reason=DROP_FLOAT_MAX
[RVOL_DEBUG] symbol=NA session=PRE current_volume=11747831 expected_volume=1580472.59 normalized_rvol=7.43
[RVOL_DEBUG] symbol=NA session=PRE current_volume=11747831 expected_volume=1580472.59 normalized_rvol=7.43
[SCANNER_RVOL] symbol=NIO session=PRE volume=11747831 avg_volume_20d=1996896 scanner_rvol=117.66
[FLOAT][PROVENANCE] symbol=NIO value=1879658938 source=YAHOO asof=2026-03-11T12:36:09.659197+00:00 cache_hit=True
[FLOAT] symbol=NIO class=HIGH_FLOAT shares=1879658938
[PCT] symbol=NIO session=PRE baseline=LAST_RTH_CLOSE value=15.52
[GAP] symbol=NIO reference=LAST_RTH_CLOSE value=15.52
[PCT] symbol=NIO session=PRE baseline=LAST_RTH_CLOSE value=15.52
[PCT_DEBUG] symbol=NIO session=PRE reference=LAST_RTH_CLOSE last_price=7.07 reference_price=6.12 pct_change=15.52
[GAP] symbol=NIO source=prep reference=LAST_RTH_CLOSE value=15.52
[RVOL_DEBUG] symbol=NIO session=PRE current_volume=11747831 expected_phase_volume=99844.8 rvol_discovery=7.43 rvol_phase=117.66
[RVOL] symbol=NIO session=PRE baseline=LAST_RTH_CLOSE_SESSION_TIME method=SESSION_NORMALIZED_RVOL rvol_discovery=7.43 rvol_phase=117.66 phase_ratio=0.05
[SCANNER][DROP] symbol=NIO reason=DROP_FLOAT_MAX
[RVOL_DEBUG] symbol=NA session=PRE current_volume=23413407 expected_volume=2353835.65 normalized_rvol=9.95
[RVOL_DEBUG] symbol=NA session=PRE current_volume=23413407 expected_volume=2353835.65 normalized_rvol=9.95
[SCANNER_RVOL] symbol=MARA session=PRE volume=23413407 avg_volume_20d=2974025 scanner_rvol=157.45
[FLOAT][PROVENANCE] symbol=MARA value=371751600 source=YAHOO asof=2026-03-11T12:36:10.153127+00:00 cache_hit=True
[FLOAT] symbol=MARA class=HIGH_FLOAT shares=371751600
[PCT] symbol=MARA session=PRE baseline=LAST_RTH_CLOSE value=23.5
[GAP] symbol=MARA reference=LAST_RTH_CLOSE value=23.5
[PCT] symbol=MARA session=PRE baseline=LAST_RTH_CLOSE value=23.5
[PCT_DEBUG] symbol=MARA session=PRE reference=LAST_RTH_CLOSE last_price=10.67 reference_price=8.64 pct_change=23.5
[GAP] symbol=MARA source=prep reference=LAST_RTH_CLOSE value=23.5
[RVOL_DEBUG] symbol=MARA session=PRE current_volume=23413407 expected_phase_volume=148701.25 rvol_discovery=9.95 rvol_phase=157.45
[RVOL] symbol=MARA session=PRE baseline=LAST_RTH_CLOSE_SESSION_TIME method=SESSION_NORMALIZED_RVOL rvol_discovery=9.95 rvol_phase=157.45 phase_ratio=0.05
[SCANNER][DROP] symbol=MARA reason=DROP_FLOAT_MAX
[RVOL_DEBUG] symbol=NA session=PRE current_volume=18135261 expected_volume=1863525.67 normalized_rvol=9.73
[RVOL_DEBUG] symbol=NA session=PRE current_volume=18135261 expected_volume=1863525.67 normalized_rvol=9.73
[SCANNER_RVOL] symbol=RIOT session=PRE volume=18135261 avg_volume_20d=2354528 scanner_rvol=154.05
[FLOAT][PROVENANCE] symbol=RIOT value=348276379 source=YAHOO asof=2026-03-11T12:36:10.546446+00:00 cache_hit=True
[FLOAT] symbol=RIOT class=HIGH_FLOAT shares=348276379
[PCT] symbol=RIOT session=PRE baseline=LAST_RTH_CLOSE value=22.87
[GAP] symbol=RIOT reference=LAST_RTH_CLOSE value=22.87
[PCT] symbol=RIOT session=PRE baseline=LAST_RTH_CLOSE value=22.87
[PCT_DEBUG] symbol=RIOT session=PRE reference=LAST_RTH_CLOSE last_price=8.65 reference_price=7.04 pct_change=22.87
[GAP] symbol=RIOT source=prep reference=LAST_RTH_CLOSE value=22.87
[RVOL_DEBUG] symbol=RIOT session=PRE current_volume=18135261 expected_phase_volume=117726.4 rvol_discovery=9.73 rvol_phase=154.05
[RVOL] symbol=RIOT session=PRE baseline=LAST_RTH_CLOSE_SESSION_TIME method=SESSION_NORMALIZED_RVOL rvol_discovery=9.73 rvol_phase=154.05 phase_ratio=0.05
[SCANNER][DROP] symbol=RIOT reason=DROP_FLOAT_MAX
[RVOL_DEBUG] symbol=NA session=PRE current_volume=3523423 expected_volume=357772.89 normalized_rvol=9.85
[RVOL_DEBUG] symbol=NA session=PRE current_volume=3523423 expected_volume=357772.89 normalized_rvol=9.85
[SCANNER_RVOL] symbol=CLSK session=PRE volume=3523423 avg_volume_20d=452039 scanner_rvol=155.89
[FLOAT][PROVENANCE] symbol=CLSK value=246852712 source=YAHOO asof=2026-03-11T12:36:11.088257+00:00 cache_hit=True
[FLOAT] symbol=CLSK class=HIGH_FLOAT shares=246852712
[PCT] symbol=CLSK session=PRE baseline=LAST_RTH_CLOSE value=23.0
[GAP] symbol=CLSK reference=LAST_RTH_CLOSE value=23.0
[PCT] symbol=CLSK session=PRE baseline=LAST_RTH_CLOSE value=23.0
[PCT_DEBUG] symbol=CLSK session=PRE reference=LAST_RTH_CLOSE last_price=2.62 reference_price=2.13 pct_change=23.0
[GAP] symbol=CLSK source=prep reference=LAST_RTH_CLOSE value=23.0
[RVOL_DEBUG] symbol=CLSK session=PRE current_volume=3523423 expected_phase_volume=22601.95 rvol_discovery=9.85 rvol_phase=155.89
[RVOL] symbol=CLSK session=PRE baseline=LAST_RTH_CLOSE_SESSION_TIME method=SESSION_NORMALIZED_RVOL rvol_discovery=9.85 rvol_phase=155.89 phase_ratio=0.05
[SCANNER][DROP] symbol=CLSK reason=DROP_FLOAT_MAX
[RVOL_DEBUG] symbol=NA session=PRE current_volume=30534216 expected_volume=2702553.39 normalized_rvol=11.3
[RVOL_DEBUG] symbol=NA session=PRE current_volume=30534216 expected_volume=2702553.39 normalized_rvol=11.3
[SCANNER_RVOL] symbol=GME session=PRE volume=30534216 avg_volume_20d=3414623 scanner_rvol=178.84
[FLOAT][PROVENANCE] symbol=GME value=407763681 source=YAHOO asof=2026-03-11T12:36:11.569535+00:00 cache_hit=True
[FLOAT] symbol=GME class=HIGH_FLOAT shares=407763681
[PCT] symbol=GME session=PRE baseline=LAST_RTH_CLOSE value=27.81
[GAP] symbol=GME reference=LAST_RTH_CLOSE value=27.81
[PCT] symbol=GME session=PRE baseline=LAST_RTH_CLOSE value=27.81
[PCT_DEBUG] symbol=GME session=PRE reference=LAST_RTH_CLOSE last_price=12.5 reference_price=9.78 pct_change=27.81
[GAP] symbol=GME source=prep reference=LAST_RTH_CLOSE value=27.81
[RVOL_DEBUG] symbol=GME session=PRE current_volume=30534216 expected_phase_volume=170731.15 rvol_discovery=11.3 rvol_phase=178.84
[RVOL] symbol=GME session=PRE baseline=LAST_RTH_CLOSE_SESSION_TIME method=SESSION_NORMALIZED_RVOL rvol_discovery=11.3 rvol_phase=178.84 phase_ratio=0.05
[SCANNER][DROP] symbol=GME reason=DROP_FLOAT_MAX
[RVOL_DEBUG] symbol=NA session=PRE current_volume=20867124 expected_volume=2508158.59 normalized_rvol=8.32
[RVOL_DEBUG] symbol=NA session=PRE current_volume=20867124 expected_volume=2508158.59 normalized_rvol=8.32
[SCANNER_RVOL] symbol=AMC session=PRE volume=20867124 avg_volume_20d=3169009 scanner_rvol=131.69
[FLOAT][PROVENANCE] symbol=AMC value=524342013 source=YAHOO asof=2026-03-11T12:36:11.967970+00:00 cache_hit=True
[FLOAT] symbol=AMC class=HIGH_FLOAT shares=524342013
[PCT] symbol=AMC session=PRE baseline=LAST_RTH_CLOSE value=18.36
[GAP] symbol=AMC reference=LAST_RTH_CLOSE value=18.36
[PCT] symbol=AMC session=PRE baseline=LAST_RTH_CLOSE value=18.36
[PCT_DEBUG] symbol=AMC session=PRE reference=LAST_RTH_CLOSE last_price=10.83 reference_price=9.15 pct_change=18.36
[GAP] symbol=AMC source=prep reference=LAST_RTH_CLOSE value=18.36
[RVOL_DEBUG] symbol=AMC session=PRE current_volume=20867124 expected_phase_volume=158450.45 rvol_discovery=8.32 rvol_phase=131.69
[RVOL] symbol=AMC session=PRE baseline=LAST_RTH_CLOSE_SESSION_TIME method=SESSION_NORMALIZED_RVOL rvol_discovery=8.32 rvol_phase=131.69 phase_ratio=0.05
[SCANNER][DROP] symbol=AMC reason=DROP_FLOAT_MAX
[RVOL_DEBUG] symbol=NA session=PRE current_volume=18408138 expected_volume=2411137.69 normalized_rvol=7.63
[RVOL_DEBUG] symbol=NA session=PRE current_volume=18408138 expected_volume=2411137.69 normalized_rvol=7.63
[SCANNER_RVOL] symbol=DKNG session=PRE volume=18408138 avg_volume_20d=3046425 scanner_rvol=120.85
[FLOAT][PROVENANCE] symbol=DKNG value=478817883 source=YAHOO asof=2026-03-11T12:36:12.415103+00:00 cache_hit=True
[FLOAT] symbol=DKNG class=HIGH_FLOAT shares=478817883
[PCT] symbol=DKNG session=PRE baseline=LAST_RTH_CLOSE value=16.19
[GAP] symbol=DKNG reference=LAST_RTH_CLOSE value=16.19
[PCT] symbol=DKNG session=PRE baseline=LAST_RTH_CLOSE value=16.19
[PCT_DEBUG] symbol=DKNG session=PRE reference=LAST_RTH_CLOSE last_price=10.26 reference_price=8.83 pct_change=16.19
[GAP] symbol=DKNG source=prep reference=LAST_RTH_CLOSE value=16.19
[RVOL_DEBUG] symbol=DKNG session=PRE current_volume=18408138 expected_phase_volume=152321.25 rvol_discovery=7.63 rvol_phase=120.85
[RVOL] symbol=DKNG session=PRE baseline=LAST_RTH_CLOSE_SESSION_TIME method=SESSION_NORMALIZED_RVOL rvol_discovery=7.63 rvol_phase=120.85 phase_ratio=0.05
[SCANNER][DROP] symbol=DKNG reason=DROP_FLOAT_MAX
[RVOL_DEBUG] symbol=NA session=PRE current_volume=29655267 expected_volume=2616742.0 normalized_rvol=11.33
[RVOL_DEBUG] symbol=NA session=PRE current_volume=29655267 expected_volume=2616742.0 normalized_rvol=11.33
[SCANNER_RVOL] symbol=ROKU session=PRE volume=29655267 avg_volume_20d=3306202 scanner_rvol=179.39
[FLOAT][PROVENANCE] symbol=ROKU value=129634720 source=YAHOO asof=2026-03-11T12:36:12.868094+00:00 cache_hit=True
[FLOAT] symbol=ROKU class=HIGH_FLOAT shares=129634720
[PCT] symbol=ROKU session=PRE baseline=LAST_RTH_CLOSE value=27.89
[GAP] symbol=ROKU reference=LAST_RTH_CLOSE value=27.89
[PCT] symbol=ROKU session=PRE baseline=LAST_RTH_CLOSE value=27.89
[PCT_DEBUG] symbol=ROKU session=PRE reference=LAST_RTH_CLOSE last_price=12.15 reference_price=9.5 pct_change=27.89
[GAP] symbol=ROKU source=prep reference=LAST_RTH_CLOSE value=27.89
[RVOL_DEBUG] symbol=ROKU session=PRE current_volume=29655267 expected_phase_volume=165310.1 rvol_discovery=11.33 rvol_phase=179.39
[RVOL] symbol=ROKU session=PRE baseline=LAST_RTH_CLOSE_SESSION_TIME method=SESSION_NORMALIZED_RVOL rvol_discovery=11.33 rvol_phase=179.39 phase_ratio=0.05
[SCANNER][DROP] symbol=ROKU reason=DROP_FLOAT_MAX
[RVOL_DEBUG] symbol=NA session=PRE current_volume=9210829 expected_volume=1024783.68 normalized_rvol=8.99
[RVOL_DEBUG] symbol=NA session=PRE current_volume=9210829 expected_volume=1024783.68 normalized_rvol=8.99
[SCANNER_RVOL] symbol=UPST session=PRE volume=9210829 avg_volume_20d=1294794 scanner_rvol=142.27
[FLOAT][PROVENANCE] symbol=UPST value=80170977 source=YAHOO asof=2026-03-11T12:36:13.375516+00:00 cache_hit=True
[FLOAT] symbol=UPST class=HIGH_FLOAT shares=80170977
[PCT] symbol=UPST session=PRE baseline=LAST_RTH_CLOSE value=20.42
[GAP] symbol=UPST reference=LAST_RTH_CLOSE value=20.42
[PCT] symbol=UPST session=PRE baseline=LAST_RTH_CLOSE value=20.42
[PCT_DEBUG] symbol=UPST session=PRE reference=LAST_RTH_CLOSE last_price=5.19 reference_price=4.31 pct_change=20.42
[GAP] symbol=UPST source=prep reference=LAST_RTH_CLOSE value=20.42
[RVOL_DEBUG] symbol=UPST session=PRE current_volume=9210829 expected_phase_volume=64739.7 rvol_discovery=8.99 rvol_phase=142.27
[RVOL] symbol=UPST session=PRE baseline=LAST_RTH_CLOSE_SESSION_TIME method=SESSION_NORMALIZED_RVOL rvol_discovery=8.99 rvol_phase=142.27 phase_ratio=0.05
[SCANNER][DROP] symbol=UPST reason=DROP_FLOAT_MAX
[RVOL_DEBUG] symbol=NA session=PRE current_volume=20873985 expected_volume=2394696.59 normalized_rvol=8.72
[RVOL_DEBUG] symbol=NA session=PRE current_volume=20873985 expected_volume=2394696.59 normalized_rvol=8.72
[SCANNER_RVOL] symbol=SHOP session=PRE volume=20873985 avg_volume_20d=3025652 scanner_rvol=137.98
[FLOAT][PROVENANCE] symbol=SHOP value=1222839153 source=YAHOO asof=2026-03-11T12:36:13.879395+00:00 cache_hit=True
[FLOAT] symbol=SHOP class=HIGH_FLOAT shares=1222839153
[PCT] symbol=SHOP session=PRE baseline=LAST_RTH_CLOSE value=19.59
[GAP] symbol=SHOP reference=LAST_RTH_CLOSE value=19.59
[PCT] symbol=SHOP session=PRE baseline=LAST_RTH_CLOSE value=19.59
[PCT_DEBUG] symbol=SHOP session=PRE reference=LAST_RTH_CLOSE last_price=10.5 reference_price=8.78 pct_change=19.59
[GAP] symbol=SHOP source=prep reference=LAST_RTH_CLOSE value=19.59
[RVOL_DEBUG] symbol=SHOP session=PRE current_volume=20873985 expected_phase_volume=151282.6 rvol_discovery=8.72 rvol_phase=137.98
[RVOL] symbol=SHOP session=PRE baseline=LAST_RTH_CLOSE_SESSION_TIME method=SESSION_NORMALIZED_RVOL rvol_discovery=8.72 rvol_phase=137.98 phase_ratio=0.05
[SCANNER][DROP] symbol=SHOP reason=DROP_FLOAT_MAX
[RVOL_DEBUG] symbol=NA session=PRE current_volume=8904396 expected_volume=1160914.01 normalized_rvol=7.67
[RVOL_DEBUG] symbol=NA session=PRE current_volume=8904396 expected_volume=1160914.01 normalized_rvol=7.67
[SCANNER_RVOL] symbol=AI session=PRE volume=8904396 avg_volume_20d=1466792 scanner_rvol=121.41
[FLOAT][PROVENANCE] symbol=AI value=132031170 source=YAHOO asof=2026-03-11T12:36:14.355296+00:00 cache_hit=True
[FLOAT] symbol=AI class=HIGH_FLOAT shares=132031170
[PCT] symbol=AI session=PRE baseline=LAST_RTH_CLOSE value=16.21
[GAP] symbol=AI reference=LAST_RTH_CLOSE value=16.21
[PCT] symbol=AI session=PRE baseline=LAST_RTH_CLOSE value=16.21
[PCT_DEBUG] symbol=AI session=PRE reference=LAST_RTH_CLOSE last_price=5.52 reference_price=4.75 pct_change=16.21
[GAP] symbol=AI source=prep reference=LAST_RTH_CLOSE value=16.21
[RVOL_DEBUG] symbol=AI session=PRE current_volume=8904396 expected_phase_volume=73339.6 rvol_discovery=7.67 rvol_phase=121.41
[RVOL] symbol=AI session=PRE baseline=LAST_RTH_CLOSE_SESSION_TIME method=SESSION_NORMALIZED_RVOL rvol_discovery=7.67 rvol_phase=121.41 phase_ratio=0.05
[SCANNER][DROP] symbol=AI reason=DROP_FLOAT_MAX
[RVOL_DEBUG] symbol=NA session=PRE current_volume=19024157 expected_volume=2043958.24 normalized_rvol=9.31
[RVOL_DEBUG] symbol=NA session=PRE current_volume=19024157 expected_volume=2043958.24 normalized_rvol=9.31
[SCANNER_RVOL] symbol=PATH session=PRE volume=19024157 avg_volume_20d=2582501 scanner_rvol=147.33
[FLOAT][PROVENANCE] symbol=PATH value=417751801 source=YAHOO asof=2026-03-11T12:36:14.827500+00:00 cache_hit=True
[FLOAT] symbol=PATH class=HIGH_FLOAT shares=417751801
[PCT] symbol=PATH session=PRE baseline=LAST_RTH_CLOSE value=21.49
[GAP] symbol=PATH reference=LAST_RTH_CLOSE value=21.49
[PCT] symbol=PATH session=PRE baseline=LAST_RTH_CLOSE value=21.49
[PCT_DEBUG] symbol=PATH session=PRE reference=LAST_RTH_CLOSE last_price=9.27 reference_price=7.63 pct_change=21.49
[GAP] symbol=PATH source=prep reference=LAST_RTH_CLOSE value=21.49
[RVOL_DEBUG] symbol=PATH session=PRE current_volume=19024157 expected_phase_volume=129125.05 rvol_discovery=9.31 rvol_phase=147.33
[RVOL] symbol=PATH session=PRE baseline=LAST_RTH_CLOSE_SESSION_TIME method=SESSION_NORMALIZED_RVOL rvol_discovery=9.31 rvol_phase=147.33 phase_ratio=0.05
[SCANNER][DROP] symbol=PATH reason=DROP_FLOAT_MAX
[RVOL_DEBUG] symbol=NA session=PRE current_volume=6424855 expected_volume=998457.19 normalized_rvol=6.43
[RVOL_DEBUG] symbol=NA session=PRE current_volume=6424855 expected_volume=998457.19 normalized_rvol=6.43
[SCANNER_RVOL] symbol=FUBO session=PRE volume=6424855 avg_volume_20d=1261531 scanner_rvol=101.86
[FLOAT][PROVENANCE] symbol=FUBO value=349653648 source=YAHOO asof=2026-03-11T12:36:15.293885+00:00 cache_hit=True
[FLOAT] symbol=FUBO class=HIGH_FLOAT shares=349653648
[PCT] symbol=FUBO session=PRE baseline=LAST_RTH_CLOSE value=12.32
[GAP] symbol=FUBO reference=LAST_RTH_CLOSE value=12.32
[PCT] symbol=FUBO session=PRE baseline=LAST_RTH_CLOSE value=12.32
[PCT_DEBUG] symbol=FUBO session=PRE reference=LAST_RTH_CLOSE last_price=4.74 reference_price=4.22 pct_change=12.32
[GAP] symbol=FUBO source=prep reference=LAST_RTH_CLOSE value=12.32
[RVOL_DEBUG] symbol=FUBO session=PRE current_volume=6424855 expected_phase_volume=63076.55 rvol_discovery=6.43 rvol_phase=101.86
[RVOL] symbol=FUBO session=PRE baseline=LAST_RTH_CLOSE_SESSION_TIME method=SESSION_NORMALIZED_RVOL rvol_discovery=6.43 rvol_phase=101.86 phase_ratio=0.05
[SCANNER][DROP] symbol=FUBO reason=DROP_FLOAT_MAX
[RVOL_DEBUG] symbol=NA session=PRE current_volume=12298089 expected_volume=1356282.31 normalized_rvol=9.07
[RVOL_DEBUG] symbol=NA session=PRE current_volume=12298089 expected_volume=1356282.31 normalized_rvol=9.07
[SCANNER_RVOL] symbol=SOUN session=PRE volume=12298089 avg_volume_20d=1713636 scanner_rvol=143.53
[FLOAT][PROVENANCE] symbol=SOUN value=381936519 source=YAHOO asof=2026-03-11T12:36:15.701354+00:00 cache_hit=True
[FLOAT] symbol=SOUN class=HIGH_FLOAT shares=381936519
[PCT] symbol=SOUN session=PRE baseline=LAST_RTH_CLOSE value=20.78
[GAP] symbol=SOUN reference=LAST_RTH_CLOSE value=20.78
[PCT] symbol=SOUN session=PRE baseline=LAST_RTH_CLOSE value=20.78
[PCT_DEBUG] symbol=SOUN session=PRE reference=LAST_RTH_CLOSE last_price=6.51 reference_price=5.39 pct_change=20.78
[GAP] symbol=SOUN source=prep reference=LAST_RTH_CLOSE value=20.78
[RVOL_DEBUG] symbol=SOUN session=PRE current_volume=12298089 expected_phase_volume=85681.8 rvol_discovery=9.07 rvol_phase=143.53
[RVOL] symbol=SOUN session=PRE baseline=LAST_RTH_CLOSE_SESSION_TIME method=SESSION_NORMALIZED_RVOL rvol_discovery=9.07 rvol_phase=143.53 phase_ratio=0.05
[SCANNER][DROP] symbol=SOUN reason=DROP_FLOAT_MAX
[RVOL_DEBUG] symbol=NA session=PRE current_volume=8057223 expected_volume=1183097.97 normalized_rvol=6.81
[RVOL_DEBUG] symbol=NA session=PRE current_volume=8057223 expected_volume=1183097.97 normalized_rvol=6.81
[SCANNER_RVOL] symbol=IONQ session=PRE volume=8057223 avg_volume_20d=1494821 scanner_rvol=107.8
[FLOAT][PROVENANCE] symbol=IONQ value=360092552 source=YAHOO asof=2026-03-11T12:36:16.252134+00:00 cache_hit=True
[FLOAT] symbol=IONQ class=HIGH_FLOAT shares=360092552
[PCT] symbol=IONQ session=PRE baseline=LAST_RTH_CLOSE value=13.46
[GAP] symbol=IONQ reference=LAST_RTH_CLOSE value=13.46
[PCT] symbol=IONQ session=PRE baseline=LAST_RTH_CLOSE value=13.46
[PCT_DEBUG] symbol=IONQ session=PRE reference=LAST_RTH_CLOSE last_price=5.48 reference_price=4.83 pct_change=13.46
[GAP] symbol=IONQ source=prep reference=LAST_RTH_CLOSE value=13.46
[RVOL_DEBUG] symbol=IONQ session=PRE current_volume=8057223 expected_phase_volume=74741.05 rvol_discovery=6.81 rvol_phase=107.8
[RVOL] symbol=IONQ session=PRE baseline=LAST_RTH_CLOSE_SESSION_TIME method=SESSION_NORMALIZED_RVOL rvol_discovery=6.81 rvol_phase=107.8 phase_ratio=0.05
[SCANNER][DROP] symbol=IONQ reason=DROP_FLOAT_MAX
[RVOL_DEBUG] symbol=NA session=PRE current_volume=11061161 expected_volume=1475162.68 normalized_rvol=7.5
[RVOL_DEBUG] symbol=NA session=PRE current_volume=11061161 expected_volume=1475162.68 normalized_rvol=7.5
[SCANNER_RVOL] symbol=AVGO session=PRE volume=11061161 avg_volume_20d=1863839 scanner_rvol=118.69
[FLOAT][PROVENANCE] symbol=AVGO value=405874830 source=YAHOO asof=2026-03-11T12:36:16.777894+00:00 cache_hit=True
[FLOAT] symbol=AVGO class=HIGH_FLOAT shares=405874830
[PCT] symbol=AVGO session=PRE baseline=LAST_RTH_CLOSE value=15.74
[GAP] symbol=AVGO reference=LAST_RTH_CLOSE value=15.74
[PCT] symbol=AVGO session=PRE baseline=LAST_RTH_CLOSE value=15.74
[PCT_DEBUG] symbol=AVGO session=PRE reference=LAST_RTH_CLOSE last_price=6.69 reference_price=5.78 pct_change=15.74
[GAP] symbol=AVGO source=prep reference=LAST_RTH_CLOSE value=15.74
[RVOL_DEBUG] symbol=AVGO session=PRE current_volume=11061161 expected_phase_volume=93191.95 rvol_discovery=7.5 rvol_phase=118.69
[RVOL] symbol=AVGO session=PRE baseline=LAST_RTH_CLOSE_SESSION_TIME method=SESSION_NORMALIZED_RVOL rvol_discovery=7.5 rvol_phase=118.69 phase_ratio=0.05
[SCANNER][DROP] symbol=AVGO reason=DROP_FLOAT_MAX
[RVOL_DEBUG] symbol=NA session=PRE current_volume=5467061 expected_volume=621611.58 normalized_rvol=8.79
[RVOL_DEBUG] symbol=NA session=PRE current_volume=5467061 expected_volume=621611.58 normalized_rvol=8.79
[SCANNER_RVOL] symbol=INTC session=PRE volume=5467061 avg_volume_20d=785394 scanner_rvol=139.22
[FLOAT][PROVENANCE] symbol=INTC value=4985959050 source=YAHOO asof=2026-03-11T12:36:17.451800+00:00 cache_hit=True
[FLOAT] symbol=INTC class=HIGH_FLOAT shares=4985959050
[PCT] symbol=INTC session=PRE baseline=LAST_RTH_CLOSE value=19.73
[GAP] symbol=INTC reference=LAST_RTH_CLOSE value=19.73
[PCT] symbol=INTC session=PRE baseline=LAST_RTH_CLOSE value=19.73
[PCT_DEBUG] symbol=INTC session=PRE reference=LAST_RTH_CLOSE last_price=3.58 reference_price=2.99 pct_change=19.73
[GAP] symbol=INTC source=prep reference=LAST_RTH_CLOSE value=19.73
[RVOL_DEBUG] symbol=INTC session=PRE current_volume=5467061 expected_phase_volume=39269.7 rvol_discovery=8.79 rvol_phase=139.22
[RVOL] symbol=INTC session=PRE baseline=LAST_RTH_CLOSE_SESSION_TIME method=SESSION_NORMALIZED_RVOL rvol_discovery=8.79 rvol_phase=139.22 phase_ratio=0.05
[SCANNER][DROP] symbol=INTC reason=DROP_FLOAT_MAX
[RVOL_DEBUG] symbol=NA session=PRE current_volume=7956142 expected_volume=715601.97 normalized_rvol=11.12
[RVOL_DEBUG] symbol=NA session=PRE current_volume=7956142 expected_volume=715601.97 normalized_rvol=11.12
[SCANNER_RVOL] symbol=MU session=PRE volume=7956142 avg_volume_20d=904149 scanner_rvol=175.99
[FLOAT][PROVENANCE] symbol=MU value=1121277346 source=YAHOO asof=2026-03-11T12:36:18.000708+00:00 cache_hit=True
[FLOAT] symbol=MU class=HIGH_FLOAT shares=1121277346
[PCT] symbol=MU session=PRE baseline=LAST_RTH_CLOSE value=27.27
[GAP] symbol=MU reference=LAST_RTH_CLOSE value=27.27
[PCT] symbol=MU session=PRE baseline=LAST_RTH_CLOSE value=27.27
[PCT_DEBUG] symbol=MU session=PRE reference=LAST_RTH_CLOSE last_price=4.2 reference_price=3.3 pct_change=27.27
[GAP] symbol=MU source=prep reference=LAST_RTH_CLOSE value=27.27
[RVOL_DEBUG] symbol=MU session=PRE current_volume=7956142 expected_phase_volume=45207.45 rvol_discovery=11.12 rvol_phase=175.99
[RVOL] symbol=MU session=PRE baseline=LAST_RTH_CLOSE_SESSION_TIME method=SESSION_NORMALIZED_RVOL rvol_discovery=11.12 rvol_phase=175.99 phase_ratio=0.05
[SCANNER][DROP] symbol=MU reason=DROP_FLOAT_MAX
[RVOL_DEBUG] symbol=NA session=PRE current_volume=15392467 expected_volume=2038862.79 normalized_rvol=7.55
[RVOL_DEBUG] symbol=NA session=PRE current_volume=15392467 expected_volume=2038862.79 normalized_rvol=7.55
[SCANNER_RVOL] symbol=TSM session=PRE volume=15392467 avg_volume_20d=2576063 scanner_rvol=119.5
[FLOAT][PROVENANCE] symbol=TSM value=24181559980 source=YAHOO asof=2026-03-11T12:36:18.445305+00:00 cache_hit=True
[FLOAT] symbol=TSM class=HIGH_FLOAT shares=24181559980
[PCT] symbol=TSM session=PRE baseline=LAST_RTH_CLOSE value=15.88
[GAP] symbol=TSM reference=LAST_RTH_CLOSE value=15.88
[PCT] symbol=TSM session=PRE baseline=LAST_RTH_CLOSE value=15.88
[PCT_DEBUG] symbol=TSM session=PRE reference=LAST_RTH_CLOSE last_price=8.83 reference_price=7.62 pct_change=15.88
[GAP] symbol=TSM source=prep reference=LAST_RTH_CLOSE value=15.88
[RVOL_DEBUG] symbol=TSM session=PRE current_volume=15392467 expected_phase_volume=128803.15 rvol_discovery=7.55 rvol_phase=119.5
[RVOL] symbol=TSM session=PRE baseline=LAST_RTH_CLOSE_SESSION_TIME method=SESSION_NORMALIZED_RVOL rvol_discovery=7.55 rvol_phase=119.5 phase_ratio=0.05
[SCANNER][DROP] symbol=TSM reason=DROP_FLOAT_MAX
[RVOL_DEBUG] symbol=NA session=PRE current_volume=3805094 expected_volume=432126.24 normalized_rvol=8.81
[RVOL_DEBUG] symbol=NA session=PRE current_volume=3805094 expected_volume=432126.24 normalized_rvol=8.81
[SCANNER_RVOL] symbol=ADBE session=PRE volume=3805094 avg_volume_20d=545983 scanner_rvol=139.39
[FLOAT][PROVENANCE] symbol=ADBE value=409174085 source=YAHOO asof=2026-03-11T12:36:18.947931+00:00 cache_hit=True
[FLOAT] symbol=ADBE class=HIGH_FLOAT shares=409174085
[PCT] symbol=ADBE session=PRE baseline=LAST_RTH_CLOSE value=19.75
[GAP] symbol=ADBE reference=LAST_RTH_CLOSE value=19.75
[PCT] symbol=ADBE session=PRE baseline=LAST_RTH_CLOSE value=19.75
[PCT_DEBUG] symbol=ADBE session=PRE reference=LAST_RTH_CLOSE last_price=2.85 reference_price=2.38 pct_change=19.75
[GAP] symbol=ADBE source=prep reference=LAST_RTH_CLOSE value=19.75
[RVOL_DEBUG] symbol=ADBE session=PRE current_volume=3805094 expected_phase_volume=27299.15 rvol_discovery=8.81 rvol_phase=139.39
[RVOL] symbol=ADBE session=PRE baseline=LAST_RTH_CLOSE_SESSION_TIME method=SESSION_NORMALIZED_RVOL rvol_discovery=8.81 rvol_phase=139.39 phase_ratio=0.05
[SCANNER][DROP] symbol=ADBE reason=DROP_FLOAT_MAX
[RVOL_DEBUG] symbol=NA session=PRE current_volume=14161925 expected_volume=1802528.28 normalized_rvol=7.86
[RVOL_DEBUG] symbol=NA session=PRE current_volume=14161925 expected_volume=1802528.28 normalized_rvol=7.86
[SCANNER_RVOL] symbol=ORCL session=PRE volume=14161925 avg_volume_20d=2277459 scanner_rvol=124.37
[FLOAT][PROVENANCE] symbol=ORCL value=1706438101 source=YAHOO asof=2026-03-11T12:36:19.486459+00:00 cache_hit=True
[FLOAT] symbol=ORCL class=HIGH_FLOAT shares=1706438101
[PCT] symbol=ORCL session=PRE baseline=LAST_RTH_CLOSE value=16.93
[GAP] symbol=ORCL reference=LAST_RTH_CLOSE value=16.93
[PCT] symbol=ORCL session=PRE baseline=LAST_RTH_CLOSE value=16.93
[PCT_DEBUG] symbol=ORCL session=PRE reference=LAST_RTH_CLOSE last_price=8.01 reference_price=6.85 pct_change=16.93
[GAP] symbol=ORCL source=prep reference=LAST_RTH_CLOSE value=16.93
[RVOL_DEBUG] symbol=ORCL session=PRE current_volume=14161925 expected_phase_volume=113872.95 rvol_discovery=7.86 rvol_phase=124.37
[RVOL] symbol=ORCL session=PRE baseline=LAST_RTH_CLOSE_SESSION_TIME method=SESSION_NORMALIZED_RVOL rvol_discovery=7.86 rvol_phase=124.37 phase_ratio=0.05
[SCANNER][DROP] symbol=ORCL reason=DROP_FLOAT_MAX
[RVOL_DEBUG] symbol=NA session=PRE current_volume=10373831 expected_volume=1266712.26 normalized_rvol=8.19
[RVOL_DEBUG] symbol=NA session=PRE current_volume=10373831 expected_volume=1266712.26 normalized_rvol=8.19
[SCANNER_RVOL] symbol=QCOM session=PRE volume=10373831 avg_volume_20d=1600466 scanner_rvol=129.64
[FLOAT][PROVENANCE] symbol=QCOM value=1064716620 source=YAHOO asof=2026-03-11T12:36:20.044781+00:00 cache_hit=True
[FLOAT] symbol=QCOM class=HIGH_FLOAT shares=1064716620
[PCT] symbol=QCOM session=PRE baseline=LAST_RTH_CLOSE value=17.84
[GAP] symbol=QCOM reference=LAST_RTH_CLOSE value=17.84
[PCT] symbol=QCOM session=PRE baseline=LAST_RTH_CLOSE value=17.84
[PCT_DEBUG] symbol=QCOM session=PRE reference=LAST_RTH_CLOSE last_price=6.01 reference_price=5.1 pct_change=17.84
[GAP] symbol=QCOM source=prep reference=LAST_RTH_CLOSE value=17.84
[RVOL_DEBUG] symbol=QCOM session=PRE current_volume=10373831 expected_phase_volume=80023.3 rvol_discovery=8.19 rvol_phase=129.64
[RVOL] symbol=QCOM session=PRE baseline=LAST_RTH_CLOSE_SESSION_TIME method=SESSION_NORMALIZED_RVOL rvol_discovery=8.19 rvol_phase=129.64 phase_ratio=0.05
[SCANNER][DROP] symbol=QCOM reason=DROP_FLOAT_MAX
[RVOL_DEBUG] symbol=NA session=PRE current_volume=6909951 expected_volume=744310.77 normalized_rvol=9.28
[RVOL_DEBUG] symbol=NA session=PRE current_volume=6909951 expected_volume=744310.77 normalized_rvol=9.28
[SCANNER_RVOL] symbol=SPOT session=PRE volume=6909951 avg_volume_20d=940422 scanner_rvol=146.95
[FLOAT][PROVENANCE] symbol=SPOT value=155835806 source=YAHOO asof=2026-03-11T12:36:20.497975+00:00 cache_hit=True
[FLOAT] symbol=SPOT class=HIGH_FLOAT shares=155835806
[PCT] symbol=SPOT session=PRE baseline=LAST_RTH_CLOSE value=21.53
[GAP] symbol=SPOT reference=LAST_RTH_CLOSE value=21.53
[PCT] symbol=SPOT session=PRE baseline=LAST_RTH_CLOSE value=21.53
[PCT_DEBUG] symbol=SPOT session=PRE reference=LAST_RTH_CLOSE last_price=4.12 reference_price=3.39 pct_change=21.53
[GAP] symbol=SPOT source=prep reference=LAST_RTH_CLOSE value=21.53
[RVOL_DEBUG] symbol=SPOT session=PRE current_volume=6909951 expected_phase_volume=47021.1 rvol_discovery=9.28 rvol_phase=146.95
[RVOL] symbol=SPOT session=PRE baseline=LAST_RTH_CLOSE_SESSION_TIME method=SESSION_NORMALIZED_RVOL rvol_discovery=9.28 rvol_phase=146.95 phase_ratio=0.05
[SCANNER][DROP] symbol=SPOT reason=DROP_FLOAT_MAX
[RVOL_DEBUG] symbol=NA session=PRE current_volume=8187184 expected_volume=898876.69 normalized_rvol=9.11
[RVOL_DEBUG] symbol=NA session=PRE current_volume=8187184 expected_volume=898876.69 normalized_rvol=9.11
[SCANNER_RVOL] symbol=UBER session=PRE volume=8187184 avg_volume_20d=1135713 scanner_rvol=144.18
[FLOAT][PROVENANCE] symbol=UBER value=2046940413 source=YAHOO asof=2026-03-11T12:36:20.960622+00:00 cache_hit=True
[FLOAT] symbol=UBER class=HIGH_FLOAT shares=2046940413
[PCT] symbol=UBER session=PRE baseline=LAST_RTH_CLOSE value=20.77
[GAP] symbol=UBER reference=LAST_RTH_CLOSE value=20.77
[PCT] symbol=UBER session=PRE baseline=LAST_RTH_CLOSE value=20.77
[PCT_DEBUG] symbol=UBER session=PRE reference=LAST_RTH_CLOSE last_price=4.71 reference_price=3.9 pct_change=20.77
[GAP] symbol=UBER source=prep reference=LAST_RTH_CLOSE value=20.77
[RVOL_DEBUG] symbol=UBER session=PRE current_volume=8187184 expected_phase_volume=56785.65 rvol_discovery=9.11 rvol_phase=144.18
[RVOL] symbol=UBER session=PRE baseline=LAST_RTH_CLOSE_SESSION_TIME method=SESSION_NORMALIZED_RVOL rvol_discovery=9.11 rvol_phase=144.18 phase_ratio=0.05
[SCANNER][DROP] symbol=UBER reason=DROP_FLOAT_MAX
[RVOL_DEBUG] symbol=NA session=PRE current_volume=7849706 expected_volume=1078815.38 normalized_rvol=7.28
[RVOL_DEBUG] symbol=NA session=PRE current_volume=7849706 expected_volume=1078815.38 normalized_rvol=7.28
[SCANNER_RVOL] symbol=LYFT session=PRE volume=7849706 avg_volume_20d=1363062 scanner_rvol=115.18
[FLOAT][PROVENANCE] symbol=LYFT value=321093686 source=YAHOO asof=2026-03-11T12:36:21.491736+00:00 cache_hit=True
[FLOAT] symbol=LYFT class=HIGH_FLOAT shares=321093686
[PCT] symbol=LYFT session=PRE baseline=LAST_RTH_CLOSE value=15.14
[GAP] symbol=LYFT reference=LAST_RTH_CLOSE value=15.14
[PCT] symbol=LYFT session=PRE baseline=LAST_RTH_CLOSE value=15.14
[PCT_DEBUG] symbol=LYFT session=PRE reference=LAST_RTH_CLOSE last_price=5.17 reference_price=4.49 pct_change=15.14
[GAP] symbol=LYFT source=prep reference=LAST_RTH_CLOSE value=15.14
[RVOL_DEBUG] symbol=LYFT session=PRE current_volume=7849706 expected_phase_volume=68153.1 rvol_discovery=7.28 rvol_phase=115.18
[RVOL] symbol=LYFT session=PRE baseline=LAST_RTH_CLOSE_SESSION_TIME method=SESSION_NORMALIZED_RVOL rvol_discovery=7.28 rvol_phase=115.18 phase_ratio=0.05
[SCANNER][DROP] symbol=LYFT reason=DROP_FLOAT_MAX
[RVOL_DEBUG] symbol=NA session=PRE current_volume=6380119 expected_volume=857378.61 normalized_rvol=7.44
[RVOL_DEBUG] symbol=NA session=PRE current_volume=6380119 expected_volume=857378.61 normalized_rvol=7.44
[SCANNER_RVOL] symbol=BA session=PRE volume=6380119 avg_volume_20d=1083281 scanner_rvol=117.79
[FLOAT][PROVENANCE] symbol=BA value=753493418 source=YAHOO asof=2026-03-11T12:36:22.093495+00:00 cache_hit=True
[FLOAT] symbol=BA class=HIGH_FLOAT shares=753493418
[PCT] symbol=BA session=PRE baseline=LAST_RTH_CLOSE value=15.43
[GAP] symbol=BA reference=LAST_RTH_CLOSE value=15.43
[PCT] symbol=BA session=PRE baseline=LAST_RTH_CLOSE value=15.43
[PCT_DEBUG] symbol=BA session=PRE reference=LAST_RTH_CLOSE last_price=4.34 reference_price=3.76 pct_change=15.43
[GAP] symbol=BA source=prep reference=LAST_RTH_CLOSE value=15.43
[RVOL_DEBUG] symbol=BA session=PRE current_volume=6380119 expected_phase_volume=54164.05 rvol_discovery=7.44 rvol_phase=117.79
[RVOL] symbol=BA session=PRE baseline=LAST_RTH_CLOSE_SESSION_TIME method=SESSION_NORMALIZED_RVOL rvol_discovery=7.44 rvol_phase=117.79 phase_ratio=0.05
[SCANNER][DROP] symbol=BA reason=DROP_FLOAT_MAX
[RVOL_DEBUG] symbol=NA session=PRE current_volume=15490488 expected_volume=1688996.64 normalized_rvol=9.17
[RVOL_DEBUG] symbol=NA session=PRE current_volume=15490488 expected_volume=1688996.64 normalized_rvol=9.17
[SCANNER_RVOL] symbol=GE session=PRE volume=15490488 avg_volume_20d=2134014 scanner_rvol=145.18
[FLOAT][PROVENANCE] symbol=GE value=1045121788 source=YAHOO asof=2026-03-11T12:36:22.601447+00:00 cache_hit=True
[FLOAT] symbol=GE class=HIGH_FLOAT shares=1045121788
[PCT] symbol=GE session=PRE baseline=LAST_RTH_CLOSE value=21.02
[GAP] symbol=GE reference=LAST_RTH_CLOSE value=21.02
[PCT] symbol=GE session=PRE baseline=LAST_RTH_CLOSE value=21.02
[PCT_DEBUG] symbol=GE session=PRE reference=LAST_RTH_CLOSE last_price=7.83 reference_price=6.47 pct_change=21.02
[GAP] symbol=GE source=prep reference=LAST_RTH_CLOSE value=21.02
[RVOL_DEBUG] symbol=GE session=PRE current_volume=15490488 expected_phase_volume=106700.7 rvol_discovery=9.17 rvol_phase=145.18
[RVOL] symbol=GE session=PRE baseline=LAST_RTH_CLOSE_SESSION_TIME method=SESSION_NORMALIZED_RVOL rvol_discovery=9.17 rvol_phase=145.18 phase_ratio=0.05
[SCANNER][DROP] symbol=GE reason=DROP_FLOAT_MAX
[RVOL_DEBUG] symbol=NA session=PRE current_volume=3073980 expected_volume=470573.22 normalized_rvol=6.53
[RVOL_DEBUG] symbol=NA session=PRE current_volume=3073980 expected_volume=470573.22 normalized_rvol=6.53
[SCANNER_RVOL] symbol=XOM session=PRE volume=3073980 avg_volume_20d=594560 scanner_rvol=103.4
[FLOAT][PROVENANCE] symbol=XOM value=4155304854 source=YAHOO asof=2026-03-11T12:36:23.064493+00:00 cache_hit=True
[FLOAT] symbol=XOM class=HIGH_FLOAT shares=4155304854
[PCT] symbol=XOM session=PRE baseline=LAST_RTH_CLOSE value=12.8
[GAP] symbol=XOM reference=LAST_RTH_CLOSE value=12.8
[PCT] symbol=XOM session=PRE baseline=LAST_RTH_CLOSE value=12.8
[PCT_DEBUG] symbol=XOM session=PRE reference=LAST_RTH_CLOSE last_price=2.82 reference_price=2.5 pct_change=12.8
[GAP] symbol=XOM source=prep reference=LAST_RTH_CLOSE value=12.8
[RVOL_DEBUG] symbol=XOM session=PRE current_volume=3073980 expected_phase_volume=29728.0 rvol_discovery=6.53 rvol_phase=103.4
[RVOL] symbol=XOM session=PRE baseline=LAST_RTH_CLOSE_SESSION_TIME method=SESSION_NORMALIZED_RVOL rvol_discovery=6.53 rvol_phase=103.4 phase_ratio=0.05
[SCANNER][DROP] symbol=XOM reason=DROP_FLOAT_MAX
[RVOL_DEBUG] symbol=NA session=PRE current_volume=19160381 expected_volume=1766412.17 normalized_rvol=10.85
[RVOL_DEBUG] symbol=NA session=PRE current_volume=19160381 expected_volume=1766412.17 normalized_rvol=10.85
[SCANNER_RVOL] symbol=CVX session=PRE volume=19160381 avg_volume_20d=2231827 scanner_rvol=171.7
[FLOAT][PROVENANCE] symbol=CVX value=1854112243 source=YAHOO asof=2026-03-11T12:36:23.553934+00:00 cache_hit=True
[FLOAT] symbol=CVX class=HIGH_FLOAT shares=1854112243
[PCT] symbol=CVX session=PRE baseline=LAST_RTH_CLOSE value=26.3
[GAP] symbol=CVX reference=LAST_RTH_CLOSE value=26.3
[PCT] symbol=CVX session=PRE baseline=LAST_RTH_CLOSE value=26.3
[PCT_DEBUG] symbol=CVX session=PRE reference=LAST_RTH_CLOSE last_price=8.5 reference_price=6.73 pct_change=26.3
[GAP] symbol=CVX source=prep reference=LAST_RTH_CLOSE value=26.3
[RVOL_DEBUG] symbol=CVX session=PRE current_volume=19160381 expected_phase_volume=111591.35 rvol_discovery=10.85 rvol_phase=171.7
[RVOL] symbol=CVX session=PRE baseline=LAST_RTH_CLOSE_SESSION_TIME method=SESSION_NORMALIZED_RVOL rvol_discovery=10.85 rvol_phase=171.7 phase_ratio=0.05
[SCANNER][DROP] symbol=CVX reason=DROP_FLOAT_MAX
[RVOL_DEBUG] symbol=NA session=PRE current_volume=5891085 expected_volume=564559.65 normalized_rvol=10.43
[RVOL_DEBUG] symbol=NA session=PRE current_volume=5891085 expected_volume=564559.65 normalized_rvol=10.43
[SCANNER_RVOL] symbol=JPM session=PRE volume=5891085 avg_volume_20d=713310 scanner_rvol=165.18
[FLOAT][PROVENANCE] symbol=JPM value=2683007807 source=YAHOO asof=2026-03-11T12:36:24.064885+00:00 cache_hit=True
[FLOAT] symbol=JPM class=HIGH_FLOAT shares=2683007807
[PCT] symbol=JPM session=PRE baseline=LAST_RTH_CLOSE value=24.91
[GAP] symbol=JPM reference=LAST_RTH_CLOSE value=24.91
[PCT] symbol=JPM session=PRE baseline=LAST_RTH_CLOSE value=24.91
[PCT_DEBUG] symbol=JPM session=PRE reference=LAST_RTH_CLOSE last_price=3.51 reference_price=2.81 pct_change=24.91
[GAP] symbol=JPM source=prep reference=LAST_RTH_CLOSE value=24.91
[RVOL_DEBUG] symbol=JPM session=PRE current_volume=5891085 expected_phase_volume=35665.5 rvol_discovery=10.43 rvol_phase=165.18
[RVOL] symbol=JPM session=PRE baseline=LAST_RTH_CLOSE_SESSION_TIME method=SESSION_NORMALIZED_RVOL rvol_discovery=10.43 rvol_phase=165.18 phase_ratio=0.05
[SCANNER][DROP] symbol=JPM reason=DROP_FLOAT_MAX
[RVOL_DEBUG] symbol=NA session=PRE current_volume=27946342 expected_volume=2529344.51 normalized_rvol=11.05
[RVOL_DEBUG] symbol=NA session=PRE current_volume=27946342 expected_volume=2529344.51 normalized_rvol=11.05
[SCANNER_RVOL] symbol=BAC session=PRE volume=27946342 avg_volume_20d=3195777 scanner_rvol=174.9
[FLOAT][PROVENANCE] symbol=BAC value=7149267244 source=YAHOO asof=2026-03-11T12:36:24.544957+00:00 cache_hit=True
[FLOAT] symbol=BAC class=HIGH_FLOAT shares=7149267244
[PCT] symbol=BAC session=PRE baseline=LAST_RTH_CLOSE value=26.93
[GAP] symbol=BAC reference=LAST_RTH_CLOSE value=26.93
[PCT] symbol=BAC session=PRE baseline=LAST_RTH_CLOSE value=26.93
[PCT_DEBUG] symbol=BAC session=PRE reference=LAST_RTH_CLOSE last_price=11.69 reference_price=9.21 pct_change=26.93
[GAP] symbol=BAC source=prep reference=LAST_RTH_CLOSE value=26.93
[RVOL_DEBUG] symbol=BAC session=PRE current_volume=27946342 expected_phase_volume=159788.85 rvol_discovery=11.05 rvol_phase=174.9
[RVOL] symbol=BAC session=PRE baseline=LAST_RTH_CLOSE_SESSION_TIME method=SESSION_NORMALIZED_RVOL rvol_discovery=11.05 rvol_phase=174.9 phase_ratio=0.05
[SCANNER][DROP] symbol=BAC reason=DROP_FLOAT_MAX
[RVOL_DEBUG] symbol=NA session=PRE current_volume=7808369 expected_volume=971183.32 normalized_rvol=8.04
[RVOL_DEBUG] symbol=NA session=PRE current_volume=7808369 expected_volume=971183.32 normalized_rvol=8.04
[SCANNER_RVOL] symbol=C session=PRE volume=7808369 avg_volume_20d=1227071 scanner_rvol=127.27
[FLOAT][PROVENANCE] symbol=C value=1743581243 source=YAHOO asof=2026-03-11T12:36:25.008815+00:00 cache_hit=True
[FLOAT] symbol=C class=HIGH_FLOAT shares=1743581243
[PCT] symbol=C session=PRE baseline=LAST_RTH_CLOSE value=17.43
[GAP] symbol=C reference=LAST_RTH_CLOSE value=17.43
[PCT] symbol=C session=PRE baseline=LAST_RTH_CLOSE value=17.43
[PCT_DEBUG] symbol=C session=PRE reference=LAST_RTH_CLOSE last_price=4.85 reference_price=4.13 pct_change=17.43
[GAP] symbol=C source=prep reference=LAST_RTH_CLOSE value=17.43
[RVOL_DEBUG] symbol=C session=PRE current_volume=7808369 expected_phase_volume=61353.55 rvol_discovery=8.04 rvol_phase=127.27
[RVOL] symbol=C session=PRE baseline=LAST_RTH_CLOSE_SESSION_TIME method=SESSION_NORMALIZED_RVOL rvol_discovery=8.04 rvol_phase=127.27 phase_ratio=0.05
[SCANNER][DROP] symbol=C reason=DROP_FLOAT_MAX
[RVOL_DEBUG] symbol=NA session=PRE current_volume=3885582 expected_volume=566661.78 normalized_rvol=6.86
[RVOL_DEBUG] symbol=NA session=PRE current_volume=3885582 expected_volume=566661.78 normalized_rvol=6.86
[SCANNER_RVOL] symbol=WFC session=PRE volume=3885582 avg_volume_20d=715966 scanner_rvol=108.54
[FLOAT][PROVENANCE] symbol=WFC value=3077674701 source=YAHOO asof=2026-03-11T12:36:25.558180+00:00 cache_hit=True
[FLOAT] symbol=WFC class=HIGH_FLOAT shares=3077674701
[PCT] symbol=WFC session=PRE baseline=LAST_RTH_CLOSE value=13.83
[GAP] symbol=WFC reference=LAST_RTH_CLOSE value=13.83
[PCT] symbol=WFC session=PRE baseline=LAST_RTH_CLOSE value=13.83
[PCT_DEBUG] symbol=WFC session=PRE reference=LAST_RTH_CLOSE last_price=3.21 reference_price=2.82 pct_change=13.83
[GAP] symbol=WFC source=prep reference=LAST_RTH_CLOSE value=13.83
[RVOL_DEBUG] symbol=WFC session=PRE current_volume=3885582 expected_phase_volume=35798.3 rvol_discovery=6.86 rvol_phase=108.54
[RVOL] symbol=WFC session=PRE baseline=LAST_RTH_CLOSE_SESSION_TIME method=SESSION_NORMALIZED_RVOL rvol_discovery=6.86 rvol_phase=108.54 phase_ratio=0.05
[SCANNER][DROP] symbol=WFC reason=DROP_FLOAT_MAX
AFTER_GATES_SYMBOLS (N=0): []
[SCANNER][STAGE] watchlist
[WATCHLIST][INPUT] session=PRE gated_survivors=0 k=15
[WATCHLIST][PASS] survivor_count=0 <= k=15; all survivors expected unless explicitly rejected
[SCANNER][SESSION_AWARE] session=PRE prep_mode_seed_enabled=True prep_seed_enabled=False prep_seed_blockers=['provider_error']
[DISCOVERY_STATS] pct_change_pass=50 price_pass=50 float_pass=0 watchlist_final=0
[WATCHLIST][SELECT] selected=0 selected_symbols=[]
[SCANNER][STAGE] enrich
WATCHLIST_K_SELECTED (K=0): []
[SCANNER][STAGE] print
[SCANNER][SUMMARY] session=PRE candidates=50 survivors=0 watchlist=0 drop_reasons={'DROP_FLOAT_MAX': 50}
[ROSS][REJECT] symbol=AAPL reason=FLOAT_FAIL
[ROSS][REJECT] symbol=MSFT reason=FLOAT_FAIL
[ROSS][REJECT] symbol=NVDA reason=FLOAT_FAIL
[ROSS][REJECT] symbol=AMD reason=FLOAT_FAIL
[ROSS][REJECT] symbol=TSLA reason=FLOAT_FAIL
[ROSS][REJECT] symbol=META reason=FLOAT_FAIL
[ROSS][REJECT] symbol=AMZN reason=FLOAT_FAIL
[ROSS][REJECT] symbol=GOOGL reason=FLOAT_FAIL
[ROSS][REJECT] symbol=NFLX reason=FLOAT_FAIL
[ROSS][REJECT] symbol=BABA reason=FLOAT_FAIL
[ROSS][REJECT] symbol=PLTR reason=FLOAT_FAIL
[ROSS][REJECT] symbol=RIVN reason=FLOAT_FAIL
[ROSS][REJECT] symbol=SNOW reason=FLOAT_FAIL
[ROSS][REJECT] symbol=CRWD reason=FLOAT_FAIL
[ROSS][REJECT] symbol=COIN reason=FLOAT_FAIL
[ROSS][REJECT] symbol=SOFI reason=FLOAT_FAIL
[ROSS][REJECT] symbol=LCID reason=FLOAT_FAIL
[ROSS][REJECT] symbol=NIO reason=FLOAT_FAIL
[ROSS][REJECT] symbol=MARA reason=FLOAT_FAIL
[ROSS][REJECT] symbol=RIOT reason=FLOAT_FAIL
[ROSS][REJECT] symbol=CLSK reason=FLOAT_FAIL
[ROSS][REJECT] symbol=GME reason=FLOAT_FAIL
[ROSS][REJECT] symbol=AMC reason=FLOAT_FAIL
[ROSS][REJECT] symbol=DKNG reason=FLOAT_FAIL
[ROSS][REJECT] symbol=ROKU reason=FLOAT_FAIL
[ROSS][REJECT] symbol=UPST reason=FLOAT_FAIL
[ROSS][REJECT] symbol=SHOP reason=FLOAT_FAIL
[ROSS][REJECT] symbol=AI reason=FLOAT_FAIL
[ROSS][REJECT] symbol=PATH reason=FLOAT_FAIL
[ROSS][REJECT] symbol=FUBO reason=FLOAT_FAIL
[ROSS][REJECT] symbol=SOUN reason=FLOAT_FAIL
[ROSS][REJECT] symbol=IONQ reason=FLOAT_FAIL
[ROSS][REJECT] symbol=AVGO reason=FLOAT_FAIL
[ROSS][REJECT] symbol=INTC reason=FLOAT_FAIL
[ROSS][REJECT] symbol=MU reason=FLOAT_FAIL
[ROSS][REJECT] symbol=TSM reason=FLOAT_FAIL
[ROSS][REJECT] symbol=ADBE reason=FLOAT_FAIL
[ROSS][REJECT] symbol=ORCL reason=FLOAT_FAIL
[ROSS][REJECT] symbol=QCOM reason=FLOAT_FAIL
[ROSS][REJECT] symbol=SPOT reason=FLOAT_FAIL
[ROSS][REJECT] symbol=UBER reason=FLOAT_FAIL
[ROSS][REJECT] symbol=LYFT reason=FLOAT_FAIL
[ROSS][REJECT] symbol=BA reason=FLOAT_FAIL
[ROSS][REJECT] symbol=GE reason=FLOAT_FAIL
[ROSS][REJECT] symbol=XOM reason=FLOAT_FAIL
[ROSS][REJECT] symbol=CVX reason=FLOAT_FAIL
[ROSS][REJECT] symbol=JPM reason=FLOAT_FAIL
[ROSS][REJECT] symbol=BAC reason=FLOAT_FAIL
[ROSS][REJECT] symbol=C reason=FLOAT_FAIL
[ROSS][REJECT] symbol=WFC reason=FLOAT_FAIL
[SCANNER][DROP_SUMMARY] topn=50 evaluated=50 dropped=50 reasons={'DROP_FLOAT_MAX': 50}
[SCANNER][WATCHLIST] session=PRE count=0
[SCANNER][FOCUS] session=PRE count=0
[ROSS][LIST] TOP_UNIVERSE size=50
[ROSS][LIST] WATCHLIST_K size=0
[ROSS][LIST] FOCUS_M size=0
[ROSS][LIST] REJECTED_TRACKED size=50
TopN: 50
GatedSurvivors: 0
DropReasons: {'DROP_FLOAT_MAX': 50}
EMPTY WATCHLIST (valid)
WATCHLIST_K: []
FOCUS_M: []
NEW: []
CONTINUING: []
DROPPED: []
diag_location STK.US
