[CONFIG] Loaded 177 variables
[CONFIG] HARD enforced: 30
[CONFIG] Optional: 146
[CONFIG] Scanner symbol cap: 50 (source=DEFAULT)
[CONFIG] Market data snapshot cap: 50 (source=DEFAULT)
[CONFIG] No ambiguous defaults detected
[IBKR][MANAGER] init host=127.0.0.1 port=7497 base_client_id=7 readonly=True market_data_type=DELAYED snapshot_timeout_seconds=5
[PATTERN] AAPL Gap & Go not detected (reason=gap not holding above premarket high)
[PATTERN] AAPL Opening Range Breakout not detected (reason=not regular session)
[PATTERN] AAPL First Pullback not detected (reason=insufficient candles)
[PATTERN] AAPL Micro Pullback not detected (reason=insufficient candles)
[PATTERN] AAPL Bull Flag not detected (reason=insufficient candles)
[PATTERN] AAPL Key Level Break not detected (reason=no key level break)
[PATTERN] AAPL ABCD Continuation not detected (reason=insufficient candles)
[PATTERN] AAPL Cup and Handle not detected (reason=insufficient candles)
[PATTERN] AAPL Momentum Reclaim not detected (reason=insufficient candles)
[PATTERN] AAPL Premarket High Break not detected (reason=price below premarket high)
[PATTERN] AAPL Parabolic Exhaustion not detected (reason=insufficient candles)
[PATTERN] AAPL Gap Fill Reversal not detected (reason=missing prior close or candles)
[PATTERN] AAPL Gap & Go not detected (reason=gap not holding above premarket high)
[PATTERN] AAPL Opening Drive not detected (reason=insufficient candles)
[PATTERN] AAPL Opening Fakeout not detected (reason=not regular session)
[PATTERN] AAPL Consolidation Breakout not detected (reason=insufficient candles)
[PATTERN] AAPL Flat Top Breakout not detected (reason=insufficient candles)
[PATTERN] AAPL Ascending Triangle Breakout not detected (reason=insufficient candles)
[PATTERN] AAPL Pennant Break not detected (reason=insufficient candles)
[PATTERN] AAPL Range / Rectangle Breakout not detected (reason=insufficient candles)
[PATTERN] AAPL High of Day Break not detected (reason=insufficient candles)
[PATTERN] AAPL EMA Pullback not detected (reason=insufficient candles)
[PATTERN] AAPL VWAP Pullback not detected (reason=insufficient candles)
[PATTERN] AAPL Three-Bar Pullback not detected (reason=insufficient candles)
[PATTERN] AAPL Trend Continuation (Stair-Step) not detected (reason=insufficient candles)
[PATTERN] AAPL Second Pullback not detected (reason=insufficient candles)
[PATTERN] AAPL Failed ORB Fakeout not detected (reason=not regular session)
[PATTERN] AAPL Engulfing not detected (reason=placeholder_family_not_enabled)
[PATTERN] AAPL Long Upper Wick not detected (reason=placeholder_family_not_enabled)
[PATTERN] AAPL Marubozu not detected (reason=placeholder_family_not_enabled)
[PATTERN] AAPL Three Soldiers / Crows not detected (reason=placeholder_family_not_enabled)
[PATTERN] AAPL Climax Top not detected (reason=placeholder_family_not_enabled)
[PATTERN] AAPL Volume Climax not detected (reason=placeholder_family_not_enabled)
[BOOT] StrategyRunner instantiated with injected strategies: MomentumContinuationStrategy
[STRATEGY] Dispatching 1 strategy(ies)
[STRATEGY] Evaluating strategy 'MomentumContinuationStrategy' with 0 pattern result(s)
[STRATEGY:Momentum] Evaluation start — received 0 pattern(s) for review
[STRATEGY:Momentum] Evaluation complete — generated 0 TradeIntent(s)
[STRATEGY] Strategy 'MomentumContinuationStrategy' returned 0 TradeIntent(s)
[STRATEGY] Aggregated TradeIntents from all strategies: 0 total
[LIVE_READINESS]
broker_connected=True
session_resolved=PRE
scanner_operational=True
scanner_symbols_returned=2
pipeline_operational=True
risk_engine_operational=True
execution_path_operational=True
overall_ready=True
