[CONFIG] Loaded 177 variables
[CONFIG] HARD enforced: 30
[CONFIG] Optional: 146
[CONFIG] Scanner symbol cap: 50 (source=DEFAULT)
[CONFIG] Market data snapshot cap: 50 (source=DEFAULT)
[CONFIG] No ambiguous defaults detected
[BROKER]
provider=IBKR
connection=DRY_RUN
host=127.0.0.1
port=7497
client_id=7
market_data_type=DELAYED

[SCANNER_TEST]
returned_symbols=2

SYMBOLS
SYMBOL PRICE PCT_CHANGE VOLUME
AAPL 175.0 SUCCESS 1500000
TSLA 240.0 SUCCESS 2100000

[SCANNER_TEST_SUMMARY]
symbols_returned=2
scanner_operational=True
