Listing 'src'...
Listing 'src/adapters'...
Listing 'src/adapters/brokers'...
Listing 'src/adapters/brokers/ibkr'...
Compiling 'src/adapters/brokers/ibkr/ibkr_order_submitter.py'...
Compiling 'src/adapters/brokers/ibkr/ibkr_order_translator.py'...
Compiling 'src/adapters/brokers/ibkr/submission_guard.py'...
Listing 'src/broker'...
Compiling 'src/broker/__init__.py'...
Compiling 'src/broker/broker_interface.py'...
Listing 'src/brokers'...
Compiling 'src/brokers/ibkr_live_broker.py'...
Listing 'src/cli'...
Compiling 'src/cli/__init__.py'...
Compiling 'src/cli/submit_one_order.py'...
Listing 'src/config'...
Compiling 'src/config/config_docs.py'...
Compiling 'src/config/config_dump.py'...
Listing 'src/core'...
Listing 'src/core/managers'...
Compiling 'src/core/readiness.py'...
Listing 'src/core_engine'...
Compiling 'src/core_engine/bootstrap.py'...
Compiling 'src/core_engine/doctor.py'...
Compiling 'src/core_engine/orchestrator.py'...
Listing 'src/data'...
Compiling 'src/directory_tree_report.py'...
Listing 'src/docs'...
Listing 'src/domain'...
Listing 'src/domain/models'...
Compiling 'src/domain/models/__init__.py'...
Compiling 'src/domain/models/internal_order.py'...
Listing 'src/e21'...
Compiling 'src/e21/__init__.py'...
Compiling 'src/e21/harness.py'...
Compiling 'src/e21/reporting.py'...
Compiling 'src/e21/scenarios.py'...
Listing 'src/e22'...
Listing 'src/events'...
Compiling 'src/events/event_types.py'...
Listing 'src/execution'...
Compiling 'src/execution/exits.py'...
Compiling 'src/execution/order_router.py'...
Compiling 'src/execution/order_tracker.py'...
Listing 'src/ibkr'...
Listing 'src/integrity'...
Compiling 'src/integrity/__init__.py'...
Compiling 'src/integrity/e23.py'...
Compiling 'src/integrity/e23_platform_integrity_runner.py'...
Listing 'src/learning'...
Compiling 'src/learning/cli.py'...
Compiling 'src/learning/policy_proposal.py'...
Listing 'src/logs'...
Compiling 'src/main.py'...
Listing 'src/market_data'...
Listing 'src/metadata'...
Compiling 'src/metadata/__init__.py'...
Compiling 'src/metadata/m0_canon_helpers.py'...
Compiling 'src/metadata/m0_canon_verifier.py'...
Compiling 'src/metadata/m10_data_provenance_ledger_verifier.py'...
Compiling 'src/metadata/m2_contract_registry.py'...
Compiling 'src/metadata/m2_contract_verifier.py'...
Compiling 'src/metadata/m3_mode_semantics_verifier.py'...
Compiling 'src/metadata/m5_verification_authority_verifier.py'...
Compiling 'src/metadata/m6_data_lifecycle_governance_verifier.py'...
Compiling 'src/metadata/m7_epoch_audit_certifier.py'...
Compiling 'src/metadata/m8_change_control_verifier.py'...
Compiling 'src/metadata/m9_signal_semantics_registry_verifier.py'...
Listing 'src/models'...
Listing 'src/news'...
Compiling 'src/news/news_heat.py'...
Compiling 'src/news/news_normalizer.py'...
Listing 'src/output'...
Listing 'src/output/watchlists'...
Listing 'src/patterns'...
Listing 'src/performance'...
Compiling 'src/performance/performance_registry.py'...
Compiling 'src/performance/storage_reports.py'...
Listing 'src/prep'...
Listing 'src/regime'...
Listing 'src/risk'...
Compiling 'src/risk/risk_audit.py'...
Listing 'src/scanner'...
Compiling 'src/scanner/_selftest.py'...
Compiling 'src/scanner/audit.py'...
Listing 'src/scanner/docs'...
Compiling 'src/scanner/field_mapper.py'...
Compiling 'src/scanner/filters.py'...
Compiling 'src/scanner/news_engine.py'...
Listing 'src/scanner/output'...
Listing 'src/scanner/output/watchlists'...
Compiling 'src/scanner/print_contract_54.py'...
Listing 'src/scanner/providers'...
Compiling 'src/scanner/scanner.py'...
Compiling 'src/scanner/scanner_config.py'...
Compiling 'src/scanner/scanner_live_readonly.py'...
Compiling 'src/scanner/scanner_main.py'...
Compiling 'src/scanner/scanner_master_v2026_01_06_07.py'...
Listing 'src/signals'...
Listing 'src/signals/impl'...
Listing 'src/sim'...
Listing 'src/storage'...
Compiling 'src/storage/db_admin.py'...
Compiling 'src/storage/review_queries.py'...
Compiling 'src/storage/schema_map.py'...
Compiling 'src/storage/trade_store.py'...
Listing 'src/strategies'...
Listing 'src/strategies/common'...
Listing 'src/strategies/common/candles'...
Compiling 'src/strategies/common/candles/contextual_states.py'...
Compiling 'src/strategies/common/candles/functional.py'...
Compiling 'src/strategies/common/foundation_detectors.py'...
Listing 'src/strategies/cross_sectional_relative_strength_rotation'...
Compiling 'src/strategies/cross_sectional_relative_strength_rotation/__init__.py'...
Compiling 'src/strategies/cross_sectional_relative_strength_rotation/strategy_policy.py'...
Listing 'src/strategies/early_entry_momentum'...
Compiling 'src/strategies/early_entry_momentum/__init__.py'...
Compiling 'src/strategies/early_entry_momentum/strategy.py'...
Listing 'src/strategies/event_earnings_reaction'...
Compiling 'src/strategies/event_earnings_reaction/__init__.py'...
Compiling 'src/strategies/event_earnings_reaction/strategy_policy.py'...
Listing 'src/strategies/event_news_shock_continuation'...
Compiling 'src/strategies/event_news_shock_continuation/__init__.py'...
Compiling 'src/strategies/event_news_shock_continuation/strategy_policy.py'...
Listing 'src/strategies/long_horizon_quality_compounder'...
Compiling 'src/strategies/long_horizon_quality_compounder/__init__.py'...
Compiling 'src/strategies/long_horizon_quality_compounder/strategy_policy.py'...
Listing 'src/strategies/long_horizon_value'...
Compiling 'src/strategies/long_horizon_value/cadence.py'...
Compiling 'src/strategies/long_horizon_value/config.py'...
Listing 'src/strategies/long_horizon_value/contracts'...
Compiling 'src/strategies/long_horizon_value/contracts/intents.py'...
Compiling 'src/strategies/long_horizon_value/contracts/types.py'...
Compiling 'src/strategies/long_horizon_value/contracts/watchlist.py'...
Compiling 'src/strategies/long_horizon_value/strategy_policy.py'...
Listing 'src/strategies/long_horizon_value/tests'...
Compiling 'src/strategies/long_horizon_value/tests/test_verify_patch_long_horizon_value.py'...
Listing 'src/strategies/mean_reversion'...
Compiling 'src/strategies/mean_reversion/entry_models.py'...
Compiling 'src/strategies/mean_reversion/exhaustion_models.py'...
Compiling 'src/strategies/mean_reversion/exit_models.py'...
Listing 'src/strategies/mean_reversion/governance'...
Compiling 'src/strategies/mean_reversion/indicators_contract.py'...
Compiling 'src/strategies/mean_reversion/mean_models.py'...
Compiling 'src/strategies/mean_reversion/overextension_models.py'...
Compiling 'src/strategies/mean_reversion/parameters.py'...
Compiling 'src/strategies/mean_reversion/regime_permissions.py'...
Compiling 'src/strategies/mean_reversion/state.py'...
Compiling 'src/strategies/mean_reversion/telemetry.py'...
Listing 'src/strategies/mean_reversion/tests'...
Compiling 'src/strategies/mean_reversion/tests/__init__.py'...
Compiling 'src/strategies/mean_reversion/tests/test_adapter_mapping.py'...
Compiling 'src/strategies/mean_reversion/tests/test_entry_models.py'...
Compiling 'src/strategies/mean_reversion/tests/test_exhaustion.py'...
Compiling 'src/strategies/mean_reversion/tests/test_exit_models.py'...
Compiling 'src/strategies/mean_reversion/tests/test_mean_models.py'...
Compiling 'src/strategies/mean_reversion/tests/test_overextension.py'...
Compiling 'src/strategies/mean_reversion/tests/test_policy_contract.py'...
Compiling 'src/strategies/mean_reversion/tests/test_verify_patch_determinism.py'...
Listing 'src/strategies/opening_drive'...
Compiling 'src/strategies/opening_drive/__init__.py'...
Compiling 'src/strategies/opening_drive/strategy_policy.py'...
Listing 'src/strategies/pairs_divergence_reversion'...
Compiling 'src/strategies/pairs_divergence_reversion/__init__.py'...
Compiling 'src/strategies/pairs_divergence_reversion/strategy_policy.py'...
Listing 'src/strategies/power_hour'...
Compiling 'src/strategies/power_hour/__init__.py'...
Compiling 'src/strategies/power_hour/strategy_policy.py'...
Listing 'src/strategies/range_bound_fade'...
Compiling 'src/strategies/range_bound_fade/__init__.py'...
Compiling 'src/strategies/range_bound_fade/strategy_policy.py'...
Listing 'src/strategies/regime_adaptive_meta_allocator'...
Compiling 'src/strategies/regime_adaptive_meta_allocator/__init__.py'...
Compiling 'src/strategies/regime_adaptive_meta_allocator/strategy_policy.py'...
Listing 'src/strategies/ross_momentum'...
Listing 'src/strategies/ross_momentum/patterns'...
Listing 'src/strategies/ross_momentum/reports'...
Listing 'src/strategies/ross_momentum/tests'...
Compiling 'src/strategies/ross_momentum/tests/test_verify_patch_contract.py'...
Listing 'src/strategies/statistical_intraday_momentum'...
Compiling 'src/strategies/statistical_intraday_momentum/risk_policy.py'...
Listing 'src/strategies/statistical_intraday_momentum/signal_engine'...
Compiling 'src/strategies/statistical_intraday_momentum/signal_engine/__init__.py'...
Compiling 'src/strategies/statistical_intraday_momentum/signal_engine/features.py'...
Compiling 'src/strategies/statistical_intraday_momentum/signal_engine/regime.py'...
Compiling 'src/strategies/statistical_intraday_momentum/signal_engine/scoring.py'...
Compiling 'src/strategies/statistical_intraday_momentum/signal_engine/signal_decision.py'...
Compiling 'src/strategies/statistical_intraday_momentum/telemetry.py'...
Listing 'src/strategies/statistical_intraday_momentum/tests'...
Compiling 'src/strategies/statistical_intraday_momentum/tests/test_verify_patch_enablement.py'...
Listing 'src/strategies/support_resistance_channel'...
Compiling 'src/strategies/support_resistance_channel/__init__.py'...
Compiling 'src/strategies/support_resistance_channel/strategy_policy.py'...
Listing 'src/strategies/time_based_seasonality'...
Compiling 'src/strategies/time_based_seasonality/__init__.py'...
Compiling 'src/strategies/time_based_seasonality/strategy_policy.py'...
Listing 'src/strategies/trend_following_classic'...
Compiling 'src/strategies/trend_following_classic/__init__.py'...
Compiling 'src/strategies/trend_following_classic/strategy_policy.py'...
Listing 'src/strategies/volatility_carry_risk_premium'...
Compiling 'src/strategies/volatility_carry_risk_premium/__init__.py'...
Compiling 'src/strategies/volatility_carry_risk_premium/strategy_policy.py'...
Listing 'src/strategies/volatility_contraction_breakout'...
Compiling 'src/strategies/volatility_contraction_breakout/__init__.py'...
Compiling 'src/strategies/volatility_contraction_breakout/strategy_policy.py'...
Listing 'src/strategies/volatility_expansion'...
Compiling 'src/strategies/volatility_expansion/__init__.py'...
Compiling 'src/strategies/volatility_expansion/strategy_policy.py'...
Listing 'src/strategies/vwap_reclaim'...
Compiling 'src/strategies/vwap_reclaim/__init__.py'...
Compiling 'src/strategies/vwap_reclaim/strategy_policy.py'...
Listing 'src/strategy'...
Compiling 'src/strategy/ross_momentum_strategy_v1.py'...
Compiling 'src/strategy/signal_adapter.py'...
Listing 'src/strategy_portfolio'...
Listing 'src/strategy_portfolio/adapters'...
Compiling 'src/strategy_portfolio/allocation.py'...
Compiling 'src/strategy_portfolio/arbitration.py'...
Compiling 'src/strategy_portfolio/normaliser.py'...
Listing 'src/tests'...
Compiling 'src/tests/__init__.py'...
Compiling 'src/tests/test_exit_precedence.py'...
Listing 'src/tools'...
Compiling 'src/tools/__init__.py'...
Compiling 'src/tools/certification_programme_runner.py'...
Compiling 'src/tools/regime_dump.py'...
Compiling 'src/tools/storage_cli.py'...
Listing 'src/utils'...
Compiling 'src/utils/logging.py'...
Compiling 'src/utils/validation.py'...
Listing 'tools'...
Compiling 'tools/strategy_smoke_harness.py'...
