Listing 'src'...
Compiling 'src/__init__.py'...
Listing 'src/adapters'...
Compiling 'src/adapters/__init__.py'...
Listing 'src/adapters/brokers'...
Compiling 'src/adapters/brokers/__init__.py'...
Listing 'src/adapters/brokers/ibkr'...
Compiling 'src/adapters/brokers/ibkr/__init__.py'...
Compiling 'src/adapters/brokers/ibkr/ibkr_client.py'...
Compiling 'src/adapters/brokers/ibkr/ibkr_order_submitter.py'...
Compiling 'src/adapters/brokers/ibkr/ibkr_order_translator.py'...
Compiling 'src/adapters/brokers/ibkr/submission_guard.py'...
Listing 'src/broker'...
Compiling 'src/broker/__init__.py'...
Compiling 'src/broker/broker_interface.py'...
Listing 'src/brokers'...
Compiling 'src/brokers/__init__.py'...
Compiling 'src/brokers/base_broker.py'...
Compiling 'src/brokers/ibkr_broker.py'...
Compiling 'src/brokers/ibkr_live_broker.py'...
Compiling 'src/brokers/sim_broker.py'...
Listing 'src/cli'...
Compiling 'src/cli/__init__.py'...
Compiling 'src/cli/submit_one_order.py'...
Listing 'src/config'...
Compiling 'src/config/config_docs.py'...
Compiling 'src/config/config_dump.py'...
Compiling 'src/config/config_registry.py'...
Compiling 'src/config/config_resolver.py'...
Compiling 'src/config/risk_profiles.py'...
Compiling 'src/config/runtime_config.py'...
Compiling 'src/config/system_config.py'...
Compiling 'src/config/trading_config.py'...
Listing 'src/core'...
Compiling 'src/core/__init__.py'...
Compiling 'src/core/active_trade_registry.py'...
Compiling 'src/core/event_collector.py'...
Compiling 'src/core/events.py'...
Compiling 'src/core/faults.py'...
Compiling 'src/core/intent.py'...
Listing 'src/core/managers'...
Compiling 'src/core/managers/__init__.py'...
Compiling 'src/core/managers/connection_manager.py'...
Compiling 'src/core/managers/market_data_snapshot_manager.py'...
Compiling 'src/core/managers/runtime_mode_manager.py'...
Compiling 'src/core/managers/scanner_diagnostics_manager.py'...
Compiling 'src/core/orchestrator.py'...
Compiling 'src/core/performance_registry.py'...
Compiling 'src/core/position_lifecycle_engine.py'...
Compiling 'src/core/readiness.py'...
Compiling 'src/core/replay_engine.py'...
Compiling 'src/core/run_event_timeline.py'...
Compiling 'src/core/stop_controller.py'...
Compiling 'src/core/trace_bus.py'...
Compiling 'src/core/trade_outcome_factory.py'...
Listing 'src/core_engine'...
Compiling 'src/core_engine/__init__.py'...
Compiling 'src/core_engine/bootstrap.py'...
Compiling 'src/core_engine/doctor.py'...
Compiling 'src/core_engine/events.py'...
Compiling 'src/core_engine/health.py'...
Compiling 'src/core_engine/orchestrator.py'...
Compiling 'src/core_engine/state.py'...
Listing 'src/data'...
Compiling 'src/directory_tree_report.py'...
Listing 'src/docs'...
Listing 'src/domain'...
Compiling 'src/domain/__init__.py'...
Compiling 'src/domain/market_snapshot.py'...
Listing 'src/domain/models'...
Compiling 'src/domain/models/__init__.py'...
Compiling 'src/domain/models/internal_order.py'...
Compiling 'src/domain/performance_snapshot.py'...
Compiling 'src/domain/trade_outcome.py'...
Listing 'src/e21'...
Compiling 'src/e21/__init__.py'...
Compiling 'src/e21/harness.py'...
Compiling 'src/e21/reporting.py'...
Compiling 'src/e21/scenarios.py'...
Listing 'src/e22'...
Compiling 'src/e22/__init__.py'...
Compiling 'src/e22/strategy_scalability_and_arbitration.py'...
Listing 'src/events'...
Compiling 'src/events/__init__.py'...
Compiling 'src/events/event_invariants.py'...
Compiling 'src/events/event_schema.py'...
Compiling 'src/events/event_types.py'...
Listing 'src/execution'...
Compiling 'src/execution/__init__.py'...
Compiling 'src/execution/commission_model.py'...
Compiling 'src/execution/execution_engine.py'...
Compiling 'src/execution/execution_providers.py'...
Compiling 'src/execution/exit_plan.py'...
Compiling 'src/execution/exits.py'...
Compiling 'src/execution/liquidity_engine.py'...
Compiling 'src/execution/liquidity_model.py'...
Compiling 'src/execution/order_gateway.py'...
Compiling 'src/execution/order_models.py'...
Compiling 'src/execution/order_router.py'...
Compiling 'src/execution/order_tracker.py'...
Compiling 'src/execution/slippage_model.py'...
Compiling 'src/execution/trade_exit_engine.py'...
Listing 'src/ibkr'...
Compiling 'src/ibkr/__init__.py'...
Compiling 'src/ibkr/market_data_client.py'...
Compiling 'src/ibkr/read_only_guard.py'...
Listing 'src/integrity'...
Compiling 'src/integrity/__init__.py'...
Compiling 'src/integrity/e23.py'...
Compiling 'src/integrity/e23_platform_integrity_runner.py'...
Listing 'src/learning'...
Compiling 'src/learning/__init__.py'...
Compiling 'src/learning/cli.py'...
Compiling 'src/learning/models.py'...
Compiling 'src/learning/policy_proposal.py'...
Compiling 'src/learning/reporting.py'...
Compiling 'src/learning/scheduler.py'...
Compiling 'src/learning/storage.py'...
Listing 'src/logs'...
Compiling 'src/main.py'...
Listing 'src/market_data'...
Compiling 'src/market_data/__init__.py'...
Compiling 'src/market_data/market_data_hub.py'...
Compiling 'src/market_data/market_data_price_feed.py'...
Listing 'src/metadata'...
Compiling 'src/metadata/__init__.py'...
Compiling 'src/metadata/m0_canon_helpers.py'...
Compiling 'src/metadata/m0_canon_verifier.py'...
Compiling 'src/metadata/m10_data_provenance_ledger_verifier.py'...
Compiling 'src/metadata/m2_contract_registry.py'...
Compiling 'src/metadata/m2_contract_verifier.py'...
Compiling 'src/metadata/m3_mode_semantics_verifier.py'...
Compiling 'src/metadata/m5_verification_authority_verifier.py'...
Compiling 'src/metadata/m6_data_lifecycle_governance_verifier.py'...
Compiling 'src/metadata/m7_epoch_audit_certifier.py'...
Compiling 'src/metadata/m8_change_control_verifier.py'...
Compiling 'src/metadata/m9_signal_semantics_registry_verifier.py'...
Listing 'src/models'...
Compiling 'src/models/data_models.py'...
Compiling 'src/models/execution_result.py'...
Compiling 'src/models/risk_decision.py'...
Listing 'src/news'...
Compiling 'src/news/__init__.py'...
Compiling 'src/news/news_fetcher.py'...
Compiling 'src/news/news_heat.py'...
Compiling 'src/news/news_normalizer.py'...
Compiling 'src/news/rss_registry.py'...
Compiling 'src/news/verified_sources.py'...
Listing 'src/output'...
Listing 'src/output/watchlists'...
Listing 'src/patterns'...
Compiling 'src/patterns/__init__.py'...
Compiling 'src/patterns/pattern_engine.py'...
Listing 'src/performance'...
Compiling 'src/performance/performance_registry.py'...
Compiling 'src/performance/storage_reports.py'...
Compiling 'src/performance/strategy_performance.py'...
Listing 'src/prep'...
Compiling 'src/prep/premarket_prep.py'...
Listing 'src/regime'...
Compiling 'src/regime/__init__.py'...
Compiling 'src/regime/baselines.py'...
Compiling 'src/regime/classifier.py'...
Compiling 'src/regime/contracts.py'...
Compiling 'src/regime/layer.py'...
Compiling 'src/regime/observers.py'...
Compiling 'src/regime/policy.py'...
Listing 'src/risk'...
Compiling 'src/risk/__init__.py'...
Compiling 'src/risk/no_trade_contexts.py'...
Compiling 'src/risk/risk_audit.py'...
Compiling 'src/risk/risk_engine.py'...
Listing 'src/scanner'...
Compiling 'src/scanner/__init__.py'...
Compiling 'src/scanner/_selftest.py'...
Compiling 'src/scanner/audit.py'...
Compiling 'src/scanner/contracts.py'...
Listing 'src/scanner/docs'...
Compiling 'src/scanner/field_mapper.py'...
Compiling 'src/scanner/filters.py'...
Compiling 'src/scanner/news_engine.py'...
Listing 'src/scanner/output'...
Listing 'src/scanner/output/watchlists'...
Compiling 'src/scanner/phase24_views.py'...
Compiling 'src/scanner/print_contract.py'...
Compiling 'src/scanner/print_contract_54.py'...
Listing 'src/scanner/providers'...
Compiling 'src/scanner/providers/__init__.py'...
Compiling 'src/scanner/providers/base.py'...
Compiling 'src/scanner/providers/factory.py'...
Compiling 'src/scanner/providers/ibkr_provider.py'...
Compiling 'src/scanner/providers/mock_provider.py'...
Compiling 'src/scanner/ranking_registry.py'...
Compiling 'src/scanner/result_models.py'...
Compiling 'src/scanner/scanner.py'...
Compiling 'src/scanner/scanner_config.py'...
Compiling 'src/scanner/scanner_contract.py'...
Compiling 'src/scanner/scanner_live_readonly.py'...
Compiling 'src/scanner/scanner_main.py'...
Compiling 'src/scanner/scanner_master_v2026_01_06_07.py'...
Compiling 'src/scanner/scanner_runner.py'...
Compiling 'src/scanner/session_pct_change.py'...
Listing 'src/signals'...
Compiling 'src/signals/__init__.py'...
Compiling 'src/signals/base.py'...
Compiling 'src/signals/engine.py'...
Listing 'src/signals/impl'...
Compiling 'src/signals/impl/__init__.py'...
Compiling 'src/signals/impl/bull_flag.py'...
Compiling 'src/signals/impl/hod_break.py'...
Compiling 'src/signals/impl/micro_pullback.py'...
Compiling 'src/signals/impl/orb_1m.py'...
Compiling 'src/signals/impl/premarket_high_break.py'...
Compiling 'src/signals/registry.py'...
Compiling 'src/signals/signal_engine.py'...
Compiling 'src/signals/signal_engine_v1.py'...
Compiling 'src/signals/signal_event.py'...
Compiling 'src/signals/signal_to_intent_adapter.py'...
Compiling 'src/signals/signal_types.py'...
Compiling 'src/signals/types.py'...
Listing 'src/sim'...
Compiling 'src/sim/clock.py'...
Compiling 'src/sim/price_feed.py'...
Listing 'src/storage'...
Compiling 'src/storage/__init__.py'...
Compiling 'src/storage/db_admin.py'...
Compiling 'src/storage/review_queries.py'...
Compiling 'src/storage/schema_map.py'...
Compiling 'src/storage/serialization.py'...
Compiling 'src/storage/sqlite_store.py'...
Compiling 'src/storage/storage_engine.py'...
Compiling 'src/storage/trade_store.py'...
Listing 'src/strategies'...
Compiling 'src/strategies/__init__.py'...
Listing 'src/strategies/common'...
Compiling 'src/strategies/common/__init__.py'...
Listing 'src/strategies/common/candles'...
Compiling 'src/strategies/common/candles/__init__.py'...
Compiling 'src/strategies/common/candles/candle_evidence.py'...
Compiling 'src/strategies/common/candles/candle_types.py'...
Compiling 'src/strategies/common/candles/contextual_states.py'...
Compiling 'src/strategies/common/candles/functional.py'...
Compiling 'src/strategies/common/candles/multi_candle.py'...
Compiling 'src/strategies/common/candles/single_candle.py'...
Compiling 'src/strategies/common/foundation.py'...
Compiling 'src/strategies/common/foundation_detectors.py'...
Listing 'src/strategies/cross_sectional_relative_strength_rotation'...
Compiling 'src/strategies/cross_sectional_relative_strength_rotation/__init__.py'...
Compiling 'src/strategies/cross_sectional_relative_strength_rotation/strategy_policy.py'...
Listing 'src/strategies/early_entry_momentum'...
Compiling 'src/strategies/early_entry_momentum/__init__.py'...
Compiling 'src/strategies/early_entry_momentum/strategy.py'...
Listing 'src/strategies/event_earnings_reaction'...
Compiling 'src/strategies/event_earnings_reaction/__init__.py'...
Compiling 'src/strategies/event_earnings_reaction/strategy.py'...
Compiling 'src/strategies/event_earnings_reaction/strategy_policy.py'...
Listing 'src/strategies/event_earnings_reaction/tests'...
Compiling 'src/strategies/event_earnings_reaction/tests/__init__.py'...
Compiling 'src/strategies/event_earnings_reaction/tests/test_strategy.py'...
Listing 'src/strategies/event_news_shock_continuation'...
Compiling 'src/strategies/event_news_shock_continuation/__init__.py'...
Compiling 'src/strategies/event_news_shock_continuation/strategy.py'...
Compiling 'src/strategies/event_news_shock_continuation/strategy_policy.py'...
Listing 'src/strategies/event_news_shock_continuation/tests'...
Compiling 'src/strategies/event_news_shock_continuation/tests/__init__.py'...
Compiling 'src/strategies/event_news_shock_continuation/tests/test_strategy.py'...
Listing 'src/strategies/long_horizon_quality_compounder'...
Compiling 'src/strategies/long_horizon_quality_compounder/__init__.py'...
Compiling 'src/strategies/long_horizon_quality_compounder/strategy_policy.py'...
Listing 'src/strategies/long_horizon_value'...
Compiling 'src/strategies/long_horizon_value/cadence.py'...
Compiling 'src/strategies/long_horizon_value/config.py'...
Listing 'src/strategies/long_horizon_value/contracts'...
Compiling 'src/strategies/long_horizon_value/contracts/intents.py'...
Compiling 'src/strategies/long_horizon_value/contracts/types.py'...
Compiling 'src/strategies/long_horizon_value/contracts/watchlist.py'...
Compiling 'src/strategies/long_horizon_value/runner.py'...
Compiling 'src/strategies/long_horizon_value/strategy.py'...
Compiling 'src/strategies/long_horizon_value/strategy_policy.py'...
Listing 'src/strategies/long_horizon_value/tests'...
Compiling 'src/strategies/long_horizon_value/tests/test_verify_patch_long_horizon_value.py'...
Listing 'src/strategies/mean_reversion'...
Compiling 'src/strategies/mean_reversion/__init__.py'...
Compiling 'src/strategies/mean_reversion/adapters.py'...
Compiling 'src/strategies/mean_reversion/entry_models.py'...
Compiling 'src/strategies/mean_reversion/exhaustion_models.py'...
Compiling 'src/strategies/mean_reversion/exit_models.py'...
Listing 'src/strategies/mean_reversion/governance'...
Compiling 'src/strategies/mean_reversion/indicators_contract.py'...
Compiling 'src/strategies/mean_reversion/mean_models.py'...
Compiling 'src/strategies/mean_reversion/mean_reversion_strategy_policy.py'...
Compiling 'src/strategies/mean_reversion/overextension_models.py'...
Compiling 'src/strategies/mean_reversion/parameters.py'...
Compiling 'src/strategies/mean_reversion/regime_permissions.py'...
Compiling 'src/strategies/mean_reversion/registry_adapter.py'...
Compiling 'src/strategies/mean_reversion/scanner_policy.py'...
Compiling 'src/strategies/mean_reversion/state.py'...
Compiling 'src/strategies/mean_reversion/strategy.py'...
Compiling 'src/strategies/mean_reversion/telemetry.py'...
Listing 'src/strategies/mean_reversion/tests'...
Compiling 'src/strategies/mean_reversion/tests/__init__.py'...
Compiling 'src/strategies/mean_reversion/tests/test_adapter_mapping.py'...
Compiling 'src/strategies/mean_reversion/tests/test_entry_models.py'...
Compiling 'src/strategies/mean_reversion/tests/test_exhaustion.py'...
Compiling 'src/strategies/mean_reversion/tests/test_exit_models.py'...
Compiling 'src/strategies/mean_reversion/tests/test_mean_models.py'...
Compiling 'src/strategies/mean_reversion/tests/test_overextension.py'...
Compiling 'src/strategies/mean_reversion/tests/test_policy_contract.py'...
Compiling 'src/strategies/mean_reversion/tests/test_verify_patch_determinism.py'...
Listing 'src/strategies/opening_drive'...
Compiling 'src/strategies/opening_drive/__init__.py'...
Compiling 'src/strategies/opening_drive/strategy_policy.py'...
Listing 'src/strategies/pairs_divergence_reversion'...
Compiling 'src/strategies/pairs_divergence_reversion/__init__.py'...
Compiling 'src/strategies/pairs_divergence_reversion/strategy.py'...
Compiling 'src/strategies/pairs_divergence_reversion/strategy_policy.py'...
Listing 'src/strategies/pairs_divergence_reversion/tests'...
Compiling 'src/strategies/pairs_divergence_reversion/tests/__init__.py'...
Compiling 'src/strategies/pairs_divergence_reversion/tests/test_strategy.py'...
Listing 'src/strategies/power_hour'...
Compiling 'src/strategies/power_hour/__init__.py'...
Compiling 'src/strategies/power_hour/strategy_policy.py'...
Listing 'src/strategies/range_bound_fade'...
Compiling 'src/strategies/range_bound_fade/__init__.py'...
Compiling 'src/strategies/range_bound_fade/strategy_policy.py'...
Listing 'src/strategies/regime_adaptive_meta_allocator'...
Compiling 'src/strategies/regime_adaptive_meta_allocator/__init__.py'...
Compiling 'src/strategies/regime_adaptive_meta_allocator/strategy_policy.py'...
Listing 'src/strategies/ross_momentum'...
Compiling 'src/strategies/ross_momentum/__init__.py'...
Compiling 'src/strategies/ross_momentum/decision_policy.py'...
Listing 'src/strategies/ross_momentum/patterns'...
Compiling 'src/strategies/ross_momentum/patterns/__init__.py'...
Compiling 'src/strategies/ross_momentum/patterns/breakout_patterns.py'...
Compiling 'src/strategies/ross_momentum/patterns/momentum_patterns.py'...
Compiling 'src/strategies/ross_momentum/patterns/pattern_base.py'...
Compiling 'src/strategies/ross_momentum/patterns/pattern_evaluator.py'...
Compiling 'src/strategies/ross_momentum/patterns/pattern_inputs.py'...
Compiling 'src/strategies/ross_momentum/patterns/pattern_registry.py'...
Compiling 'src/strategies/ross_momentum/patterns/pattern_types.py'...
Compiling 'src/strategies/ross_momentum/patterns/reversal_patterns.py'...
Listing 'src/strategies/ross_momentum/reports'...
Compiling 'src/strategies/ross_momentum/ross_momentum_risk_overlay.py'...
Compiling 'src/strategies/ross_momentum/strategy.py'...
Compiling 'src/strategies/ross_momentum/strategy_context_schema.py'...
Compiling 'src/strategies/ross_momentum/strategy_policy.py'...
Listing 'src/strategies/ross_momentum/tests'...
Compiling 'src/strategies/ross_momentum/tests/test_verify_patch_contract.py'...
Compiling 'src/strategies/ross_momentum_strategy_v1.py'...
Listing 'src/strategies/statistical_intraday_momentum'...
Compiling 'src/strategies/statistical_intraday_momentum/__init__.py'...
Compiling 'src/strategies/statistical_intraday_momentum/risk_policy.py'...
Listing 'src/strategies/statistical_intraday_momentum/signal_engine'...
Compiling 'src/strategies/statistical_intraday_momentum/signal_engine/__init__.py'...
Compiling 'src/strategies/statistical_intraday_momentum/signal_engine/features.py'...
Compiling 'src/strategies/statistical_intraday_momentum/signal_engine/regime.py'...
Compiling 'src/strategies/statistical_intraday_momentum/signal_engine/scoring.py'...
Compiling 'src/strategies/statistical_intraday_momentum/signal_engine/signal_decision.py'...
Compiling 'src/strategies/statistical_intraday_momentum/strategy.py'...
Compiling 'src/strategies/statistical_intraday_momentum/strategy_policy.py'...
Compiling 'src/strategies/statistical_intraday_momentum/telemetry.py'...
Listing 'src/strategies/statistical_intraday_momentum/tests'...
Compiling 'src/strategies/statistical_intraday_momentum/tests/test_verify_patch_enablement.py'...
Compiling 'src/strategies/strategy_base.py'...
Compiling 'src/strategies/strategy_contracts.py'...
Compiling 'src/strategies/strategy_registry.py'...
Listing 'src/strategies/support_resistance_channel'...
Compiling 'src/strategies/support_resistance_channel/__init__.py'...
Compiling 'src/strategies/support_resistance_channel/strategy_policy.py'...
Listing 'src/strategies/time_based_seasonality'...
Compiling 'src/strategies/time_based_seasonality/__init__.py'...
Compiling 'src/strategies/time_based_seasonality/strategy_policy.py'...
Listing 'src/strategies/trend_following_classic'...
Compiling 'src/strategies/trend_following_classic/__init__.py'...
Compiling 'src/strategies/trend_following_classic/strategy_policy.py'...
Listing 'src/strategies/volatility_carry_risk_premium'...
Compiling 'src/strategies/volatility_carry_risk_premium/__init__.py'...
Compiling 'src/strategies/volatility_carry_risk_premium/strategy.py'...
Compiling 'src/strategies/volatility_carry_risk_premium/strategy_policy.py'...
Listing 'src/strategies/volatility_carry_risk_premium/tests'...
Compiling 'src/strategies/volatility_carry_risk_premium/tests/__init__.py'...
Compiling 'src/strategies/volatility_carry_risk_premium/tests/test_strategy.py'...
Listing 'src/strategies/volatility_contraction_breakout'...
Compiling 'src/strategies/volatility_contraction_breakout/__init__.py'...
Compiling 'src/strategies/volatility_contraction_breakout/strategy.py'...
Compiling 'src/strategies/volatility_contraction_breakout/strategy_policy.py'...
Listing 'src/strategies/volatility_contraction_breakout/tests'...
Compiling 'src/strategies/volatility_contraction_breakout/tests/__init__.py'...
Compiling 'src/strategies/volatility_contraction_breakout/tests/test_strategy.py'...
Listing 'src/strategies/volatility_expansion'...
Compiling 'src/strategies/volatility_expansion/__init__.py'...
Compiling 'src/strategies/volatility_expansion/strategy_policy.py'...
Listing 'src/strategies/vwap_reclaim'...
Compiling 'src/strategies/vwap_reclaim/__init__.py'...
Compiling 'src/strategies/vwap_reclaim/strategy_policy.py'...
Listing 'src/strategy'...
Compiling 'src/strategy/__init__.py'...
Compiling 'src/strategy/base_strategy.py'...
Compiling 'src/strategy/exit_signal.py'...
Compiling 'src/strategy/gap_and_go_strategy.py'...
Compiling 'src/strategy/momentum_continuation_strategy.py'...
Compiling 'src/strategy/ross_momentum_strategy_v1.py'...
Compiling 'src/strategy/signal_adapter.py'...
Compiling 'src/strategy/strategy_runner.py'...
Listing 'src/strategy_portfolio'...
Compiling 'src/strategy_portfolio/__init__.py'...
Listing 'src/strategy_portfolio/adapters'...
Compiling 'src/strategy_portfolio/adapters/__init__.py'...
Compiling 'src/strategy_portfolio/adapters/ross_momentum_adapter.py'...
Compiling 'src/strategy_portfolio/allocation.py'...
Compiling 'src/strategy_portfolio/arbitration.py'...
Compiling 'src/strategy_portfolio/contracts.py'...
Compiling 'src/strategy_portfolio/normaliser.py'...
Compiling 'src/strategy_portfolio/reason_codes.py'...
Compiling 'src/strategy_portfolio/registry.py'...
Listing 'src/tests'...
Compiling 'src/tests/__init__.py'...
Compiling 'src/tests/test_exit_precedence.py'...
Listing 'src/tools'...
Compiling 'src/tools/__init__.py'...
Compiling 'src/tools/certification_programme_runner.py'...
Compiling 'src/tools/regime_dump.py'...
Compiling 'src/tools/storage_cli.py'...
Listing 'src/utils'...
Compiling 'src/utils/__init__.py'...
Compiling 'src/utils/logging.py'...
Compiling 'src/utils/price_math.py'...
Compiling 'src/utils/teacher_logs.py'...
Compiling 'src/utils/time_utils.py'...
Compiling 'src/utils/validation.py'...
